ARM Linker, 4.1 [Build 561] [Standard]

==============================================================================

Section Cross References

    main.o(.text) refers to cuart2.o(.text) for CUart2::Baud(unsigned)
    main.o(.text) refers to main.o(i._ZN4mbed6Ticker6attachEPFvvEf) for mbed::Ticker::attach(void(*)(), float)
    main.o(.text) refers to cuart1.o(.text) for CUart1::Baud(unsigned)
    main.o(.text) refers to cuart0.o(.text) for CUart0::Baud(unsigned)
    main.o(.text) refers to cgps.o(.text) for CGps::Enable()
    main.o(.text) refers to Ticker.LPC1768.o(i._ZN4mbed6Ticker5setupEj) for mbed::Ticker::setup(unsigned)
    main.o(.text) refers to csrf05.o(.text) for CSonar::Enable()
    main.o(.text) refers to c2y0a700.o(.text) for C2y0a700::Enable()
    main.o(.text) refers to cspeed.o(.text) for CSpeed::Enable()
    main.o(.text) refers to cdcompass.o(.text) for CDigitalCompass::Config()
    main.o(.text) refers to wait_api.LPC1768.o(i.wait) for wait
    main.o(.text) refers to DigitalOut.LPC1768.o(i._ZN4mbed10DigitalOutC1E7PinNamePKc) for mbed::DigitalOut::DigitalOut(PinName, const char*)
    main.o(.text) refers to aeabi_atexit.o(i.__aeabi_atexit) for __aeabi_atexit
    main.o(.text) refers to main.o(i._ZN4mbed6TickerC1Ev) for mbed::Ticker::Ticker()
    main.o(.text) refers to cservo.o(.text) for CServo::CServo(PinName)
    main.o(.text) refers to main.o(.bss) for .bss
    main.o(.text) refers to pccomm.o(.text) for BuildPcPacket
    main.o(.text) refers to main.o(.constdata) for .constdata
    main.o(.text) refers to main.o(t._ZN4mbed15FunctionPointer12membercallerI4CGpsEEvPvPc) for mbed::FunctionPointer::membercaller<CGps>(void*, char*)
    main.o(.text) refers to DigitalOut.LPC1768.o(i._ZN4mbed10DigitalOutD1Ev) for mbed::DigitalOut::~DigitalOut()
    main.o(.text) refers to Ticker.LPC1768.o(i._ZN4mbed6TickerD1Ev) for mbed::Ticker::~Ticker()
    main.o(.text) refers to main.o(i._ZN6CServoD1Ev) for CServo::~CServo()
    main.o(.text) refers to main.o(i._ZN6CSonarD1Ev) for CSonar::~CSonar()
    main.o(.text) refers to main.o(i._ZN8C2y0a700D1Ev) for C2y0a700::~C2y0a700()
    main.o(.text) refers to main.o(i._ZN6CSpeedD1Ev) for CSpeed::~CSpeed()
    main.o(.text) refers to main.o(i._ZN15CDigitalCompassD1Ev) for CDigitalCompass::~CDigitalCompass()
    main.o(.ARM.exidx) refers to main.o(.text) for .text
    main.o(.constdata) refers to cgps.o(.text) for CGps::BuildPacket()
    main.o(.init_array) refers to main.o(.text) for __sti___8_main_cpp
    main.o(.init_array) refers to init_aeabi.o(.text) for __cpp_initialize__aeabi_
    pccomm.o(.text) refers to _printf_percent.o(.ARM.Collect$$_printf_percent$$00000000) for _printf_percent
    pccomm.o(.text) refers to _printf_d.o(.ARM.Collect$$_printf_percent$$00000009) for _printf_d
    pccomm.o(.text) refers to _printf_dec.o(.text) for _printf_int_dec
    pccomm.o(.text) refers to _printf_s.o(.ARM.Collect$$_printf_percent$$00000014) for _printf_s
    pccomm.o(.text) refers to _printf_str.o(.text) for _printf_str
    pccomm.o(.text) refers to memcmp.o(.text) for memcmp
    pccomm.o(.text) refers to strtok.o(.text) for strtok
    pccomm.o(.text) refers to cuart2.o(.text) for CUart2::Write(char*)
    pccomm.o(.text) refers to cuart0.o(.text) for CUart0::Write(char*)
    pccomm.o(.text) refers to strlen.o(.text) for strlen
    pccomm.o(.text) refers to rt_memclr.o(.text) for __aeabi_memclr
    pccomm.o(.text) refers to rt_memclr_w.o(.text) for __aeabi_memclr4
    pccomm.o(.text) refers to csrf05.o(.text) for CSonar::GetDistanceIn()
    pccomm.o(.text) refers to __2sprintf.o(.text) for __2sprintf
    pccomm.o(.text) refers to c2y0a700.o(.text) for C2y0a700::GetDistance()
    pccomm.o(.text) refers to cservo.o(.text) for CServo::GetPos()
    pccomm.o(.text) refers to cspeed.o(.text) for CSpeed::GetMph()
    pccomm.o(.text) refers to cdcompass.o(.text) for CDigitalCompass::GetX()
    pccomm.o(.text) refers to main.o(.bss) for Xbee
    pccomm.o(.text) refers to pccomm.o(.bss) for .bss
    pccomm.o(.text) refers to pccomm.o(.data) for .data
    pccomm.o(.ARM.exidx) refers to pccomm.o(.text) for .text
    cmsis_nvic.o(i.NVIC_SetVector) refers to cmsis_nvic.o(.ARM.__AT_0x10000000) for .ARM.__AT_0x10000000
    startup_LPC17xx.o(RESET) refers to startup_LPC17xx.o(.text) for Reset_Handler
    startup_LPC17xx.o(.text) refers to system_LPC17xx.o(i.SystemInit) for SystemInit
    startup_LPC17xx.o(.text) refers to __main.o(!!!main) for __main
    system_LPC17xx.o(i.SystemCoreClockUpdate) refers to system_LPC17xx.o(.data) for .data
    cdcompass.o(.text) refers to fflt_clz.o(x$fpl$fflt) for __aeabi_i2f
    cdcompass.o(.text) refers to atan2f.o(i.atan2f) for atan2f
    cdcompass.o(.text) refers to f2d.o(x$fpl$f2d) for __aeabi_f2d
    cdcompass.o(.text) refers to dmul.o(x$fpl$dmul) for __aeabi_dmul
    cdcompass.o(.text) refers to d2f.o(x$fpl$d2f) for __aeabi_d2f
[...]
    i2c_byte_read                            0x0000732d   Thumb Code    10  i2c_api.LPC1768.o(i.i2c_byte_read)
    i2c_byte_write                           0x00007337   Thumb Code    28  i2c_api.LPC1768.o(i.i2c_byte_write)
    i2c_frequency                            0x00007391   Thumb Code    18  i2c_api.LPC1768.o(i.i2c_frequency)
    i2c_init                                 0x000073a9   Thumb Code   160  i2c_api.LPC1768.o(i.i2c_init)
    i2c_start                                0x00007479   Thumb Code    34  i2c_api.LPC1768.o(i.i2c_start)
    i2c_stop                                 0x0000749b   Thumb Code    18  i2c_api.LPC1768.o(i.i2c_stop)
    ldexp                                    0x000074ad   Thumb Code   126  ldexp.o(i.ldexp)
    mbed_die                                 0x0000752d   Thumb Code   114  utils_api.LPC1768.o(i.mbed_die)
    pin_function                             0x000075a5   Thumb Code    52  pinmap.LPC1768.o(i.pin_function)
    pin_mode                                 0x000075dd   Thumb Code   100  pinmap.LPC1768.o(i.pin_mode)
    pinmap_merge                             0x00007645   Thumb Code    36  pinmap.LPC1768.o(i.pinmap_merge)
    pinmap_peripheral                        0x00007681   Thumb Code    50  pinmap.LPC1768.o(i.pinmap_peripheral)
    pinmap_pinout                            0x000076d9   Thumb Code   176  pinmap.LPC1768.o(i.pinmap_pinout)
    pwmout_init                              0x000077a5   Thumb Code    92  pwmout_api.LPC1768.o(i.pwmout_init)
    pwmout_period_ms                         0x0000780d   Thumb Code    10  pwmout_api.LPC1768.o(i.pwmout_period_ms)
    pwmout_period_us                         0x00007819   Thumb Code   104  pwmout_api.LPC1768.o(i.pwmout_period_us)
    pwmout_pulsewidth_us                     0x00007891   Thumb Code    58  pwmout_api.LPC1768.o(i.pwmout_pulsewidth_us)
    pwmout_read                              0x000078dd   Thumb Code    44  pwmout_api.LPC1768.o(i.pwmout_read)
    pwmout_write                             0x00007911   Thumb Code    72  pwmout_api.LPC1768.o(i.pwmout_write)
    semihost_exit                            0x00007961   Thumb Code    12  semihost_api.LPC1768.o(i.semihost_exit)
    serial_baud                              0x0000796d   Thumb Code   422  serial_api.LPC1768.o(i.serial_baud)
    serial_format                            0x00007b35   Thumb Code   132  serial_api.LPC1768.o(i.serial_format)
    serial_init                              0x00007bc9   Thumb Code   178  serial_api.LPC1768.o(i.serial_init)
    serial_putc                              0x00007cad   Thumb Code    12  serial_api.LPC1768.o(i.serial_putc)
    timer_frequency                          0x00007cb9   Thumb Code    16  timer_api.LPC1768.o(i.timer_frequency)
    timer_init                               0x00007ccd   Thumb Code    98  timer_api.LPC1768.o(i.timer_init)
    timer_read                               0x00007d3d   Thumb Code     4  timer_api.LPC1768.o(i.timer_read)
    timer_start                              0x00007d41   Thumb Code    12  timer_api.LPC1768.o(i.timer_start)
    us_ticker_read                           0x00007d4d   Thumb Code    44  us_ticker_api.LPC1768.o(i.us_ticker_read)
    wait                                     0x00007d85   Thumb Code    40  wait_api.LPC1768.o(i.wait)
    wait_ms                                  0x00007db5   Thumb Code    28  wait_api.LPC1768.o(i.wait_ms)
    _get_lc_ctype                            0x00007dd1   Thumb Code    44  lc_ctype_c.o(locale$$code)
    _get_lc_numeric                          0x00007dfd   Thumb Code    44  lc_numeric_c.o(locale$$code)
    mbed::InterruptIn::rise<CSpeed>(T1*, void(T1::*)()) 0x00007e29   Thumb Code    28  cspeed.o(t._ZN4mbed11InterruptIn4riseI6CSpeedEEvPT_MS3_FvvE)
    mbed::FunctionPointer::membercaller<CGps>(void*, char*) 0x00007e49   Thumb Code    18  main.o(t._ZN4mbed15FunctionPointer12membercallerI4CGpsEEvPvPc)
    mbed::FunctionPointer::membercaller<CSonar>(void*, char*) 0x00007e5b   Thumb Code    18  csrf05.o(t._ZN4mbed15FunctionPointer12membercallerI6CSonarEEvPvPc)
    mbed::FunctionPointer::membercaller<CSpeed>(void*, char*) 0x00007e6d   Thumb Code    18  cspeed.o(t._ZN4mbed15FunctionPointer12membercallerI6CSpeedEEvPvPc)
    mbed::FunctionPointer::membercaller<C2y0a700>(void*, char*) 0x00007e7f   Thumb Code    18  c2y0a700.o(t._ZN4mbed15FunctionPointer12membercallerI8C2y0a700EEvPvPc)
    mbed::FunctionPointer::attach<CSonar>(T1*, void(T1::*)()) 0x00007e91   Thumb Code    18  csrf05.o(t._ZN4mbed15FunctionPointer6attachI6CSonarEEvPT_MS3_FvvE)
    __aeabi_d2f                              0x00007ea9   Thumb Code     0  d2f.o(x$fpl$d2f)
    _d2f                                     0x00007ea9   Thumb Code    98  d2f.o(x$fpl$d2f)
    __aeabi_dadd                             0x00007f0d   Thumb Code     0  daddsub_clz.o(x$fpl$dadd)
    _dadd                                    0x00007f0d   Thumb Code   332  daddsub_clz.o(x$fpl$dadd)
    __fpl_dcheck_NaN1                        0x0000805d   Thumb Code    10  dcheck1.o(x$fpl$dcheck1)
    __fpl_dcmp_Inf                           0x0000806d   Thumb Code    24  dcmpi.o(x$fpl$dcmpinf)
    __aeabi_ddiv                             0x00008085   Thumb Code     0  ddiv.o(x$fpl$ddiv)
    _ddiv                                    0x00008085   Thumb Code   552  ddiv.o(x$fpl$ddiv)
    __aeabi_cdcmpeq                          0x00008335   Thumb Code     0  deqf.o(x$fpl$deqf)
    _dcmpeq                                  0x00008335   Thumb Code   120  deqf.o(x$fpl$deqf)
    __aeabi_d2iz                             0x000083ad   Thumb Code     0  dfix.o(x$fpl$dfix)
    _dfix                                    0x000083ad   Thumb Code    94  dfix.o(x$fpl$dfix)
    __aeabi_i2d                              0x0000840b   Thumb Code     0  dflt_clz.o(x$fpl$dflt)
    _dflt                                    0x0000840b   Thumb Code    46  dflt_clz.o(x$fpl$dflt)
    __aeabi_ui2d                             0x00008439   Thumb Code     0  dflt_clz.o(x$fpl$dfltu)
    _dfltu                                   0x00008439   Thumb Code    38  dflt_clz.o(x$fpl$dfltu)
    __aeabi_cdcmple                          0x00008461   Thumb Code     0  dleqf.o(x$fpl$dleqf)
    _dcmple                                  0x00008461   Thumb Code   120  dleqf.o(x$fpl$dleqf)
    __fpl_dcmple_InfNaN                      0x000084c3   Thumb Code     0  dleqf.o(x$fpl$dleqf)
    __aeabi_dmul                             0x000084d9   Thumb Code     0  dmul.o(x$fpl$dmul)
    _dmul                                    0x000084d9   Thumb Code   332  dmul.o(x$fpl$dmul)
    __fpl_dnaninf                            0x0000862d   Thumb Code   156  dnaninf.o(x$fpl$dnaninf)
    __fpl_dretinf                            0x000086c9   Thumb Code    12  dretinf.o(x$fpl$dretinf)
    __aeabi_cdrcmple                         0x000086d5   Thumb Code     0  drleqf.o(x$fpl$drleqf)
    _drcmple                                 0x000086d5   Thumb Code   108  drleqf.o(x$fpl$drleqf)
    __aeabi_drsub                            0x00008741   Thumb Code     0  daddsub_clz.o(x$fpl$drsb)
    _drsb                                    0x00008741   Thumb Code    22  daddsub_clz.o(x$fpl$drsb)
    __aeabi_dsub                             0x00008759   Thumb Code     0  daddsub_clz.o(x$fpl$dsub)
    _dsub                                    0x00008759   Thumb Code   464  daddsub_clz.o(x$fpl$dsub)
    __aeabi_f2d                              0x0000892d   Thumb Code     0  f2d.o(x$fpl$f2d)
    _f2d                                     0x0000892d   Thumb Code    86  f2d.o(x$fpl$f2d)
    __aeabi_fadd                             0x00008985   Thumb Code     0  faddsub_clz.o(x$fpl$fadd)
    _fadd                                    0x00008985   Thumb Code   196  faddsub_clz.o(x$fpl$fadd)
    __fpl_fcheck_NaN1                        0x00008a49   Thumb Code     6  fcheck1.o(x$fpl$fcheck1)
    __fpl_fcmp_Inf                           0x00008a55   Thumb Code    24  fcmpi.o(x$fpl$fcmpinf)
    __aeabi_fdiv                             0x00008a6d   Thumb Code     0  fdiv.o(x$fpl$fdiv)
    _fdiv                                    0x00008a6d   Thumb Code   384  fdiv.o(x$fpl$fdiv)
    __aeabi_f2iz                             0x00008bf1   Thumb Code     0  ffix.o(x$fpl$ffix)
    _ffix                                    0x00008bf1   Thumb Code    54  ffix.o(x$fpl$ffix)
    __aeabi_f2uiz                            0x00008c29   Thumb Code     0  ffixu.o(x$fpl$ffixu)
    _ffixu                                   0x00008c29   Thumb Code    62  ffixu.o(x$fpl$ffixu)
    __aeabi_i2f                              0x00008c69   Thumb Code     0  fflt_clz.o(x$fpl$fflt)
    _fflt                                    0x00008c69   Thumb Code    48  fflt_clz.o(x$fpl$fflt)
    __aeabi_ui2f                             0x00008c99   Thumb Code     0  fflt_clz.o(x$fpl$ffltu)
    _ffltu                                   0x00008c99   Thumb Code    38  fflt_clz.o(x$fpl$ffltu)
    __aeabi_cfcmple                          0x00008cc1   Thumb Code     0  fleqf.o(x$fpl$fleqf)
    _fcmple                                  0x00008cc1   Thumb Code   104  fleqf.o(x$fpl$fleqf)
    __fpl_fcmple_InfNaN                      0x00008d13   Thumb Code     0  fleqf.o(x$fpl$fleqf)
    __aeabi_fmul                             0x00008d29   Thumb Code     0  fmul.o(x$fpl$fmul)
    _fmul                                    0x00008d29   Thumb Code   258  fmul.o(x$fpl$fmul)
    __fpl_fnaninf                            0x00008e2b   Thumb Code   140  fnaninf.o(x$fpl$fnaninf)
    _fp_init                                 0x00008eb7   Thumb Code    14  fpinit.o(x$fpl$fpinit)
    __fplib_config_pureend_doubles           0x00008ec3   Thumb Code     0  fpinit.o(x$fpl$fpinit)
    __fpl_fretinf                            0x00008ec5   Thumb Code    10  fretinf.o(x$fpl$fretinf)
    __aeabi_frsub                            0x00008ecf   Thumb Code     0  faddsub_clz.o(x$fpl$frsb)
    _frsb                                    0x00008ecf   Thumb Code    20  faddsub_clz.o(x$fpl$frsb)
    __aeabi_fsub                             0x00008ee5   Thumb Code     0  faddsub_clz.o(x$fpl$fsub)
    _fsub                                    0x00008ee5   Thumb Code   234  faddsub_clz.o(x$fpl$fsub)
    _printf_fp_dec                           0x00008fcf   Thumb Code     4  printf1.o(x$fpl$printf1)
    _printf_fp_hex                           0x00008fd3   Thumb Code     4  printf2.o(x$fpl$printf2)
    __fpl_return_NaN                         0x00008fd7   Thumb Code   100  retnan.o(x$fpl$retnan)
    __ARM_scalbn                             0x0000903b   Thumb Code     0  scalbn.o(x$fpl$scalbn)
    scalbn                                   0x0000903b   Thumb Code    96  scalbn.o(x$fpl$scalbn)
    __fpl_inf_scalbn                         0x00009099   Thumb Code     0  scalbn.o(x$fpl$scalbn)
    __ARM_scalbnf                            0x0000909b   Thumb Code     0  scalbnf.o(x$fpl$scalbnf)
    scalbnf                                  0x0000909b   Thumb Code    80  scalbnf.o(x$fpl$scalbnf)
    __fpl_inf_scalbnf                        0x000090e9   Thumb Code     0  scalbnf.o(x$fpl$scalbnf)
    _scanf_real                              0x000090eb   Thumb Code     4  scanf1.o(x$fpl$scanf1)
    _scanf_hex_real                          0x000090ef   Thumb Code     4  scanf2.o(x$fpl$scanf2)
    _scanf_infnan                            0x000090f3   Thumb Code     4  scanf2.o(x$fpl$scanf2)
    __fpl_cmpreturn                          0x000090f7   Thumb Code    48  trapv.o(x$fpl$trapveneer)
    __I$use$fp                               0x00009127   Thumb Code     0  usenofp.o(x$fpl$usenofp)
    mbed::Base::_base_funcs                  0x00009170   Data          24  Base.LPC1768.o(.constdata)
    __stdin_name                             0x00009340   Data           7  stdio.LPC1768.o(.constdata)
    __stdout_name                            0x00009347   Data           8  stdio.LPC1768.o(.constdata)
    __stderr_name                            0x0000934f   Data           8  stdio.LPC1768.o(.constdata)
    typeinfo for __cxxabiv1::__class_type_info 0x000095ac   Data          12  lib_rtti_impl.o(.constdata__ZTIN10__cxxabiv117__class_type_infoE)
    typeinfo for __cxxabiv1::__si_class_type_info 0x000095b8   Data          12  lib_rtti_impl.o(.constdata__ZTIN10__cxxabiv120__si_class_type_infoE)
    typeinfo for __cxxabiv1::__vmi_class_type_info 0x000095c4   Data          12  lib_rtti_impl.o(.constdata__ZTIN10__cxxabiv121__vmi_class_type_infoE)
    typeinfo for mbed::DigitalOut            0x000095d0   Data          12  DigitalOut.LPC1768.o(.constdata__ZTIN4mbed10DigitalOutE)
    typeinfo for mbed::FileHandle            0x000095dc   Data           8  stdio.LPC1768.o(.constdata__ZTIN4mbed10FileHandleE)
    typeinfo for mbed::InterruptIn           0x000095e4   Data          12  InterruptIn.LPC1768.o(.constdata__ZTIN4mbed11InterruptInE)
    typeinfo for mbed::FileSystemLike        0x000095f0   Data          12  Base.LPC1768.o(.constdata__ZTIN4mbed14FileSystemLikeE)
    typeinfo for mbed::I2C                   0x000095fc   Data          12  I2C.LPC1768.o(.constdata__ZTIN4mbed3I2CE)
    typeinfo for mbed::Base                  0x00009608   Data           8  Base.LPC1768.o(.constdata__ZTIN4mbed4BaseE)
    typeinfo for mbed::Timer                 0x00009610   Data          12  Timer.LPC1768.o(.constdata__ZTIN4mbed5TimerE)
    typeinfo for mbed::PwmOut                0x0000961c   Data          12  PwmOut.LPC1768.o(.constdata__ZTIN4mbed6PwmOutE)
    typeinfo for mbed::AnalogIn              0x00009628   Data          12  AnalogIn.LPC1768.o(.constdata__ZTIN4mbed8AnalogInE)
    typeinfo for mbed::FileLike              0x00009634   Data          32  stdio.LPC1768.o(.constdata__ZTIN4mbed8FileLikeE)
    typeinfo for std::type_info              0x00009654   Data           8  type_info_dtor.o(.constdata__ZTISt9type_info)
    typeinfo name for __cxxabiv1::__class_type_info 0x0000965c   Data          34  lib_rtti_impl.o(.constdata__ZTSN10__cxxabiv117__class_type_infoE)
    typeinfo name for __cxxabiv1::__si_class_type_info 0x0000967e   Data          37  lib_rtti_impl.o(.constdata__ZTSN10__cxxabiv120__si_class_type_infoE)
    typeinfo name for __cxxabiv1::__vmi_class_type_info 0x000096a3   Data          38  lib_rtti_impl.o(.constdata__ZTSN10__cxxabiv121__vmi_class_type_infoE)
    typeinfo name for mbed::DigitalOut       0x000096c9   Data          20  DigitalOut.LPC1768.o(.constdata__ZTSN4mbed10DigitalOutE)
    typeinfo name for mbed::FileHandle       0x000096dd   Data          20  stdio.LPC1768.o(.constdata__ZTSN4mbed10FileHandleE)
    typeinfo name for mbed::InterruptIn      0x000096f1   Data          21  InterruptIn.LPC1768.o(.constdata__ZTSN4mbed11InterruptInE)
    typeinfo name for mbed::FileSystemLike   0x00009706   Data          24  Base.LPC1768.o(.constdata__ZTSN4mbed14FileSystemLikeE)
    typeinfo name for mbed::I2C              0x0000971e   Data          12  I2C.LPC1768.o(.constdata__ZTSN4mbed3I2CE)
    typeinfo name for mbed::Base             0x0000972a   Data          13  Base.LPC1768.o(.constdata__ZTSN4mbed4BaseE)
    typeinfo name for mbed::Timer            0x00009737   Data          14  Timer.LPC1768.o(.constdata__ZTSN4mbed5TimerE)
    typeinfo name for mbed::PwmOut           0x00009745   Data          15  PwmOut.LPC1768.o(.constdata__ZTSN4mbed6PwmOutE)
    typeinfo name for mbed::AnalogIn         0x00009754   Data          17  AnalogIn.LPC1768.o(.constdata__ZTSN4mbed8AnalogInE)
    typeinfo name for mbed::FileLike         0x00009765   Data          17  stdio.LPC1768.o(.constdata__ZTSN4mbed8FileLikeE)
    typeinfo name for std::type_info         0x00009776   Data          13  type_info_dtor.o(.constdata__ZTSSt9type_info)
    vtable for __cxxabiv1::__class_type_info 0x00009784   Data          16  lib_rtti_impl.o(.constdata__ZTVN10__cxxabiv117__class_type_infoE)
    vtable for __cxxabiv1::__si_class_type_info 0x00009794   Data          16  lib_rtti_impl.o(.constdata__ZTVN10__cxxabiv120__si_class_type_infoE)
    vtable for __cxxabiv1::__vmi_class_type_info 0x000097a4   Data          16  lib_rtti_impl.o(.constdata__ZTVN10__cxxabiv121__vmi_class_type_infoE)
    vtable for mbed::DigitalOut              0x000097b4   Data          24  DigitalOut.LPC1768.o(.constdata__ZTVN4mbed10DigitalOutE)
    vtable for mbed::TimerEvent              0x000097cc   Data          20  TimerEvent.LPC1768.o(.constdata__ZTVN4mbed10TimerEventE)
    vtable for mbed::InterruptIn             0x000097e0   Data          24  InterruptIn.LPC1768.o(.constdata__ZTVN4mbed11InterruptInE)
    vtable for mbed::I2C                     0x000097f8   Data          24  I2C.LPC1768.o(.constdata__ZTVN4mbed3I2CE)
    vtable for mbed::Base                    0x00009810   Data          24  Base.LPC1768.o(.constdata__ZTVN4mbed4BaseE)
    vtable for mbed::Timer                   0x00009828   Data          24  Timer.LPC1768.o(.constdata__ZTVN4mbed5TimerE)
    vtable for mbed::PwmOut                  0x00009840   Data          24  PwmOut.LPC1768.o(.constdata__ZTVN4mbed6PwmOutE)
    vtable for mbed::Ticker                  0x00009858   Data          20  Ticker.LPC1768.o(.constdata__ZTVN4mbed6TickerE)
    vtable for mbed::AnalogIn                0x0000986c   Data          24  AnalogIn.LPC1768.o(.constdata__ZTVN4mbed8AnalogInE)
    Region$$Table$$Base                      0x00009898   Number         0  anon$$obj.o(Region$$Table)
    Region$$Table$$Limit                     0x000098b8   Number         0  anon$$obj.o(Region$$Table)
    __aeabi_HUGE_VAL                         0x000098b8   Data           0  fpconst.o(c$$dinf)
    __aeabi_HUGE_VALL                        0x000098b8   Data           0  fpconst.o(c$$dinf)
    __aeabi_INFINITY                         0x000098b8   Data           0  fpconst.o(c$$dinf)
    __dInf                                   0x000098b8   Data           0  fpconst.o(c$$dinf)
    __huge_val                               0x000098b8   Data           0  fpconst.o(c$$dinf)
    __ctype                                  0x000098cd   Data           0  lc_ctype_c.o(locale$$data)
    SHT$$INIT_ARRAY$$Base                    0x000099ec   Number         0  main.o(.init_array)
    SHT$$INIT_ARRAY$$Limit                   0x000099f0   Number         0  main.o(.init_array)
    SystemCoreClock                          0x100000c8   Data           4  system_LPC17xx.o(.data)
    CUart0::instance                         0x100000cc   Data           4  cuart0.o(.data)
    CUart1::instance                         0x100000d0   Data           4  cuart1.o(.data)
    CUart2::instance                         0x100000d4   Data           4  cuart2.o(.data)
    CUart3::instance                         0x100000d8   Data           4  cuart3.o(.data)
    mbed::Base::_head                        0x100000dc   Data           4  Base.LPC1768.o(.data)
    mbed::Base::_classes                     0x100000e0   Data           4  Base.LPC1768.o(.data)
    mbed::Base::_base_class                  0x100000e4   Data          12  Base.LPC1768.o(.data)
    mbed::I2C::_owner                        0x100000f0   Data           4  I2C.LPC1768.o(.data)
    mbed::TimerEvent::_head                  0x100000f4   Data           4  TimerEvent.LPC1768.o(.data)
    PWM_MATCH                                0x100000f8   Data          28  pwmout_api.LPC1768.o(.data)
    __aeabi_stdin                            0x10000118   Data           4  stdio_streams.o(.data)
    __aeabi_stdout                           0x1000011c   Data           4  stdio_streams.o(.data)
    __aeabi_stderr                           0x10000120   Data           4  stdio_streams.o(.data)
    Status                                   0x1000012c   Data          28  main.o(.bss)
    flip                                     0x10000148   Data          44  main.o(.bss)
    PC                                       0x10000174   Data         604  main.o(.bss)
    Xbee                                     0x100003d0   Data         604  main.o(.bss)
    CMU                                      0x1000062c   Data         604  main.o(.bss)
    Gps                                      0x10000888   Data        2340  main.o(.bss)
    Steer                                    0x100011ac   Data          16  main.o(.bss)
    Speed                                    0x100011bc   Data          16  main.o(.bss)
    Sonar2                                   0x100011cc   Data         192  main.o(.bss)
    Sonar3                                   0x1000128c   Data         192  main.o(.bss)
    Sonar1                                   0x1000134c   Data         192  main.o(.bss)
    Sonar4                                   0x1000140c   Data         192  main.o(.bss)
    Ir2                                      0x100014cc   Data         116  main.o(.bss)
    Ir1                                      0x10001540   Data         116  main.o(.bss)
    Ir3                                      0x100015b4   Data         116  main.o(.bss)
    TravelSpeed                              0x10001628   Data         152  main.o(.bss)
    Compass                                  0x100016c0   Data          44  main.o(.bss)
    ParseGps                                 0x100016ec   Data          44  main.o(.bss)
    ParsePcComm                              0x10001718   Data          44  main.o(.bss)
    SendPcComm                               0x10001744   Data          44  main.o(.bss)
    mbed::InterruptIn::_irq_objects          0x10001870   Data         192  InterruptIn.LPC1768.o(.bss)
    __stdin                                  0x10001970   Data          80  stdio_streams.o(.bss)
    __stdout                                 0x100019c0   Data          80  stdio_streams.o(.bss)
    __stderr                                 0x10001a10   Data          80  stdio_streams.o(.bss)
    Image$$RW_IRAM1$$ZI$$Limit               0x10001a88   Number         0  rt_fp_status_addr.o(.bss)



==============================================================================

Memory Map of the image

  Image Entry point : 0x000000c5

  Load Region LR_IROM1 (Base: 0x00000000, Size: 0x00009b1c, Max: 0x00080000, ABSOLUTE, COMPRESSED[0x00009a18])

    Execution Region ER_IROM1 (Base: 0x00000000, Size: 0x000099f0, Max: 0x00080000, ABSOLUTE)

    Base Addr    Size         Type   Attr      Idx    E Section Name        Object

    0x00000000   0x000000c4   Data   RO          497    RESET               startup_LPC17xx.o
    0x000000c4   0x00000008   Code   RO         1826  * !!!main             c_w.l(__main.o)
    0x000000cc   0x00000034   Code   RO         2714    !!!scatter          c_w.l(__scatter.o)
    0x00000100   0x0000005a   Code   RO         2712    !!dczerorl2         c_w.l(__dczerorl2.o)
    0x0000015a   0x00000002   PAD
    0x0000015c   0x0000001c   Code   RO         2716    !!handler_zi        c_w.l(__scatter_zi.o)
    0x00000178   0x00000000   Code   RO         1786    .ARM.Collect$$_printf_percent$$00000000  c_w.l(_printf_percent.o)
    0x00000178   0x00000006   Code   RO         2173    .ARM.Collect$$_printf_percent$$00000001  c_w.l(_printf_n.o)
    0x0000017e   0x00000006   Code   RO         2174    .ARM.Collect$$_printf_percent$$00000002  c_w.l(_printf_p.o)
    0x00000184   0x00000006   Code   RO         2178    .ARM.Collect$$_printf_percent$$00000003  c_w.l(_printf_f.o)
    0x0000018a   0x00000006   Code   RO         2179    .ARM.Collect$$_printf_percent$$00000004  c_w.l(_printf_e.o)
    0x00000190   0x00000006   Code   RO         2180    .ARM.Collect$$_printf_percent$$00000005  c_w.l(_printf_g.o)
    0x00000196   0x00000006   Code   RO         2181    .ARM.Collect$$_printf_percent$$00000006  c_w.l(_printf_a.o)
    0x0000019c   0x0000000a   Code   RO         2186    .ARM.Collect$$_printf_percent$$00000007  c_w.l(_printf_ll.o)
    0x000001a6   0x00000006   Code   RO         2176    .ARM.Collect$$_printf_percent$$00000008  c_w.l(_printf_i.o)
    0x000001ac   0x00000006   Code   RO         1785    .ARM.Collect$$_printf_percent$$00000009  c_w.l(_printf_d.o)
    0x000001b2   0x00000006   Code   RO         2177    .ARM.Collect$$_printf_percent$$0000000A  c_w.l(_printf_u.o)
    0x000001b8   0x00000006   Code   RO         2175    .ARM.Collect$$_printf_percent$$0000000B  c_w.l(_printf_o.o)
    0x000001be   0x00000006   Code   RO         1784    .ARM.Collect$$_printf_percent$$0000000C  c_w.l(_printf_x.o)
    0x000001c4   0x00000006   Code   RO         2183    .ARM.Collect$$_printf_percent$$0000000D  c_w.l(_printf_lli.o)
    0x000001ca   0x00000006   Code   RO         2184    .ARM.Collect$$_printf_percent$$0000000E  c_w.l(_printf_lld.o)
    0x000001d0   0x00000006   Code   RO         2185    .ARM.Collect$$_printf_percent$$0000000F  c_w.l(_printf_llu.o)
    0x000001d6   0x00000006   Code   RO         2190    .ARM.Collect$$_printf_percent$$00000010  c_w.l(_printf_llo.o)
    0x000001dc   0x00000006   Code   RO         2191    .ARM.Collect$$_printf_percent$$00000011  c_w.l(_printf_llx.o)
    0x000001e2   0x0000000a   Code   RO         2187    .ARM.Collect$$_printf_percent$$00000012  c_w.l(_printf_l.o)
    0x000001ec   0x00000006   Code   RO         2172    .ARM.Collect$$_printf_percent$$00000013  c_w.l(_printf_c.o)
    0x000001f2   0x00000006   Code   RO         1783    .ARM.Collect$$_printf_percent$$00000014  c_w.l(_printf_s.o)
    0x000001f8   0x00000006   Code   RO         2188    .ARM.Collect$$_printf_percent$$00000015  c_w.l(_printf_lc.o)
    0x000001fe   0x00000006   Code   RO         2189    .ARM.Collect$$_printf_percent$$00000016  c_w.l(_printf_ls.o)
    0x00000204   0x00000004   Code   RO         2182    .ARM.Collect$$_printf_percent$$00000017  c_w.l(_printf_percent_end.o)
    0x00000208   0x00000006   Code   RO         2585    .ARM.Collect$$libinit$$00000000  c_w.l(libinit.o)
    0x0000020e   0x00000008   Code   RO         2226    .ARM.Collect$$libinit$$00000001  c_w.l(libinit2.o)
    0x00000216   0x00000000   Code   RO         2228    .ARM.Collect$$libinit$$00000006  c_w.l(libinit2.o)
    0x00000216   0x00000000   Code   RO         2230    .ARM.Collect$$libinit$$00000008  c_w.l(libinit2.o)
    0x00000216   0x00000000   Code   RO         2232    .ARM.Collect$$libinit$$0000000A  c_w.l(libinit2.o)
    0x00000216   0x00000006   Code   RO         2233    .ARM.Collect$$libinit$$0000000B  c_w.l(libinit2.o)
    0x0000021c   0x00000000   Code   RO         2235    .ARM.Collect$$libinit$$0000000D  c_w.l(libinit2.o)
    0x0000021c   0x0000000c   Code   RO         2236    .ARM.Collect$$libinit$$0000000E  c_w.l(libinit2.o)
    0x00000228   0x00000000   Code   RO         2237    .ARM.Collect$$libinit$$0000000F  c_w.l(libinit2.o)
    0x00000228   0x00000000   Code   RO         2239    .ARM.Collect$$libinit$$00000011  c_w.l(libinit2.o)
    0x00000228   0x0000000a   Code   RO         2240    .ARM.Collect$$libinit$$00000012  c_w.l(libinit2.o)
    0x00000232   0x00000000   Code   RO         2241    .ARM.Collect$$libinit$$00000013  c_w.l(libinit2.o)
    0x00000232   0x00000000   Code   RO         2243    .ARM.Collect$$libinit$$00000015  c_w.l(libinit2.o)
    0x00000232   0x00000000   Code   RO         2245    .ARM.Collect$$libinit$$00000017  c_w.l(libinit2.o)
    0x00000232   0x00000000   Code   RO         2247    .ARM.Collect$$libinit$$00000019  c_w.l(libinit2.o)
    0x00000232   0x00000000   Code   RO         2249    .ARM.Collect$$libinit$$0000001B  c_w.l(libinit2.o)
    0x00000232   0x00000000   Code   RO         2251    .ARM.Collect$$libinit$$0000001D  c_w.l(libinit2.o)
    0x00000232   0x00000000   Code   RO         2253    .ARM.Collect$$libinit$$0000001F  c_w.l(libinit2.o)
    0x00000232   0x00000004   Code   RO         2254    .ARM.Collect$$libinit$$00000020  c_w.l(libinit2.o)
    0x00000236   0x00000000   Code   RO         2255    .ARM.Collect$$libinit$$00000021  c_w.l(libinit2.o)
    0x00000236   0x00000000   Code   RO         2259    .ARM.Collect$$libinit$$00000028  c_w.l(libinit2.o)
    0x00000236   0x00000000   Code   RO         2261    .ARM.Collect$$libinit$$0000002A  c_w.l(libinit2.o)
    0x00000236   0x00000000   Code   RO         2263    .ARM.Collect$$libinit$$0000002C  c_w.l(libinit2.o)
    0x00000236   0x00000004   Code   RO         2264    .ARM.Collect$$libinit$$0000002D  c_w.l(libinit2.o)
    0x0000023a   0x00000000   Code   RO         2265    .ARM.Collect$$libinit$$0000002E  c_w.l(libinit2.o)
    0x0000023a   0x00000002   Code   RO         2266    .ARM.Collect$$libinit$$0000002F  c_w.l(libinit2.o)
    0x0000023c   0x00000006   Code   RO         2267    .ARM.Collect$$libshutdown$$00000001  c_w.l(libshutdown2.o)
    0x00000242   0x00000000   Code   RO         2269    .ARM.Collect$$libshutdown$$00000003  c_w.l(libshutdown2.o)
    0x00000242   0x00000000   Code   RO         2060    .ARM.Collect$$rtentry$$00000000  c_w.l(rtentry.o)
    0x00000242   0x00000000   Code   RO         2359    .ARM.Collect$$rtentry$$00000002  c_w.l(rtentry2.o)
    0x00000242   0x00000006   Code   RO         2374    .ARM.Collect$$rtentry$$00000004  c_w.l(rtentry4.o)
    0x00000248   0x00000000   Code   RO         2361    .ARM.Collect$$rtentry$$00000009  c_w.l(rtentry2.o)
    0x00000248   0x00000004   Code   RO         2362    .ARM.Collect$$rtentry$$0000000A  c_w.l(rtentry2.o)
    0x0000024c   0x00000000   Code   RO         2364    .ARM.Collect$$rtentry$$0000000C  c_w.l(rtentry2.o)
    0x0000024c   0x00000008   Code   RO         2365    .ARM.Collect$$rtentry$$0000000D  c_w.l(rtentry2.o)
    0x00000254   0x00000000   Code   RO         2513    .emb_text           c_w.l(maybetermalloc1.o)
    0x00000254   0x00000024   Code   RO          499    .text               startup_LPC17xx.o
    0x00000278   0x00000014   Code   RO         1728    .text               c_w.l(fprintf.o)
    0x0000028c   0x0000002c   Code   RO         1730    .text               c_w.l(sprintf.o)
    0x000002b8   0x0000002c   Code   RO         1732    .text               c_w.l(__2sprintf.o)
    0x000002e4   0x0000000c   Code   RO         1802    .text               c_w.l(strtok.o)
    0x000002f0   0x00000008   Code   RO         2073    .text               c_w.l(rt_ddtor_pointer_addr.o)
    0x000002f8   0x00000004   Code   RO         2284    .text               cpprt_w.l(arm_bad_typeid_noexceptions.o)
    0x000002fc   0x00000004   Code   RO          498    .ARM.__at_0x02FC    startup_LPC17xx.o
    0x00000300   0x000002fc   Code   RO            2    .text               main.o
    0x000005fc   0x0000055c   Code   RO          293    .text               pccomm.o
    0x00000b58   0x00000118   Code   RO          507    .text               cdcompass.o
    0x00000c70   0x000001f8   Code   RO          617    .text               cgps.o
    0x00000e68   0x000002cc   Code   RO          639    .text               cnmea.o
    0x00001134   0x00000134   Code   RO          658    .text               cservo.o
    0x00001268   0x00000138   Code   RO          677    .text               csrf05.o
    0x000013a0   0x00000210   Code   RO          755    .text               cspeed.o
    0x000015b0   0x00000162   Code   RO          832    .text               cbuffer.o
    0x00001712   0x00000002   PAD
    0x00001714   0x000001d0   Code   RO          851    .text               cuart0.o
    0x000018e4   0x000001fc   Code   RO          894    .text               cuart1.o
    0x00001ae0   0x000001fc   Code   RO          912    .text               cuart2.o
    0x00001cdc   0x0000021c   Code   RO          930    .text               cuart3.o
    0x00001ef8   0x00000108   Code   RO          948    .text               c2y0a700.o
    0x00002000   0x000000ee   Code   RO         1726    .text               c_w.l(lludivv7m.o)
    0x000020ee   0x00000050   Code   RO         1738    .text               c_w.l(_printf_pad.o)
    0x0000213e   0x00000052   Code   RO         1740    .text               c_w.l(_printf_str.o)
    0x00002190   0x00000078   Code   RO         1742    .text               c_w.l(_printf_dec.o)
    0x00002208   0x0000009c   Code   RO         1762    .text               c_w.l(_printf_hex_int_ll_ptr.o)
    0x000022a4   0x0000019c   Code   RO         1780    .text               c_w.l(__printf_flags_ss_wp.o)
    0x00002440   0x0000003c   Code   RO         1787    .text               c_w.l(sscanf.o)
    0x0000247c   0x0000007c   Code   RO         1800    .text               c_w.l(assert.o)
    0x000024f8   0x0000004e   Code   RO         1805    .text               c_w.l(memcmp.o)
    0x00002546   0x0000003e   Code   RO         1809    .text               c_w.l(strlen.o)
    0x00002584   0x0000008c   Code   RO         1811    .text               c_w.l(strncmp.o)
    0x00002610   0x0000008a   Code   RO         1813    .text               c_w.l(rt_memcpy_v6.o)
    0x0000269a   0x00000064   Code   RO         1815    .text               c_w.l(rt_memcpy_w.o)
    0x000026fe   0x00000044   Code   RO         1817    .text               c_w.l(rt_memclr.o)
    0x00002742   0x0000004e   Code   RO         1819    .text               c_w.l(rt_memclr_w.o)
    0x00002790   0x00000080   Code   RO         1823    .text               c_w.l(strcmpv7m.o)
    0x00002810   0x00000024   Code   RO         1833    .text               c_w.l(init_aeabi.o)
    0x00002834   0x00000010   Code   RO         2062    .text               c_w.l(rt_ctype_table.o)
    0x00002844   0x00000008   Code   RO         2078    .text               c_w.l(rt_errno_addr.o)
    0x0000284c   0x0000005e   Code   RO         2087    .text               c_w.l(h1_alloc.o)
    0x000028aa   0x0000004e   Code   RO         2089    .text               c_w.l(h1_free.o)
    0x000028f8   0x00000016   Code   RO         2145    .text               c_w.l(_rserrno.o)
    0x0000290e   0x00000024   Code   RO         2147    .text               c_w.l(_printf_truncate.o)
    0x00002932   0x000000b4   Code   RO         2149    .text               c_w.l(_printf_intcommon.o)
    0x000029e6   0x0000002a   Code   RO         2151    .text               c_w.l(_printf_charcount.o)
    0x00002a10   0x00000030   Code   RO         2153    .text               c_w.l(_printf_char_common.o)
    0x00002a40   0x0000000a   Code   RO         2155    .text               c_w.l(_sputc.o)
    0x00002a4a   0x0000002c   Code   RO         2157    .text               c_w.l(_printf_char.o)
    0x00002a76   0x00000002   PAD
    0x00002a78   0x00000024   Code   RO         2159    .text               c_w.l(_printf_char_file.o)
    0x00002a9c   0x000000bc   Code   RO         2161    .text               c_w.l(_printf_wctomb.o)
    0x00002b58   0x00000078   Code   RO         2164    .text               c_w.l(_printf_longlong_dec.o)
    0x00002bd0   0x00000078   Code   RO         2170    .text               c_w.l(_printf_oct_int_ll.o)
    0x00002c48   0x00000166   Code   RO         2192    .text               c_w.l(_scanf_longlong.o)
    0x00002dae   0x0000014e   Code   RO         2194    .text               c_w.l(_scanf_int.o)
    0x00002efc   0x000000d8   Code   RO         2196    .text               c_w.l(_scanf_str.o)
    0x00002fd4   0x00000030   Code   RO         2198    .text               c_w.l(scanf_char.o)
    0x00003004   0x00000040   Code   RO         2200    .text               c_w.l(_sgetc.o)
    0x00003044   0x0000011c   Code   RO         2206    .text               c_w.l(_scanf_mbtowc.o)
    0x00003160   0x000000e8   Code   RO         2208    .text               c_w.l(_scanf_wctomb.o)
    0x00003248   0x000000ca   Code   RO         2210    .text               c_w.l(_scanf_wstr.o)
    0x00003312   0x00000002   PAD
    0x00003314   0x00000138   Code   RO         2212    .text               c_w.l(initio.o)
    0x0000344c   0x00000010   Code   RO         2216    .text               c_w.l(abort.o)
    0x0000345c   0x0000000e   Code   RO         2218    .text               c_w.l(defsig_pvfn_outer.o)
    0x0000346a   0x00000002   PAD
    0x0000346c   0x00000048   Code   RO         2224    .text               c_w.l(strtok_int.o)
    0x000034b4   0x0000000e   Code   RO         2349    .text               c_w.l(sys_wrch.o)
    0x000034c2   0x00000002   PAD
    0x000034c4   0x0000000c   Code   RO         2351    .text               c_w.l(sys_exit.o)
    0x000034d0   0x00000008   Code   RO         2380    .text               c_w.l(rt_heap_descriptor.o)
    0x000034d8   0x00000008   Code   RO         2385    .text               c_w.l(rt_locale.o)
    0x000034e0   0x00000004   Code   RO         2390    .text               c_w.l(hguard.o)
    0x000034e4   0x0000008a   Code   RO         2392    .text               c_w.l(init_alloc.o)
    0x0000356e   0x0000000e   Code   RO         2396    .text               c_w.l(h1_init.o)
    0x0000357c   0x0000008a   Code   RO         2410    .text               c_w.l(lludiv10.o)
    0x00003606   0x00000012   Code   RO         2412    .text               c_w.l(isspace.o)
    0x00003618   0x0000041a   Code   RO         2414    .text               c_w.l(_printf_fp_dec.o)
    0x00003a32   0x00000002   PAD
    0x00003a34   0x000002f4   Code   RO         2416    .text               c_w.l(_printf_fp_hex.o)
    0x00003d28   0x0000002c   Code   RO         2421    .text               c_w.l(_printf_wchar.o)
    0x00003d54   0x00000020   Code   RO         2423    .text               c_w.l(_chval.o)
    0x00003d74   0x00000388   Code   RO         2425    .text               c_w.l(_scanf.o)
    0x000040fc   0x000004a4   Code   RO         2427    .text               c_w.l(scanf_fp.o)
    0x000045a0   0x0000001e   Code   RO         2429    .text               c_w.l(_scanf_wcharmap.o)
    0x000045be   0x00000008   Code   RO         2431    .text               c_w.l(ferror.o)
    0x000045c6   0x00000046   Code   RO         2437    .text               c_w.l(setvbuf.o)
    0x0000460c   0x000000ec   Code   RO         2440    .text               c_w.l(fopen.o)
    0x000046f8   0x0000004c   Code   RO         2442    .text               c_w.l(fclose.o)
    0x00004744   0x0000003c   Code   RO         2452    .text               c_w.l(_mbrtowc.o)
    0x00004780   0x00000040   Code   RO         2454    .text               c_w.l(_wcrtomb.o)
    0x000047c0   0x0000000a   Code   RO         2462    .text               c_w.l(defsig_exit.o)
    0x000047ca   0x0000000e   Code   RO         2464    .text               c_w.l(defsig_abrt_outer.o)
    0x000047d8   0x0000000e   Code   RO         2468    .text               c_w.l(defsig_rtred_outer.o)
    0x000047e6   0x00000002   PAD
    0x000047e8   0x00000030   Code   RO         2472    .text               c_w.l(defsig_pvfn_inner.o)
    0x00004818   0x00000020   Code   RO         2474    .text               c_w.l(strcspn.o)
    0x00004838   0x0000001c   Code   RO         2476    .text               c_w.l(strspn.o)
    0x00004854   0x0000001a   Code   RO         2484    .text               cpprt_w.l(arm_exceptions_terminate.o)
    0x0000486e   0x00000002   Code   RO         2509    .text               c_w.l(use_no_semi.o)
    0x00004870   0x00000032   Code   RO         2517    .text               c_w.l(h1_extend.o)
    0x000048a2   0x00000002   PAD
    0x000048a4   0x0000007c   Code   RO         2521    .text               c_w.l(_printf_fp_infnan.o)
    0x00004920   0x000000ec   Code   RO         2523    .text               c_w.l(bigflt0.o)
    0x00004a0c   0x000001d8   Code   RO         2548    .text               c_w.l(flsbuf.o)
    0x00004be4   0x000000f8   Code   RO         2550    .text               c_w.l(fseek.o)
    0x00004cdc   0x000000f0   Code   RO         2552    .text               c_w.l(stdio.o)
    0x00004dcc   0x00000032   Code   RO         2556    .text               c_w.l(defsig_general.o)
    0x00004dfe   0x00000002   PAD
    0x00004e00   0x00000030   Code   RO         2558    .text               c_w.l(defsig_abrt_inner.o)
    0x00004e30   0x00000034   Code   RO         2564    .text               c_w.l(defsig_rtred_inner.o)
    0x00004e64   0x0000000e   Code   RO         2566    .text               c_w.l(defsig_rtmem_outer.o)
    0x00004e72   0x00000002   PAD
    0x00004e74   0x0000004c   Code   RO         2570    .text               c_w.l(heapauxa.o)
    0x00004ec0   0x00000050   Code   RO         2594    .text               cpprt_w.l(arm_exceptions_globs.o)
    0x00004f10   0x00000008   Code   RO         2623    .text               c_w.l(rt_eh_globals_addr.o)
    0x00004f18   0x0000030c   Code   RO         2632    .text               c_w.l(scanf_hexfp.o)
    0x00005224   0x0000013c   Code   RO         2634    .text               c_w.l(scanf_infnan.o)
    0x00005360   0x00000046   Code   RO         2636    .text               c_w.l(ftell.o)
    0x000053a6   0x00000002   PAD
    0x000053a8   0x0000004c   Code   RO         2646    .text               c_w.l(defsig_rtmem_inner.o)
    0x000053f4   0x00000018   Code   RO         2650    .text               c_w.l(assert_stdio.o)
    0x0000540c   0x0000003c   Code   RO         2652    .text               cpprt_w.l(arm_exceptions_mem.o)
    0x00005448   0x00000008   Code   RO         2665    .text               c_w.l(rt_fp_status_addr.o)
    0x00005450   0x00000026   Code   RO         2674    .text               c_w.l(llshl.o)
    0x00005476   0x00000002   PAD
    0x00005478   0x00000064   Code   RO         2676    .text               c_w.l(fflush.o)
    0x000054dc   0x00000022   Code   RO         2678    .text               c_w.l(fputs.o)
    0x000054fe   0x0000003e   Code   RO         2526    CL$$btod_d2e        c_w.l(btod.o)
    0x0000553c   0x00000046   Code   RO         2528    CL$$btod_d2e_denorm_low  c_w.l(btod.o)
    0x00005582   0x00000060   Code   RO         2527    CL$$btod_d2e_norm_op1  c_w.l(btod.o)
    0x000055e2   0x00000338   Code   RO         2536    CL$$btod_div_common  c_w.l(btod.o)
    0x0000591a   0x00000002   PAD
    0x0000591c   0x00000054   Code   RO         2534    CL$$btod_e2d        c_w.l(btod.o)
    0x00005970   0x000000c6   Code   RO         2533    CL$$btod_e2e        c_w.l(btod.o)
    0x00005a36   0x00000028   Code   RO         2530    CL$$btod_ediv       c_w.l(btod.o)
    0x00005a5e   0x00000028   Code   RO         2532    CL$$btod_edivd      c_w.l(btod.o)
    0x00005a86   0x00000028   Code   RO         2529    CL$$btod_emul       c_w.l(btod.o)
    0x00005aae   0x00000028   Code   RO         2531    CL$$btod_emuld      c_w.l(btod.o)
    0x00005ad6   0x00000244   Code   RO         2535    CL$$btod_mult_common  c_w.l(btod.o)
    0x00005d1a   0x00000002   PAD
    0x00005d1c   0x00000038   Code   RO          489    i.NVIC_SetVector    cmsis_nvic.o
    0x00005d54   0x00000078   Code   RO          502    i.SystemInit        system_LPC17xx.o
    0x00005dcc   0x00000046   Code   RO         1855    i._Z12tbc_downcastPvPKSt9type_infoP28a_base_class_traversal_blockPN10__cxxabiv122__base_class_type_infoE  cpprt_w.l(rtti.o)
    0x00005e12   0x00000016   Code   RO         1856    i._Z17tbc_post_downcastPvPKSt9type_infoP28a_base_class_traversal_blockPN10__cxxabiv122__base_class_type_infoE  cpprt_w.l(rtti.o)
    0x00005e28   0x000000a8   Code   RO         1857    i._Z21traverse_base_classesPvPKSt9type_infoP28a_base_class_traversal_blockPN10__cxxabiv122__base_class_type_infoE  cpprt_w.l(rtti.o)
    0x00005ed0   0x000000c8   Code   RO         1858    i._Z23find_base_class_at_addrPvS_PKSt9type_infoS2_Pi  cpprt_w.l(rtti.o)
    0x00005f98   0x000001ec   Code   RO         1859    i._Z28derived_to_base_conversion_rPvPS_PKSt9type_infoS3_jPiiPS3_P19a_result_virtualityS4_  cpprt_w.l(rtti.o)
    0x00006184   0x00000004   Code   RO           51    i._ZN15CDigitalCompassD1Ev  main.o
    0x00006188   0x0000000e   Code   RO         1238    i._ZN4mbed10DigitalOut5writeEi  mbed.ar(DigitalOut.LPC1768.o)
    0x00006196   0x00000002   PAD
    0x00006198   0x0000003c   Code   RO         1211    i._ZN4mbed10DigitalOutC1E7PinNamePKc  mbed.ar(DigitalOut.LPC1768.o)
    0x000061d4   0x0000000e   Code   RO         1244    i._ZN4mbed10DigitalOutD0Ev  mbed.ar(DigitalOut.LPC1768.o)
    0x000061e2   0x00000004   Code   RO         1226    i._ZN4mbed10DigitalOutD1Ev  mbed.ar(DigitalOut.LPC1768.o)
    0x000061e6   0x0000000e   Code   RO          768    i._ZN4mbed10DigitalOutaSEi  cspeed.o
    0x000061f4   0x0000005c   Code   RO         1433    i._ZN4mbed10TimerEvent3irqEv  mbed.ar(TimerEvent.LPC1768.o)
    0x00006250   0x0000004c   Code   RO         1434    i._ZN4mbed10TimerEvent6insertEj  mbed.ar(TimerEvent.LPC1768.o)
    0x0000629c   0x00000040   Code   RO         1435    i._ZN4mbed10TimerEvent6removeEv  mbed.ar(TimerEvent.LPC1768.o)
    0x000062dc   0x00000004   Code   RO         1436    i._ZN4mbed10TimerEvent9timestampEv  mbed.ar(TimerEvent.LPC1768.o)
    0x000062e0   0x00000028   Code   RO         1437    i._ZN4mbed10TimerEventC2Ev  mbed.ar(TimerEvent.LPC1768.o)
    0x00006308   0x00000048   Code   RO         1439    i._ZN4mbed10TimerEventD2Ev  mbed.ar(TimerEvent.LPC1768.o)
    0x00006350   0x000000b8   Code   RO         1351    i._ZN4mbed11InterruptIn15setup_interruptEii  mbed.ar(InterruptIn.LPC1768.o)
    0x00006408   0x000000a8   Code   RO         1352    i._ZN4mbed11InterruptIn4_irqEv  mbed.ar(InterruptIn.LPC1768.o)
    0x000064b0   0x00000006   Code   RO         1354    i._ZN4mbed11InterruptIn4modeE7PinMode  mbed.ar(InterruptIn.LPC1768.o)
    0x000064b6   0x00000002   PAD
    0x000064b8   0x00000034   Code   RO         1357    i._ZN4mbed11InterruptInC1E7PinNamePKc  mbed.ar(InterruptIn.LPC1768.o)
    0x000064ec   0x0000000e   Code   RO         1383    i._ZN4mbed11InterruptInD0Ev  mbed.ar(InterruptIn.LPC1768.o)
    0x000064fa   0x0000001a   Code   RO         1386    i._ZN4mbed15FunctionPointer4callEv  mbed.ar(FunctionPointer.LPC1768.o)
    0x00006514   0x00000008   Code   RO         1387    i._ZN4mbed15FunctionPointer6attachEPFvvE  mbed.ar(FunctionPointer.LPC1768.o)
    0x0000651c   0x00000008   Code   RO         1388    i._ZN4mbed15FunctionPointerC1EPFvvE  mbed.ar(FunctionPointer.LPC1768.o)
    0x00006524   0x00000014   Code   RO         1395    i._ZN4mbed3I2C4readEi  mbed.ar(I2C.LPC1768.o)
    0x00006538   0x00000006   Code   RO         1397    i._ZN4mbed3I2C4stopEv  mbed.ar(I2C.LPC1768.o)
    0x0000653e   0x00000006   Code   RO         1398    i._ZN4mbed3I2C5startEv  mbed.ar(I2C.LPC1768.o)
    0x00006544   0x00000006   Code   RO         1399    i._ZN4mbed3I2C5writeEi  mbed.ar(I2C.LPC1768.o)
    0x0000654a   0x00000002   PAD
    0x0000654c   0x00000020   Code   RO         1402    i._ZN4mbed3I2C9frequencyEi  mbed.ar(I2C.LPC1768.o)
    0x0000656c   0x00000030   Code   RO         1403    i._ZN4mbed3I2CC1E7PinNameS1_PKc  mbed.ar(I2C.LPC1768.o)
    0x0000659c   0x0000000e   Code   RO         1430    i._ZN4mbed3I2CD0Ev  mbed.ar(I2C.LPC1768.o)
    0x000065aa   0x00000002   PAD
    0x000065ac   0x00000030   Code   RO         1255    i._ZN4mbed4Base5clearEPKcPc  mbed.ar(Base.LPC1768.o)
    0x000065dc   0x00000038   Code   RO         1256    i._ZN4mbed4Base6lookupEPKcj  mbed.ar(Base.LPC1768.o)
    0x00006614   0x00000040   Code   RO         1259    i._ZN4mbed4Base9list_objsEPKcPc  mbed.ar(Base.LPC1768.o)
    0x00006654   0x00000024   Code   RO         1260    i._ZN4mbed4BaseC1EPKc  mbed.ar(Base.LPC1768.o)
    0x00006678   0x00000034   Code   RO         1261    i._ZN4mbed4BaseD0Ev  mbed.ar(Base.LPC1768.o)
    0x000066ac   0x00000038   Code   RO         1262    i._ZN4mbed4BaseD1Ev  mbed.ar(Base.LPC1768.o)
    0x000066e4   0x0000001c   Code   RO         1099    i._ZN4mbed5Timer4stopEv  mbed.ar(Timer.LPC1768.o)
    0x00006700   0x00000010   Code   RO         1100    i._ZN4mbed5Timer5resetEv  mbed.ar(Timer.LPC1768.o)
    0x00006710   0x00000010   Code   RO         1101    i._ZN4mbed5Timer5startEv  mbed.ar(Timer.LPC1768.o)
    0x00006720   0x0000001e   Code   RO         1102    i._ZN4mbed5Timer7read_msEv  mbed.ar(Timer.LPC1768.o)
    0x0000673e   0x00000016   Code   RO         1103    i._ZN4mbed5Timer7read_usEv  mbed.ar(Timer.LPC1768.o)
    0x00006754   0x00000020   Code   RO         1105    i._ZN4mbed5TimerC1EPKc  mbed.ar(Timer.LPC1768.o)
    0x00006774   0x0000000e   Code   RO         1161    i._ZN4mbed5TimerD0Ev  mbed.ar(Timer.LPC1768.o)
    0x00006782   0x00000006   Code   RO         1012    i._ZN4mbed6PwmOut4readEv  mbed.ar(PwmOut.LPC1768.o)
    0x00006788   0x00000006   Code   RO         1015    i._ZN4mbed6PwmOut9period_msEi  mbed.ar(PwmOut.LPC1768.o)
    0x0000678e   0x00000002   PAD
    0x00006790   0x00000020   Code   RO         1017    i._ZN4mbed6PwmOutC1E7PinNamePKc  mbed.ar(PwmOut.LPC1768.o)
    0x000067b0   0x0000000e   Code   RO         1085    i._ZN4mbed6PwmOutD0Ev  mbed.ar(PwmOut.LPC1768.o)
    0x000067be   0x0000000e   Code   RO         1019    i._ZN4mbed6PwmOutaSEf  mbed.ar(PwmOut.LPC1768.o)
    0x000067cc   0x0000001e   Code   RO         1332    i._ZN4mbed6Ticker5setupEj  mbed.ar(Ticker.LPC1768.o)
    0x000067ea   0x00000002   PAD
    0x000067ec   0x00000030   Code   RO           21    i._ZN4mbed6Ticker6attachEPFvvEf  main.o
    0x0000681c   0x00000016   Code   RO         1333    i._ZN4mbed6Ticker6detachEv  mbed.ar(Ticker.LPC1768.o)
    0x00006832   0x0000001a   Code   RO         1334    i._ZN4mbed6Ticker7handlerEv  mbed.ar(Ticker.LPC1768.o)
    0x0000684c   0x0000001c   Code   RO           54    i._ZN4mbed6TickerC1Ev  main.o
    0x00006868   0x00000004   Code   RO         1343    i._ZN4mbed6TickerD1Ev  mbed.ar(Ticker.LPC1768.o)
    0x0000686c   0x00000006   Code   RO         1169    i._ZN4mbed8AnalogIn8read_u16Ev  mbed.ar(AnalogIn.LPC1768.o)
    0x00006872   0x00000002   PAD
    0x00006874   0x00000020   Code   RO         1170    i._ZN4mbed8AnalogInC1E7PinNamePKc  mbed.ar(AnalogIn.LPC1768.o)
    0x00006894   0x0000000e   Code   RO         1204    i._ZN4mbed8AnalogInD0Ev  mbed.ar(AnalogIn.LPC1768.o)
    0x000068a2   0x00000004   Code   RO           33    i._ZN6CServoD1Ev    main.o
    0x000068a6   0x0000001e   Code   RO           42    i._ZN6CSonarD1Ev    main.o
    0x000068c4   0x00000018   Code   RO           45    i._ZN6CSpeedD1Ev    main.o
    0x000068dc   0x00000012   Code   RO           48    i._ZN8C2y0a700D1Ev  main.o
    0x000068ee   0x00000020   Code   RO         2319    i._ZNKSt9type_infoeqERKS_  cpprt_w.l(type_info_eq.o)
    0x0000690e   0x00000008   Code   RO         1838    i._ZdaPv            cpprt_w.l(array_del.o)
    0x00006916   0x00000008   Code   RO         1845    i._ZdlPv            cpprt_w.l(delete.o)
    0x0000691e   0x00000020   Code   RO         1880    i.__ARM_common_get_typeid  cpprt_w.l(rtti.o)
    0x0000693e   0x00000028   Code   RO         2615    i.__ARM_fpclassify  m_ws.l(fpclassify.o)
    0x00006966   0x00000026   Code   RO         2345    i.__ARM_fpclassifyf  m_ws.l(fpclassifyf.o)
    0x0000698c   0x00000030   Code   RO         1883    i.__aeabi_atexit    cpprt_w.l(aeabi_atexit.o)
    0x000069bc   0x00000042   Code   RO         2306    i.__cxa_finalize    cpprt_w.l(cxa_finalize.o)
    0x000069fe   0x00000006   Code   RO         1852    i.__cxa_pure_virtual  cpprt_w.l(pure_virt.o)
    0x00006a04   0x0000006c   Code   RO         1860    i.__derived_to_base_conversion  cpprt_w.l(rtti.o)
    0x00006a70   0x000000a0   Code   RO         1861    i.__dynamic_cast    cpprt_w.l(rtti.o)
    0x00006b10   0x00000010   Code   RO         2708    i.__mathlib_dbl_underflow  m_ws.l(dunder.o)
    0x00006b20   0x0000000a   Code   RO         2347    i.__mathlib_flt_underflow  m_ws.l(funder.o)
    0x00006b2a   0x00000010   Code   RO         2617    i.__mathlib_narrow  m_ws.l(narrow.o)
    0x00006b3a   0x00000002   PAD
    0x00006b3c   0x00000088   Code   RO         2618    i.__mathlib_tofloat  m_ws.l(narrow.o)
    0x00006bc4   0x00000016   Code   RO         2697    i.__support_ldexp   m_ws.l(ldexp.o)
    0x00006bda   0x00000002   PAD
    0x00006bdc   0x0000000c   Code   RO          495    i.__user_setup_stackheap  stackheap.o
    0x00006be8   0x0000002c   Code   RO         1549    i._sys_close        mbed.ar(stdio.LPC1768.o)
    0x00006c14   0x00000028   Code   RO         1552    i._sys_flen         mbed.ar(stdio.LPC1768.o)
    0x00006c3c   0x00000028   Code   RO         1553    i._sys_istty        mbed.ar(stdio.LPC1768.o)
    0x00006c64   0x00000184   Code   RO         1554    i._sys_open         mbed.ar(stdio.LPC1768.o)
    0x00006de8   0x0000002c   Code   RO         1556    i._sys_seek         mbed.ar(stdio.LPC1768.o)
    0x00006e14   0x00000054   Code   RO         1557    i._sys_write        mbed.ar(stdio.LPC1768.o)
    0x00006e68   0x00000048   Code   RO         1461    i.analogin_init     capi.ar(analogin_api.LPC1768.o)
    0x00006eb0   0x00000040   Code   RO         1463    i.analogin_read_u16  capi.ar(analogin_api.LPC1768.o)
    0x00006ef0   0x00000258   Code   RO         2049    i.atan2f            m_ws.l(atan2f.o)
    0x00007148   0x00000016   Code   RO         1676    i.exit              capi.ar(exit.LPC1768.o)
    0x0000715e   0x0000001a   Code   RO         2434    i.fputc             c_w.l(fputc.o)
    0x00007178   0x00000058   Code   RO         2662    i.frexp             m_ws.l(frexp.o)
    0x000071d0   0x00000030   Code   RO         1534    i.gpio_input        capi.ar(gpio_api.LPC1768.o)
    0x00007200   0x00000070   Code   RO         1525    i.gpio_irq_falling  capi.ar(gpio_irq_api.LPC1768.o)
    0x00007270   0x00000070   Code   RO         1528    i.gpio_irq_rising   capi.ar(gpio_irq_api.LPC1768.o)
    0x000072e0   0x00000004   Code   RO         1535    i.gpio_mode         capi.ar(gpio_api.LPC1768.o)
    0x000072e4   0x00000030   Code   RO         1536    i.gpio_output       capi.ar(gpio_api.LPC1768.o)
    0x00007314   0x00000018   Code   RO         1538    i.gpio_write        capi.ar(gpio_api.LPC1768.o)
    0x0000732c   0x0000000a   Code   RO         1491    i.i2c_byte_read     capi.ar(i2c_api.LPC1768.o)
    0x00007336   0x0000001c   Code   RO         1492    i.i2c_byte_write    capi.ar(i2c_api.LPC1768.o)
    0x00007352   0x00000024   Code   RO         1493    i.i2c_do_read       capi.ar(i2c_api.LPC1768.o)
    0x00007376   0x0000001a   Code   RO         1494    i.i2c_do_write      capi.ar(i2c_api.LPC1768.o)
    0x00007390   0x00000018   Code   RO         1495    i.i2c_frequency     capi.ar(i2c_api.LPC1768.o)
    0x000073a8   0x000000d0   Code   RO         1496    i.i2c_init          capi.ar(i2c_api.LPC1768.o)
    0x00007478   0x00000022   Code   RO         1504    i.i2c_start         capi.ar(i2c_api.LPC1768.o)
    0x0000749a   0x00000012   Code   RO         1505    i.i2c_stop          capi.ar(i2c_api.LPC1768.o)
    0x000074ac   0x0000007e   Code   RO         2698    i.ldexp             m_ws.l(ldexp.o)
    0x0000752a   0x00000002   PAD
    0x0000752c   0x00000078   Code   RO         1715    i.mbed_die          capi.ar(utils_api.LPC1768.o)
    0x000075a4   0x00000038   Code   RO         1678    i.pin_function      capi.ar(pinmap.LPC1768.o)
    0x000075dc   0x00000068   Code   RO         1679    i.pin_mode          capi.ar(pinmap.LPC1768.o)
    0x00007644   0x0000003c   Code   RO         1680    i.pinmap_merge      capi.ar(pinmap.LPC1768.o)
    0x00007680   0x00000058   Code   RO         1681    i.pinmap_peripheral  capi.ar(pinmap.LPC1768.o)
    0x000076d8   0x000000cc   Code   RO         1682    i.pinmap_pinout     capi.ar(pinmap.LPC1768.o)
    0x000077a4   0x00000068   Code   RO         1470    i.pwmout_init       capi.ar(pwmout_api.LPC1768.o)
    0x0000780c   0x0000000a   Code   RO         1472    i.pwmout_period_ms  capi.ar(pwmout_api.LPC1768.o)
    0x00007816   0x00000002   PAD
    0x00007818   0x00000078   Code   RO         1473    i.pwmout_period_us  capi.ar(pwmout_api.LPC1768.o)
    0x00007890   0x0000004c   Code   RO         1476    i.pwmout_pulsewidth_us  capi.ar(pwmout_api.LPC1768.o)
    0x000078dc   0x00000034   Code   RO         1477    i.pwmout_read       capi.ar(pwmout_api.LPC1768.o)
    0x00007910   0x00000050   Code   RO         1478    i.pwmout_write      capi.ar(pwmout_api.LPC1768.o)
    0x00007960   0x0000000c   Code   RO         1690    i.semihost_exit     capi.ar(semihost_api.LPC1768.o)
    0x0000796c   0x000001c8   Code   RO         1655    i.serial_baud       capi.ar(serial_api.LPC1768.o)
    0x00007b34   0x00000094   Code   RO         1657    i.serial_format     capi.ar(serial_api.LPC1768.o)
    0x00007bc8   0x000000e4   Code   RO         1660    i.serial_init       capi.ar(serial_api.LPC1768.o)
    0x00007cac   0x0000000c   Code   RO         1662    i.serial_putc       capi.ar(serial_api.LPC1768.o)
    0x00007cb8   0x00000014   Code   RO         1642    i.timer_frequency   capi.ar(timer_api.LPC1768.o)
    0x00007ccc   0x00000070   Code   RO         1643    i.timer_init        capi.ar(timer_api.LPC1768.o)
    0x00007d3c   0x00000004   Code   RO         1644    i.timer_read        capi.ar(timer_api.LPC1768.o)
    0x00007d40   0x0000000c   Code   RO         1645    i.timer_start       capi.ar(timer_api.LPC1768.o)
    0x00007d4c   0x00000038   Code   RO         1544    i.us_ticker_read    capi.ar(us_ticker_api.LPC1768.o)
    0x00007d84   0x00000030   Code   RO         1001    i.wait              capi.ar(wait_api.LPC1768.o)
    0x00007db4   0x0000001c   Code   RO         1002    i.wait_ms           capi.ar(wait_api.LPC1768.o)
    0x00007dd0   0x0000002c   Code   RO         2457    locale$$code        c_w.l(lc_ctype_c.o)
    0x00007dfc   0x0000002c   Code   RO         2460    locale$$code        c_w.l(lc_numeric_c.o)
    0x00007e28   0x00000020   Code   RO          774    t._ZN4mbed11InterruptIn4riseI6CSpeedEEvPT_MS3_FvvE  cspeed.o
    0x00007e48   0x00000012   Code   RO           27    t._ZN4mbed15FunctionPointer12membercallerI4CGpsEEvPvPc  main.o
    0x00007e5a   0x00000012   Code   RO          702    t._ZN4mbed15FunctionPointer12membercallerI6CSonarEEvPvPc  csrf05.o
    0x00007e6c   0x00000012   Code   RO          780    t._ZN4mbed15FunctionPointer12membercallerI6CSpeedEEvPvPc  cspeed.o
    0x00007e7e   0x00000012   Code   RO          962    t._ZN4mbed15FunctionPointer12membercallerI8C2y0a700EEvPvPc  c2y0a700.o
    0x00007e90   0x00000018   Code   RO          696    t._ZN4mbed15FunctionPointer6attachI6CSonarEEvPT_MS3_FvvE  csrf05.o
    0x00007ea8   0x00000062   Code   RO         1986    x$fpl$d2f           fz_ws.l(d2f.o)
    0x00007f0a   0x00000002   PAD
    0x00007f0c   0x00000150   Code   RO         1988    x$fpl$dadd          fz_ws.l(daddsub_clz.o)
    0x0000805c   0x00000010   Code   RO         2322    x$fpl$dcheck1       fz_ws.l(dcheck1.o)
    0x0000806c   0x00000018   Code   RO         2692    x$fpl$dcmpinf       fz_ws.l(dcmpi.o)
    0x00008084   0x000002b0   Code   RO         1995    x$fpl$ddiv          fz_ws.l(ddiv.o)
    0x00008334   0x00000078   Code   RO         2655    x$fpl$deqf          fz_ws.l(deqf.o)
    0x000083ac   0x0000005e   Code   RO         1998    x$fpl$dfix          fz_ws.l(dfix.o)
    0x0000840a   0x0000002e   Code   RO         2003    x$fpl$dflt          fz_ws.l(dflt_clz.o)
    0x00008438   0x00000026   Code   RO         2002    x$fpl$dfltu         fz_ws.l(dflt_clz.o)
    0x0000845e   0x00000002   PAD
    0x00008460   0x00000078   Code   RO         2694    x$fpl$dleqf         fz_ws.l(dleqf.o)
    0x000084d8   0x00000154   Code   RO         2008    x$fpl$dmul          fz_ws.l(dmul.o)
    0x0000862c   0x0000009c   Code   RO         2324    x$fpl$dnaninf       fz_ws.l(dnaninf.o)
    0x000086c8   0x0000000c   Code   RO         2326    x$fpl$dretinf       fz_ws.l(dretinf.o)
    0x000086d4   0x0000006c   Code   RO         2657    x$fpl$drleqf        fz_ws.l(drleqf.o)
    0x00008740   0x00000016   Code   RO         1989    x$fpl$drsb          fz_ws.l(daddsub_clz.o)
    0x00008756   0x00000002   PAD
    0x00008758   0x000001d4   Code   RO         1990    x$fpl$dsub          fz_ws.l(daddsub_clz.o)
    0x0000892c   0x00000056   Code   RO         2010    x$fpl$f2d           fz_ws.l(f2d.o)
    0x00008982   0x00000002   PAD
    0x00008984   0x000000c4   Code   RO         2012    x$fpl$fadd          fz_ws.l(faddsub_clz.o)
    0x00008a48   0x0000000c   Code   RO         2600    x$fpl$fcheck1       fz_ws.l(fcheck1.o)
    0x00008a54   0x00000018   Code   RO         2328    x$fpl$fcmpinf       fz_ws.l(fcmpi.o)
    0x00008a6c   0x00000184   Code   RO         2019    x$fpl$fdiv          fz_ws.l(fdiv.o)
    0x00008bf0   0x00000036   Code   RO         2022    x$fpl$ffix          fz_ws.l(ffix.o)
    0x00008c26   0x00000002   PAD
    0x00008c28   0x0000003e   Code   RO         2026    x$fpl$ffixu         fz_ws.l(ffixu.o)
    0x00008c66   0x00000002   PAD
    0x00008c68   0x00000030   Code   RO         2031    x$fpl$fflt          fz_ws.l(fflt_clz.o)
    0x00008c98   0x00000026   Code   RO         2030    x$fpl$ffltu         fz_ws.l(fflt_clz.o)
    0x00008cbe   0x00000002   PAD
    0x00008cc0   0x00000068   Code   RO         2036    x$fpl$fleqf         fz_ws.l(fleqf.o)
    0x00008d28   0x00000102   Code   RO         2038    x$fpl$fmul          fz_ws.l(fmul.o)
    0x00008e2a   0x0000008c   Code   RO         2330    x$fpl$fnaninf       fz_ws.l(fnaninf.o)
    0x00008eb6   0x0000000e   Code   RO         2659    x$fpl$fpinit        fz_ws.l(fpinit.o)
    0x00008ec4   0x0000000a   Code   RO         2332    x$fpl$fretinf       fz_ws.l(fretinf.o)
    0x00008ece   0x00000014   Code   RO         2013    x$fpl$frsb          fz_ws.l(faddsub_clz.o)
    0x00008ee2   0x00000002   PAD
    0x00008ee4   0x000000ea   Code   RO         2014    x$fpl$fsub          fz_ws.l(faddsub_clz.o)
    0x00008fce   0x00000004   Code   RO         2334    x$fpl$printf1       fz_ws.l(printf1.o)
    0x00008fd2   0x00000004   Code   RO         2336    x$fpl$printf2       fz_ws.l(printf2.o)
    0x00008fd6   0x00000064   Code   RO         2503    x$fpl$retnan        fz_ws.l(retnan.o)
    0x0000903a   0x00000060   Code   RO         2043    x$fpl$scalbn        fz_ws.l(scalbn.o)
    0x0000909a   0x00000050   Code   RO         2506    x$fpl$scalbnf       fz_ws.l(scalbnf.o)
    0x000090ea   0x00000004   Code   RO         2342    x$fpl$scanf1        fz_ws.l(scanf1.o)
    0x000090ee   0x00000008   Code   RO         2607    x$fpl$scanf2        fz_ws.l(scanf2.o)
    0x000090f6   0x00000030   Code   RO         2613    x$fpl$trapveneer    fz_ws.l(trapv.o)
    0x00009126   0x00000000   Code   RO         2344    x$fpl$usenofp       fz_ws.l(usenofp.o)
    0x00009126   0x00000002   PAD
    0x00009128   0x00000008   Data   RO            5    .constdata          main.o
    0x00009130   0x00000018   Data   RO          679    .constdata          csrf05.o
    0x00009148   0x00000010   Data   RO          757    .constdata          cspeed.o
    0x00009158   0x00000018   Data   RO          950    .constdata          c2y0a700.o
    0x00009170   0x00000018   Data   RO         1282    .constdata          mbed.ar(Base.LPC1768.o)
    0x00009188   0x0000006c   Data   RO         1464    .constdata          capi.ar(analogin_api.LPC1768.o)
    0x000091f4   0x000000b4   Data   RO         1479    .constdata          capi.ar(pwmout_api.LPC1768.o)
    0x000092a8   0x00000098   Data   RO         1507    .constdata          capi.ar(i2c_api.LPC1768.o)
    0x00009340   0x00000017   Data   RO         1608    .constdata          mbed.ar(stdio.LPC1768.o)
    0x00009357   0x00000001   PAD
    0x00009358   0x00000154   Data   RO         1665    .constdata          capi.ar(serial_api.LPC1768.o)
    0x000094ac   0x00000028   Data   RO         1763    .constdata          c_w.l(_printf_hex_int_ll_ptr.o)
    0x000094d4   0x00000011   Data   RO         1781    .constdata          c_w.l(__printf_flags_ss_wp.o)
    0x000094e5   0x00000003   PAD
    0x000094e8   0x00000008   Data   RO         2162    .constdata          c_w.l(_printf_wctomb.o)
    0x000094f0   0x00000026   Data   RO         2417    .constdata          c_w.l(_printf_fp_hex.o)
    0x00009516   0x00000002   PAD
    0x00009518   0x00000094   Data   RO         2524    .constdata          c_w.l(bigflt0.o)
    0x000095ac   0x0000000c   Data   RO         1970    .constdata__ZTIN10__cxxabiv117__class_type_infoE  cpprt_w.l(lib_rtti_impl.o)
    0x000095b8   0x0000000c   Data   RO         1971    .constdata__ZTIN10__cxxabiv120__si_class_type_infoE  cpprt_w.l(lib_rtti_impl.o)
    0x000095c4   0x0000000c   Data   RO         1972    .constdata__ZTIN10__cxxabiv121__vmi_class_type_infoE  cpprt_w.l(lib_rtti_impl.o)
    0x000095d0   0x0000000c   Data   RO         1247    .constdata__ZTIN4mbed10DigitalOutE  mbed.ar(DigitalOut.LPC1768.o)
    0x000095dc   0x00000008   Data   RO         1638    .constdata__ZTIN4mbed10FileHandleE  mbed.ar(stdio.LPC1768.o)
    0x000095e4   0x0000000c   Data   RO         1378    .constdata__ZTIN4mbed11InterruptInE  mbed.ar(InterruptIn.LPC1768.o)
    0x000095f0   0x0000000c   Data   RO         1330    .constdata__ZTIN4mbed14FileSystemLikeE  mbed.ar(Base.LPC1768.o)
    0x000095fc   0x0000000c   Data   RO         1425    .constdata__ZTIN4mbed3I2CE  mbed.ar(I2C.LPC1768.o)
    0x00009608   0x00000008   Data   RO         1307    .constdata__ZTIN4mbed4BaseE  mbed.ar(Base.LPC1768.o)
    0x00009610   0x0000000c   Data   RO         1164    .constdata__ZTIN4mbed5TimerE  mbed.ar(Timer.LPC1768.o)
    0x0000961c   0x0000000c   Data   RO         1094    .constdata__ZTIN4mbed6PwmOutE  mbed.ar(PwmOut.LPC1768.o)
    0x00009628   0x0000000c   Data   RO         1207    .constdata__ZTIN4mbed8AnalogInE  mbed.ar(AnalogIn.LPC1768.o)
    0x00009634   0x00000020   Data   RO         1637    .constdata__ZTIN4mbed8FileLikeE  mbed.ar(stdio.LPC1768.o)
    0x00009654   0x00000008   Data   RO         2317    .constdata__ZTISt9type_info  cpprt_w.l(type_info_dtor.o)
    0x0000965c   0x00000022   Data   RO         1980    .constdata__ZTSN10__cxxabiv117__class_type_infoE  cpprt_w.l(lib_rtti_impl.o)
    0x0000967e   0x00000025   Data   RO         1981    .constdata__ZTSN10__cxxabiv120__si_class_type_infoE  cpprt_w.l(lib_rtti_impl.o)
    0x000096a3   0x00000026   Data   RO         1982    .constdata__ZTSN10__cxxabiv121__vmi_class_type_infoE  cpprt_w.l(lib_rtti_impl.o)
    0x000096c9   0x00000014   Data   RO         1248    .constdata__ZTSN4mbed10DigitalOutE  mbed.ar(DigitalOut.LPC1768.o)
    0x000096dd   0x00000014   Data   RO         1640    .constdata__ZTSN4mbed10FileHandleE  mbed.ar(stdio.LPC1768.o)
    0x000096f1   0x00000015   Data   RO         1379    .constdata__ZTSN4mbed11InterruptInE  mbed.ar(InterruptIn.LPC1768.o)
    0x00009706   0x00000018   Data   RO         1331    .constdata__ZTSN4mbed14FileSystemLikeE  mbed.ar(Base.LPC1768.o)
    0x0000971e   0x0000000c   Data   RO         1426    .constdata__ZTSN4mbed3I2CE  mbed.ar(I2C.LPC1768.o)
    0x0000972a   0x0000000d   Data   RO         1311    .constdata__ZTSN4mbed4BaseE  mbed.ar(Base.LPC1768.o)
    0x00009737   0x0000000e   Data   RO         1165    .constdata__ZTSN4mbed5TimerE  mbed.ar(Timer.LPC1768.o)
    0x00009745   0x0000000f   Data   RO         1095    .constdata__ZTSN4mbed6PwmOutE  mbed.ar(PwmOut.LPC1768.o)
    0x00009754   0x00000011   Data   RO         1208    .constdata__ZTSN4mbed8AnalogInE  mbed.ar(AnalogIn.LPC1768.o)
    0x00009765   0x00000011   Data   RO         1639    .constdata__ZTSN4mbed8FileLikeE  mbed.ar(stdio.LPC1768.o)
    0x00009776   0x0000000d   Data   RO         2318    .constdata__ZTSSt9type_info  cpprt_w.l(type_info_dtor.o)
    0x00009783   0x00000001   PAD
    0x00009784   0x00000010   Data   RO         1955    .constdata__ZTVN10__cxxabiv117__class_type_infoE  cpprt_w.l(lib_rtti_impl.o)
    0x00009794   0x00000010   Data   RO         1957    .constdata__ZTVN10__cxxabiv120__si_class_type_infoE  cpprt_w.l(lib_rtti_impl.o)
    0x000097a4   0x00000010   Data   RO         1959    .constdata__ZTVN10__cxxabiv121__vmi_class_type_infoE  cpprt_w.l(lib_rtti_impl.o)
    0x000097b4   0x00000018   Data   RO         1224    .constdata__ZTVN4mbed10DigitalOutE  mbed.ar(DigitalOut.LPC1768.o)
    0x000097cc   0x00000014   Data   RO         1457    .constdata__ZTVN4mbed10TimerEventE  mbed.ar(TimerEvent.LPC1768.o)
    0x000097e0   0x00000018   Data   RO         1377    .constdata__ZTVN4mbed11InterruptInE  mbed.ar(InterruptIn.LPC1768.o)
    0x000097f8   0x00000018   Data   RO         1424    .constdata__ZTVN4mbed3I2CE  mbed.ar(I2C.LPC1768.o)
    0x00009810   0x00000018   Data   RO         1303    .constdata__ZTVN4mbed4BaseE  mbed.ar(Base.LPC1768.o)
    0x00009828   0x00000018   Data   RO         1135    .constdata__ZTVN4mbed5TimerE  mbed.ar(Timer.LPC1768.o)
    0x00009840   0x00000018   Data   RO         1055    .constdata__ZTVN4mbed6PwmOutE  mbed.ar(PwmOut.LPC1768.o)
    0x00009858   0x00000014   Data   RO         1342    .constdata__ZTVN4mbed6TickerE  mbed.ar(Ticker.LPC1768.o)
    0x0000986c   0x00000018   Data   RO         1190    .constdata__ZTVN4mbed8AnalogInE  mbed.ar(AnalogIn.LPC1768.o)
    0x00009884   0x0000000e   Data   RO         1284    .conststring        mbed.ar(Base.LPC1768.o)
    0x00009892   0x00000005   Data   RO         1285    .conststring        mbed.ar(Base.LPC1768.o)
    0x00009897   0x00000001   PAD
    0x00009898   0x00000020   Data   RO         2711    Region$$Table       anon$$obj.o
    0x000098b8   0x00000008   Data   RO         2602    c$$dinf             fz_ws.l(fpconst.o)
    0x000098c0   0x00000110   Data   RO         2456    locale$$data        c_w.l(lc_ctype_c.o)
    0x000099d0   0x0000001c   Data   RO         2459    locale$$data        c_w.l(lc_numeric_c.o)
    0x000099ec   0x00000004   Data   RO            6    .init_array         main.o


    Execution Region RW_IRAM1 (Base: 0x10000000, Size: 0x00001a88, Max: 0x00008000, ABSOLUTE, COMPRESSED[0x00000028])

    Base Addr    Size         Type   Attr      Idx    E Section Name        Object

    0x10000000   0x000000c4   Data   RW          490    .ARM.__AT_0x10000000  cmsis_nvic.o
    0x100000c4   0x00000001   Data   RW          296    .data               pccomm.o
    0x100000c5   0x00000003   PAD
    0x100000c8   0x00000004   Data   RW          503    .data               system_LPC17xx.o
    0x100000cc   0x00000004   Data   RW          853    .data               cuart0.o
    0x100000d0   0x00000004   Data   RW          896    .data               cuart1.o
    0x100000d4   0x00000004   Data   RW          914    .data               cuart2.o
    0x100000d8   0x00000004   Data   RW          932    .data               cuart3.o
    0x100000dc   0x00000008   Data   RW         1286    .data               mbed.ar(Base.LPC1768.o)
    0x100000e4   0x0000000c   Data   RW         1287    .data               mbed.ar(Base.LPC1768.o)
    0x100000f0   0x00000004   Data   RW         1413    .data               mbed.ar(I2C.LPC1768.o)
    0x100000f4   0x00000004   Data   RW         1448    .data               mbed.ar(TimerEvent.LPC1768.o)
    0x100000f8   0x0000001c   Data   RW         1480    .data               capi.ar(pwmout_api.LPC1768.o)
    0x10000114   0x00000004   Data   RW         1545    .data               capi.ar(us_ticker_api.LPC1768.o)
    0x10000118   0x00000004   Data   RW         1794    .data               c_w.l(stdio_streams.o)
    0x1000011c   0x00000004   Data   RW         1795    .data               c_w.l(stdio_streams.o)
    0x10000120   0x00000004   Data   RW         1796    .data               c_w.l(stdio_streams.o)
    0x10000124   0x00000004   Data   RW         1803    .data               c_w.l(strtok.o)
    0x10000128   0x00000004   Data   RW         2571    .data               c_w.l(heapauxa.o)
    0x1000012c   0x00001644   Zero   RW            4    .bss                main.o
    0x10001770   0x00000100   Zero   RW          295    .bss                pccomm.o
    0x10001870   0x000000c0   Zero   RW         1367    .bss                mbed.ar(InterruptIn.LPC1768.o)
    0x10001930   0x00000040   Zero   RW         1607    .bss                mbed.ar(stdio.LPC1768.o)
    0x10001970   0x00000050   Zero   RW         1791    .bss                c_w.l(stdio_streams.o)
    0x100019c0   0x00000050   Zero   RW         1792    .bss                c_w.l(stdio_streams.o)
    0x10001a10   0x00000050   Zero   RW         1793    .bss                c_w.l(stdio_streams.o)
    0x10001a60   0x00000004   Zero   RW         2074    .bss                c_w.l(rt_ddtor_pointer_addr.o)
    0x10001a64   0x00000004   Zero   RW         2079    .bss                c_w.l(rt_errno_addr.o)
    0x10001a68   0x00000004   Zero   RW         2381    .bss                c_w.l(rt_heap_descriptor.o)
    0x10001a6c   0x00000014   Zero   RW         2386    .bss                c_w.l(rt_locale.o)
    0x10001a80   0x00000004   Zero   RW         2624    .bss                c_w.l(rt_eh_globals_addr.o)
    0x10001a84   0x00000004   Zero   RW         2666    .bss                c_w.l(rt_fp_status_addr.o)


    Execution Region RW_IRAM2 (Base: 0x2007c000, Size: 0x00000000, Max: 0x00004000, ABSOLUTE)

    **** No section assigned to this execution region ****


    Execution Region RW_IRAM3 (Base: 0x20080000, Size: 0x00000000, Max: 0x00004000, ABSOLUTE)

    **** No section assigned to this execution region ****


    Execution Region RW_IRAM4 (Base: 0x40038000, Size: 0x00000000, Max: 0x00000800, ABSOLUTE)

    **** No section assigned to this execution region ****


==============================================================================

Image component sizes


      Code (inc. data)   RO Data    RW Data    ZI Data      Debug   Object Name

       282         26         24          0          0       7236   c2y0a700.o
       354          0          0          0          0       4016   cbuffer.o
       280         14          0          0          0       8468   cdcompass.o
       504        102          0          0          0       7592   cgps.o
        56          4          0        196          0         80   cmsis_nvic.o
       716         36          0          0          0       3200   cnmea.o
       308         46          0          0          0       2480   cservo.o
       592         44         16          0          0       9332   cspeed.o
       354         16         24          0          0       8480   csrf05.o
       464         44          0          4          0      22507   cuart0.o
       508         44          0          4          0       3848   cuart1.o
       508         46          0          4          0       3848   cuart2.o
       540         44          0          4          0       3880   cuart3.o
       938        164         12          0       5700      51081   main.o
      1372        540          0          1        256       1177   pccomm.o
        12          4          0          0          0         68   stackheap.o
        40         12        196          0          0        228   startup_LPC17xx.o
       120         10          0          4          0         68   system_LPC17xx.o

    ----------------------------------------------------------------------
      7950       1196        304        220       5956     137589   Object Totals
         0          0         32          0          0          0   (incl. Generated)
         2          0          0          3          0          1   (incl. Padding)

    ----------------------------------------------------------------------

      Code (inc. data)   RO Data    RW Data    ZI Data      Debug   Library Member Name

        44          6          0          0          0         84   __2sprintf.o
        90          0          0          0          0          0   __dczerorl2.o
         8          0          0          0          0         68   __main.o
       412          4         17          0          0         92   __printf_flags_ss_wp.o
        52          8          0          0          0          0   __scatter.o
        28          0          0          0          0          0   __scatter_zi.o
        32          0          0          0          0         68   _chval.o
        60          0          0          0          0         92   _mbrtowc.o
         6          0          0          0          0          0   _printf_a.o
         6          0          0          0          0          0   _printf_c.o
        44          0          0          0          0        108   _printf_char.o
        48          6          0          0          0         96   _printf_char_common.o
        36          4          0          0          0         80   _printf_char_file.o
        42          0          0          0          0         68   _printf_charcount.o
         6          0          0          0          0          0   _printf_d.o
       120         18          0          0          0         92   _printf_dec.o
         6          0          0          0          0          0   _printf_e.o
         6          0          0          0          0          0   _printf_f.o
      1050          0          0          0          0        216   _printf_fp_dec.o
       756          8         38          0          0        100   _printf_fp_hex.o
       124         16          0          0          0         84   _printf_fp_infnan.o
         6          0          0          0          0          0   _printf_g.o
       156          6         40          0          0        160   _printf_hex_int_ll_ptr.o
         6          0          0          0          0          0   _printf_i.o
       180          0          0          0          0         88   _printf_intcommon.o
        10          0          0          0          0          0   _printf_l.o
         6          0          0          0          0          0   _printf_lc.o
        10          0          0          0          0          0   _printf_ll.o
         6          0          0          0          0          0   _printf_lld.o
         6          0          0          0          0          0   _printf_lli.o
         6          0          0          0          0          0   _printf_llo.o
         6          0          0          0          0          0   _printf_llu.o
         6          0          0          0          0          0   _printf_llx.o
       120         16          0          0          0         92   _printf_longlong_dec.o
         6          0          0          0          0          0   _printf_ls.o
         6          0          0          0          0          0   _printf_n.o
         6          0          0          0          0          0   _printf_o.o
       120          8          0          0          0        124   _printf_oct_int_ll.o
         6          0          0          0          0          0   _printf_p.o
        80          0          0          0          0        108   _printf_pad.o
         0          0          0          0          0          0   _printf_percent.o
         4          0          0          0          0          0   _printf_percent_end.o
         6          0          0          0          0          0   _printf_s.o
        82          0          0          0          0         80   _printf_str.o
        36          0          0          0          0         84   _printf_truncate.o
         6          0          0          0          0          0   _printf_u.o
        44          0          0          0          0        108   _printf_wchar.o
       188          6          8          0          0         92   _printf_wctomb.o
         6          0          0          0          0          0   _printf_x.o
        22          0          0          0          0        100   _rserrno.o
       904          4          0          0          0        100   _scanf.o
       334          0          0          0          0         96   _scanf_int.o
       358          0          0          0          0        100   _scanf_longlong.o
       284          0          0          0          0        100   _scanf_mbtowc.o
       216          0          0          0          0         96   _scanf_str.o
        30          0          0          0          0         76   _scanf_wcharmap.o
       232          0          0          0          0        100   _scanf_wctomb.o
       202          0          0          0          0         96   _scanf_wstr.o
        64          0          0          0          0         84   _sgetc.o
        10          0          0          0          0         68   _sputc.o
        64          0          0          0          0         92   _wcrtomb.o
        16          0          0          0          0         68   abort.o
       124         40          0          0          0         76   assert.o
        24          6          0          0          0         80   assert_stdio.o
       236          6        148          0          0         96   bigflt0.o
      2074        132          0          0          0        940   btod.o
        48         34          0          0          0         76   defsig_abrt_inner.o
        14          0          0          0          0         80   defsig_abrt_outer.o
        10          0          0          0          0         68   defsig_exit.o
        50          0          0          0          0         88   defsig_general.o
        48         34          0          0          0         76   defsig_pvfn_inner.o
        14          0          0          0          0         80   defsig_pvfn_outer.o
        76         56          0          0          0         76   defsig_rtmem_inner.o
        14          0          0          0          0         80   defsig_rtmem_outer.o
        52         38          0          0          0         76   defsig_rtred_inner.o
        14          0          0          0          0         80   defsig_rtred_outer.o
        76          0          0          0          0         88   fclose.o
         8          0          0          0          0         68   ferror.o
       100          4          0          0          0        120   fflush.o
       472          0          0          0          0         88   flsbuf.o
       236          4          0          0          0        128   fopen.o
        20          0          0          0          0         84   fprintf.o
        26          0          0          0          0         68   fputc.o
        34          0          0          0          0         80   fputs.o
       248          4          0          0          0         84   fseek.o
        70          0          0          0          0         76   ftell.o
        94          0          0          0          0         80   h1_alloc.o
        50          0          0          0          0         68   h1_extend.o
        78          0          0          0          0         80   h1_free.o
        14          0          0          0          0         84   h1_init.o
        76          4          0          4          0         96   heapauxa.o
         4          0          0          0          0        136   hguard.o
        36         10          0          0          0         80   init_aeabi.o
       138          0          0          0          0        168   init_alloc.o
       312         46          0          0          0        112   initio.o
        18          0          0          0          0         76   isspace.o
        44         10        272          0          0         76   lc_ctype_c.o
        44         10         28          0          0         76   lc_numeric_c.o
         6          0          0          0          0          0   libinit.o
        46          0          0          0          0          0   libinit2.o
         6          0          0          0          0          0   libshutdown2.o
        38          0          0          0          0         68   llshl.o
       138          0          0          0          0         80   lludiv10.o
       238          0          0          0          0        100   lludivv7m.o
         0          0          0          0          0         68   maybetermalloc1.o
        78          0          0          0          0         76   memcmp.o
        16          4          0          0          0         76   rt_ctype_table.o
         8          4          0          0          4         68   rt_ddtor_pointer_addr.o
         8          4          0          0          4         68   rt_eh_globals_addr.o
         8          4          0          0          4         68   rt_errno_addr.o
         8          4          0          0          4         68   rt_fp_status_addr.o
         8          4          0          0          4         68   rt_heap_descriptor.o
         8          4          0          0         20         68   rt_locale.o
        68          0          0          0          0         68   rt_memclr.o
        78          0          0          0          0         80   rt_memclr_w.o
       138          0          0          0          0         68   rt_memcpy_v6.o
       100          0          0          0          0         80   rt_memcpy_w.o
         0          0          0          0          0          0   rtentry.o
        12          0          0          0          0          0   rtentry2.o
         6          0          0          0          0          0   rtentry4.o
        48         10          0          0          0         84   scanf_char.o
      1188         10          0          0          0        148   scanf_fp.o
       780         14          0          0          0        100   scanf_hexfp.o
       316         18          0          0          0        100   scanf_infnan.o
        70          0          0          0          0         80   setvbuf.o
        44          6          0          0          0         84   sprintf.o
        60          8          0          0          0         84   sscanf.o
       240          6          0          0          0        156   stdio.o
         0          0          0         12        240          0   stdio_streams.o
       128          0          0          0          0         68   strcmpv7m.o
        32          0          0          0          0         80   strcspn.o
        62          0          0          0          0         76   strlen.o
       140          0          0          0          0         80   strncmp.o
        28          0          0          0          0         80   strspn.o
        12          6          0          4          0         68   strtok.o
        72          6          0          0          0         84   strtok_int.o
        12          4          0          0          0         68   sys_exit.o
        14          0          0          0          0         76   sys_wrch.o
         2          0          0          0          0         68   use_no_semi.o
       136         24        108          0          0        148   analogin_api.LPC1768.o
        22          0          0          0          0         84   exit.LPC1768.o
       124          0          0          0          0        296   gpio_api.LPC1768.o
       224         48          0          0          0        136   gpio_irq_api.LPC1768.o
       384         54        152          0          0        572   i2c_api.LPC1768.o
       512         98          0          0          0        412   pinmap.LPC1768.o
       442         62        180         28          0        472   pwmout_api.LPC1768.o
        12          0          0          0          0         72   semihost_api.LPC1768.o
       844        106        340          0          0        324   serial_api.LPC1768.o
       148         18          0          0          0        272   timer_api.LPC1768.o
        56         12          0          4          0         84   us_ticker_api.LPC1768.o
       120          6          0          0          0         84   utils_api.LPC1768.o
        76          8          0          0          0        160   wait_api.LPC1768.o
        48          0          0          0          0         84   aeabi_atexit.o
         4          0          0          0          0         68   arm_bad_typeid_noexceptions.o
        80         14          0          0          0         96   arm_exceptions_globs.o
        60          0          0          0          0        108   arm_exceptions_mem.o
        26          0          0          0          0         76   arm_exceptions_terminate.o
         8          0          0          0          0         76   array_del.o
        66          0          0          0          0         84   cxa_finalize.o
         8          0          0          0          0         76   delete.o
         0          0        193          0          0          0   lib_rtti_impl.o
         6          0          0          0          0         68   pure_virt.o
      1252         40          0          0          0        716   rtti.o
         0          0         21          0          0          0   type_info_dtor.o
        32          0          0          0          0         80   type_info_eq.o
        98          4          0          0          0         92   d2f.o
       826         16          0          0          0        356   daddsub_clz.o
        16          4          0          0          0         68   dcheck1.o
        24          0          0          0          0         68   dcmpi.o
       688        140          0          0          0        212   ddiv.o
       120          4          0          0          0         92   deqf.o
        94          4          0          0          0         92   dfix.o
        84          0          0          0          0        136   dflt_clz.o
       120          4          0          0          0         92   dleqf.o
       340         12          0          0          0        104   dmul.o
       156          4          0          0          0         92   dnaninf.o
        12          0          0          0          0         68   dretinf.o
       108          0          0          0          0         80   drleqf.o
        86          4          0          0          0         84   f2d.o
       450          8          0          0          0        236   faddsub_clz.o
        12          4          0          0          0         68   fcheck1.o
        24          0          0          0          0         68   fcmpi.o
       388         76          0          0          0         96   fdiv.o
        54          4          0          0          0         84   ffix.o
        62          4          0          0          0         84   ffixu.o
        86          0          0          0          0        136   fflt_clz.o
       104          4          0          0          0         84   fleqf.o
       258          4          0          0          0         84   fmul.o
       140          4          0          0          0         84   fnaninf.o
         0          0          8          0          0          0   fpconst.o
        14          0          0          0          0         76   fpinit.o
        10          0          0          0          0         68   fretinf.o
         4          0          0          0          0         68   printf1.o
         4          0          0          0          0         68   printf2.o
       100          0          0          0          0         68   retnan.o
        96          0          0          0          0         68   scalbn.o
        80          0          0          0          0         68   scalbnf.o
         4          0          0          0          0         68   scanf1.o
         8          0          0          0          0         84   scanf2.o
        48          0          0          0          0         68   trapv.o
         0          0          0          0          0          0   usenofp.o
       600         78          0          0          0        116   atan2f.o
        16          6          0          0          0         68   dunder.o
        40          0          0          0          0         68   fpclassify.o
        38          0          0          0          0         68   fpclassifyf.o
        88          8          0          0          0         76   frexp.o
        10          0          0          0          0         68   funder.o
       148          0          0          0          0        160   ldexp.o
       152          4          0          0          0        160   narrow.o
        52          4         53          0          0        228   AnalogIn.LPC1768.o
       312         46        124         20          0        444   Base.LPC1768.o
        92          4         56          0          0        296   DigitalOut.LPC1768.o
        42          0          0          0          0        204   FunctionPointer.LPC1768.o
       132         14         48          4          0        512   I2C.LPC1768.o
       424        110         57          0        192        412   InterruptIn.LPC1768.o
        72          4         51          0          0        372   PwmOut.LPC1768.o
        82          0         20          0          0        312   Ticker.LPC1768.o
       158          6         50          0          0        536   Timer.LPC1768.o
       348         58         20          4          0        440   TimerEvent.LPC1768.o
       640         68        100          0         64        448   stdio.LPC1768.o

    ----------------------------------------------------------------------
     29014       1870       2140         80        536      23104   Library Totals
        68          2          8          0          0          0   (incl. Padding)

    ----------------------------------------------------------------------

      Code (inc. data)   RO Data    RW Data    ZI Data      Debug   Library Name

     16092        664        551         20        280      10104   c_w.l
      3100        436        780         32          0       3116   capi.ar
      1590         54        214          0          0       1532   cpprt_w.l
      4718        304          8          0          0       3364   fz_ws.l
      1092         96          0          0          0        784   m_ws.l
      2354        314        579         28        256       4204   mbed.ar

    ----------------------------------------------------------------------
     29014       1870       2140         80        536      23104   Library Totals

    ----------------------------------------------------------------------

==============================================================================


      Code (inc. data)   RO Data    RW Data    ZI Data      Debug   

     36964       3066       2444        300       6492     144244   Grand Totals
     36964       3066       2444         40       6492     144244   ELF Image Totals (compressed)
     36964       3066       2444         40          0          0   ROM Totals

==============================================================================

    Total RO  Size (Code + RO Data)                39408 (  38.48kB)
    Total RW  Size (RW Data + ZI Data)              6792 (   6.63kB)
    Total ROM Size (Code + RO Data + RW Data)      39448 (  38.52kB)

==============================================================================

