ARM Linker, 4.1 [Build 561] [Standard]

==============================================================================

Section Cross References

    main.o(.text) refers to main.o(i._ZN4mbed6Ticker6attachEPFvvEf) for mbed::Ticker::attach(void(*)(), float)
    main.o(.text) refers to cuart2.o(.text) for CUart2::Baud(unsigned)
    main.o(.text) refers to cuart1.o(.text) for CUart1::Baud(unsigned)
    main.o(.text) refers to cuart0.o(.text) for CUart0::Baud(unsigned)
    main.o(.text) refers to cgps.o(.text) for CGps::Enable()
    main.o(.text) refers to Ticker.LPC1768.o(i._ZN4mbed6Ticker5setupEj) for mbed::Ticker::setup(unsigned)
    main.o(.text) refers to csrf05.o(.text) for CSonar::Enable()
    main.o(.text) refers to c2y0a700.o(.text) for C2y0a700::Enable()
    main.o(.text) refers to cspeed.o(.text) for CSpeed::Enable()
    main.o(.text) refers to cdcompass.o(.text) for CDigitalCompass::Config()
    main.o(.text) refers to wait_api.LPC1768.o(i.wait) for wait
    main.o(.text) refers to DigitalOut.LPC1768.o(i._ZN4mbed10DigitalOutC1E7PinNamePKc) for mbed::DigitalOut::DigitalOut(PinName, const char*)
    main.o(.text) refers to aeabi_atexit.o(i.__aeabi_atexit) for __aeabi_atexit
    main.o(.text) refers to main.o(i._ZN4mbed6TickerC1Ev) for mbed::Ticker::Ticker()
    main.o(.text) refers to cservo.o(.text) for CServo::CServo(PinName)
    main.o(.text) refers to main.o(.bss) for .bss
    main.o(.text) refers to main.o(.constdata) for .constdata
    main.o(.text) refers to main.o(t._ZN4mbed15FunctionPointer12membercallerI4CGpsEEvPvPc) for mbed::FunctionPointer::membercaller<CGps>(void*, char*)
    main.o(.text) refers to pccomm.o(.text) for BuildPcPacket
    main.o(.text) refers to DigitalOut.LPC1768.o(i._ZN4mbed10DigitalOutD1Ev) for mbed::DigitalOut::~DigitalOut()
    main.o(.text) refers to Ticker.LPC1768.o(i._ZN4mbed6TickerD1Ev) for mbed::Ticker::~Ticker()
    main.o(.text) refers to main.o(i._ZN6CServoD1Ev) for CServo::~CServo()
    main.o(.text) refers to main.o(i._ZN6CSonarD1Ev) for CSonar::~CSonar()
    main.o(.text) refers to main.o(i._ZN8C2y0a700D1Ev) for C2y0a700::~C2y0a700()
    main.o(.text) refers to main.o(i._ZN6CSpeedD1Ev) for CSpeed::~CSpeed()
    main.o(.text) refers to main.o(i._ZN15CDigitalCompassD1Ev) for CDigitalCompass::~CDigitalCompass()
    main.o(.ARM.exidx) refers to main.o(.text) for .text
    main.o(.constdata) refers to cgps.o(.text) for CGps::BuildPacket()
    main.o(.init_array) refers to main.o(.text) for __sti___8_main_cpp
    main.o(.init_array) refers to init_aeabi.o(.text) for __cpp_initialize__aeabi_
    pccomm.o(.text) refers to _printf_percent.o(.ARM.Collect$$_printf_percent$$00000000) for _printf_percent
    pccomm.o(.text) refers to _printf_d.o(.ARM.Collect$$_printf_percent$$00000009) for _printf_d
    pccomm.o(.text) refers to _printf_dec.o(.text) for _printf_int_dec
    pccomm.o(.text) refers to memcmp.o(.text) for memcmp
    pccomm.o(.text) refers to strtok.o(.text) for strtok
    pccomm.o(.text) refers to cuart2.o(.text) for CUart2::Write(char*)
    pccomm.o(.text) refers to cuart0.o(.text) for CUart0::Write(char*)
    pccomm.o(.text) refers to strlen.o(.text) for strlen
    pccomm.o(.text) refers to rt_memclr.o(.text) for __aeabi_memclr
    pccomm.o(.text) refers to rt_memclr_w.o(.text) for __aeabi_memclr4
    pccomm.o(.text) refers to __2sprintf.o(.text) for __2sprintf
    pccomm.o(.text) refers to main.o(.bss) for Xbee
    pccomm.o(.text) refers to pccomm.o(.data) for .data
    pccomm.o(.text) refers to pccomm.o(.bss) for .bss
    pccomm.o(.ARM.exidx) refers to pccomm.o(.text) for .text
    cmsis_nvic.o(i.NVIC_SetVector) refers to cmsis_nvic.o(.ARM.__AT_0x10000000) for .ARM.__AT_0x10000000
    startup_LPC17xx.o(RESET) refers to startup_LPC17xx.o(.text) for Reset_Handler
    startup_LPC17xx.o(.text) refers to system_LPC17xx.o(i.SystemInit) for SystemInit
    startup_LPC17xx.o(.text) refers to __main.o(!!!main) for __main
    system_LPC17xx.o(i.SystemCoreClockUpdate) refers to system_LPC17xx.o(.data) for .data
    cdcompass.o(.text) refers to I2C.LPC1768.o(i._ZN4mbed3I2CC1E7PinNameS1_PKc) for mbed::I2C::I2C(PinName, PinName, const char*)
    cdcompass.o(.text) refers to I2C.LPC1768.o(i._ZN4mbed3I2C9frequencyEi) for mbed::I2C::frequency(int)
    cdcompass.o(.text) refers to I2C.LPC1768.o(i._ZN4mbed3I2C5startEv) for mbed::I2C::start()
    cdcompass.o(.text) refers to I2C.LPC1768.o(i._ZN4mbed3I2C5writeEi) for mbed::I2C::write(int)
    cdcompass.o(.text) refers to I2C.LPC1768.o(i._ZN4mbed3I2C4stopEv) for mbed::I2C::stop()
    cdcompass.o(.text) refers to I2C.LPC1768.o(i._ZN4mbed3I2C4readEi) for mbed::I2C::read(int)
    cdcompass.o(.text) refers to fflt_clz.o(x$fpl$fflt) for __aeabi_i2f
    cdcompass.o(.text) refers to atan2f.o(i.atan2f) for atan2f
    cdcompass.o(.text) refers to f2d.o(x$fpl$f2d) for __aeabi_f2d
    cdcompass.o(.text) refers to dmul.o(x$fpl$dmul) for __aeabi_dmul
    cdcompass.o(.text) refers to d2f.o(x$fpl$d2f) for __aeabi_d2f
[...]
    i2c_start                                0x00007215   Thumb Code    34  i2c_api.LPC1768.o(i.i2c_start)
    i2c_stop                                 0x00007237   Thumb Code    18  i2c_api.LPC1768.o(i.i2c_stop)
    ldexp                                    0x00007249   Thumb Code   126  ldexp.o(i.ldexp)
    mbed_die                                 0x000072c9   Thumb Code   114  utils_api.LPC1768.o(i.mbed_die)
    pin_function                             0x00007341   Thumb Code    52  pinmap.LPC1768.o(i.pin_function)
    pin_mode                                 0x00007379   Thumb Code   100  pinmap.LPC1768.o(i.pin_mode)
    pinmap_merge                             0x000073e1   Thumb Code    36  pinmap.LPC1768.o(i.pinmap_merge)
    pinmap_peripheral                        0x0000741d   Thumb Code    50  pinmap.LPC1768.o(i.pinmap_peripheral)
    pinmap_pinout                            0x00007475   Thumb Code   176  pinmap.LPC1768.o(i.pinmap_pinout)
    pwmout_init                              0x00007541   Thumb Code    92  pwmout_api.LPC1768.o(i.pwmout_init)
    pwmout_period_ms                         0x000075a9   Thumb Code    10  pwmout_api.LPC1768.o(i.pwmout_period_ms)
    pwmout_period_us                         0x000075b5   Thumb Code   104  pwmout_api.LPC1768.o(i.pwmout_period_us)
    pwmout_pulsewidth_us                     0x0000762d   Thumb Code    58  pwmout_api.LPC1768.o(i.pwmout_pulsewidth_us)
    pwmout_read                              0x00007679   Thumb Code    44  pwmout_api.LPC1768.o(i.pwmout_read)
    pwmout_write                             0x000076ad   Thumb Code    72  pwmout_api.LPC1768.o(i.pwmout_write)
    semihost_exit                            0x000076fd   Thumb Code    12  semihost_api.LPC1768.o(i.semihost_exit)
    serial_baud                              0x00007709   Thumb Code   422  serial_api.LPC1768.o(i.serial_baud)
    serial_format                            0x000078d1   Thumb Code   132  serial_api.LPC1768.o(i.serial_format)
    serial_init                              0x00007965   Thumb Code   178  serial_api.LPC1768.o(i.serial_init)
    serial_putc                              0x00007a49   Thumb Code    12  serial_api.LPC1768.o(i.serial_putc)
    timer_frequency                          0x00007a55   Thumb Code    16  timer_api.LPC1768.o(i.timer_frequency)
    timer_init                               0x00007a69   Thumb Code    98  timer_api.LPC1768.o(i.timer_init)
    timer_read                               0x00007ad9   Thumb Code     4  timer_api.LPC1768.o(i.timer_read)
    timer_start                              0x00007add   Thumb Code    12  timer_api.LPC1768.o(i.timer_start)
    us_ticker_read                           0x00007ae9   Thumb Code    44  us_ticker_api.LPC1768.o(i.us_ticker_read)
    wait                                     0x00007b21   Thumb Code    40  wait_api.LPC1768.o(i.wait)
    wait_ms                                  0x00007b51   Thumb Code    28  wait_api.LPC1768.o(i.wait_ms)
    _get_lc_ctype                            0x00007b6d   Thumb Code    44  lc_ctype_c.o(locale$$code)
    _get_lc_numeric                          0x00007b99   Thumb Code    44  lc_numeric_c.o(locale$$code)
    mbed::InterruptIn::rise<CSpeed>(T1*, void(T1::*)()) 0x00007bc5   Thumb Code    28  cspeed.o(t._ZN4mbed11InterruptIn4riseI6CSpeedEEvPT_MS3_FvvE)
    mbed::FunctionPointer::membercaller<CGps>(void*, char*) 0x00007be5   Thumb Code    18  main.o(t._ZN4mbed15FunctionPointer12membercallerI4CGpsEEvPvPc)
    mbed::FunctionPointer::membercaller<CSonar>(void*, char*) 0x00007bf7   Thumb Code    18  csrf05.o(t._ZN4mbed15FunctionPointer12membercallerI6CSonarEEvPvPc)
    mbed::FunctionPointer::membercaller<CSpeed>(void*, char*) 0x00007c09   Thumb Code    18  cspeed.o(t._ZN4mbed15FunctionPointer12membercallerI6CSpeedEEvPvPc)
    mbed::FunctionPointer::membercaller<C2y0a700>(void*, char*) 0x00007c1b   Thumb Code    18  c2y0a700.o(t._ZN4mbed15FunctionPointer12membercallerI8C2y0a700EEvPvPc)
    mbed::FunctionPointer::attach<CSonar>(T1*, void(T1::*)()) 0x00007c2d   Thumb Code    18  csrf05.o(t._ZN4mbed15FunctionPointer6attachI6CSonarEEvPT_MS3_FvvE)
    __aeabi_d2f                              0x00007c45   Thumb Code     0  d2f.o(x$fpl$d2f)
    _d2f                                     0x00007c45   Thumb Code    98  d2f.o(x$fpl$d2f)
    __aeabi_dadd                             0x00007ca9   Thumb Code     0  daddsub_clz.o(x$fpl$dadd)
    _dadd                                    0x00007ca9   Thumb Code   332  daddsub_clz.o(x$fpl$dadd)
    __fpl_dcheck_NaN1                        0x00007df9   Thumb Code    10  dcheck1.o(x$fpl$dcheck1)
    __fpl_dcmp_Inf                           0x00007e09   Thumb Code    24  dcmpi.o(x$fpl$dcmpinf)
    __aeabi_ddiv                             0x00007e21   Thumb Code     0  ddiv.o(x$fpl$ddiv)
    _ddiv                                    0x00007e21   Thumb Code   552  ddiv.o(x$fpl$ddiv)
    __aeabi_cdcmpeq                          0x000080d1   Thumb Code     0  deqf.o(x$fpl$deqf)
    _dcmpeq                                  0x000080d1   Thumb Code   120  deqf.o(x$fpl$deqf)
    __aeabi_d2iz                             0x00008149   Thumb Code     0  dfix.o(x$fpl$dfix)
    _dfix                                    0x00008149   Thumb Code    94  dfix.o(x$fpl$dfix)
    __aeabi_i2d                              0x000081a7   Thumb Code     0  dflt_clz.o(x$fpl$dflt)
    _dflt                                    0x000081a7   Thumb Code    46  dflt_clz.o(x$fpl$dflt)
    __aeabi_ui2d                             0x000081d5   Thumb Code     0  dflt_clz.o(x$fpl$dfltu)
    _dfltu                                   0x000081d5   Thumb Code    38  dflt_clz.o(x$fpl$dfltu)
    __aeabi_cdcmple                          0x000081fd   Thumb Code     0  dleqf.o(x$fpl$dleqf)
    _dcmple                                  0x000081fd   Thumb Code   120  dleqf.o(x$fpl$dleqf)
    __fpl_dcmple_InfNaN                      0x0000825f   Thumb Code     0  dleqf.o(x$fpl$dleqf)
    __aeabi_dmul                             0x00008275   Thumb Code     0  dmul.o(x$fpl$dmul)
    _dmul                                    0x00008275   Thumb Code   332  dmul.o(x$fpl$dmul)
    __fpl_dnaninf                            0x000083c9   Thumb Code   156  dnaninf.o(x$fpl$dnaninf)
    __fpl_dretinf                            0x00008465   Thumb Code    12  dretinf.o(x$fpl$dretinf)
    __aeabi_cdrcmple                         0x00008471   Thumb Code     0  drleqf.o(x$fpl$drleqf)
    _drcmple                                 0x00008471   Thumb Code   108  drleqf.o(x$fpl$drleqf)
    __aeabi_drsub                            0x000084dd   Thumb Code     0  daddsub_clz.o(x$fpl$drsb)
    _drsb                                    0x000084dd   Thumb Code    22  daddsub_clz.o(x$fpl$drsb)
    __aeabi_dsub                             0x000084f5   Thumb Code     0  daddsub_clz.o(x$fpl$dsub)
    _dsub                                    0x000084f5   Thumb Code   464  daddsub_clz.o(x$fpl$dsub)
    __aeabi_f2d                              0x000086c9   Thumb Code     0  f2d.o(x$fpl$f2d)
    _f2d                                     0x000086c9   Thumb Code    86  f2d.o(x$fpl$f2d)
    __aeabi_fadd                             0x00008721   Thumb Code     0  faddsub_clz.o(x$fpl$fadd)
    _fadd                                    0x00008721   Thumb Code   196  faddsub_clz.o(x$fpl$fadd)
    __fpl_fcheck_NaN1                        0x000087e5   Thumb Code     6  fcheck1.o(x$fpl$fcheck1)
    __fpl_fcmp_Inf                           0x000087f1   Thumb Code    24  fcmpi.o(x$fpl$fcmpinf)
    __aeabi_fdiv                             0x00008809   Thumb Code     0  fdiv.o(x$fpl$fdiv)
    _fdiv                                    0x00008809   Thumb Code   384  fdiv.o(x$fpl$fdiv)
    __aeabi_f2iz                             0x0000898d   Thumb Code     0  ffix.o(x$fpl$ffix)
    _ffix                                    0x0000898d   Thumb Code    54  ffix.o(x$fpl$ffix)
    __aeabi_f2uiz                            0x000089c5   Thumb Code     0  ffixu.o(x$fpl$ffixu)
    _ffixu                                   0x000089c5   Thumb Code    62  ffixu.o(x$fpl$ffixu)
    __aeabi_i2f                              0x00008a05   Thumb Code     0  fflt_clz.o(x$fpl$fflt)
    _fflt                                    0x00008a05   Thumb Code    48  fflt_clz.o(x$fpl$fflt)
    __aeabi_ui2f                             0x00008a35   Thumb Code     0  fflt_clz.o(x$fpl$ffltu)
    _ffltu                                   0x00008a35   Thumb Code    38  fflt_clz.o(x$fpl$ffltu)
    __aeabi_cfcmple                          0x00008a5d   Thumb Code     0  fleqf.o(x$fpl$fleqf)
    _fcmple                                  0x00008a5d   Thumb Code   104  fleqf.o(x$fpl$fleqf)
    __fpl_fcmple_InfNaN                      0x00008aaf   Thumb Code     0  fleqf.o(x$fpl$fleqf)
    __aeabi_fmul                             0x00008ac5   Thumb Code     0  fmul.o(x$fpl$fmul)
    _fmul                                    0x00008ac5   Thumb Code   258  fmul.o(x$fpl$fmul)
    __fpl_fnaninf                            0x00008bc7   Thumb Code   140  fnaninf.o(x$fpl$fnaninf)
    _fp_init                                 0x00008c53   Thumb Code    14  fpinit.o(x$fpl$fpinit)
    __fplib_config_pureend_doubles           0x00008c5f   Thumb Code     0  fpinit.o(x$fpl$fpinit)
    __fpl_fretinf                            0x00008c61   Thumb Code    10  fretinf.o(x$fpl$fretinf)
    __aeabi_frsub                            0x00008c6b   Thumb Code     0  faddsub_clz.o(x$fpl$frsb)
    _frsb                                    0x00008c6b   Thumb Code    20  faddsub_clz.o(x$fpl$frsb)
    __aeabi_fsub                             0x00008c81   Thumb Code     0  faddsub_clz.o(x$fpl$fsub)
    _fsub                                    0x00008c81   Thumb Code   234  faddsub_clz.o(x$fpl$fsub)
    _printf_fp_dec                           0x00008d6b   Thumb Code     4  printf1.o(x$fpl$printf1)
    _printf_fp_hex                           0x00008d6f   Thumb Code     4  printf2.o(x$fpl$printf2)
    __fpl_return_NaN                         0x00008d73   Thumb Code   100  retnan.o(x$fpl$retnan)
    __ARM_scalbn                             0x00008dd7   Thumb Code     0  scalbn.o(x$fpl$scalbn)
    scalbn                                   0x00008dd7   Thumb Code    96  scalbn.o(x$fpl$scalbn)
    __fpl_inf_scalbn                         0x00008e35   Thumb Code     0  scalbn.o(x$fpl$scalbn)
    __ARM_scalbnf                            0x00008e37   Thumb Code     0  scalbnf.o(x$fpl$scalbnf)
    scalbnf                                  0x00008e37   Thumb Code    80  scalbnf.o(x$fpl$scalbnf)
    __fpl_inf_scalbnf                        0x00008e85   Thumb Code     0  scalbnf.o(x$fpl$scalbnf)
    _scanf_real                              0x00008e87   Thumb Code     4  scanf1.o(x$fpl$scanf1)
    _scanf_hex_real                          0x00008e8b   Thumb Code     4  scanf2.o(x$fpl$scanf2)
    _scanf_infnan                            0x00008e8f   Thumb Code     4  scanf2.o(x$fpl$scanf2)
    __fpl_cmpreturn                          0x00008e93   Thumb Code    48  trapv.o(x$fpl$trapveneer)
    __I$use$fp                               0x00008ec3   Thumb Code     0  usenofp.o(x$fpl$usenofp)
    mbed::Base::_base_funcs                  0x00008f0c   Data          24  Base.LPC1768.o(.constdata)
    __stdin_name                             0x000090dc   Data           7  stdio.LPC1768.o(.constdata)
    __stdout_name                            0x000090e3   Data           8  stdio.LPC1768.o(.constdata)
    __stderr_name                            0x000090eb   Data           8  stdio.LPC1768.o(.constdata)
    typeinfo for __cxxabiv1::__class_type_info 0x00009348   Data          12  lib_rtti_impl.o(.constdata__ZTIN10__cxxabiv117__class_type_infoE)
    typeinfo for __cxxabiv1::__si_class_type_info 0x00009354   Data          12  lib_rtti_impl.o(.constdata__ZTIN10__cxxabiv120__si_class_type_infoE)
    typeinfo for __cxxabiv1::__vmi_class_type_info 0x00009360   Data          12  lib_rtti_impl.o(.constdata__ZTIN10__cxxabiv121__vmi_class_type_infoE)
    typeinfo for mbed::DigitalOut            0x0000936c   Data          12  DigitalOut.LPC1768.o(.constdata__ZTIN4mbed10DigitalOutE)
    typeinfo for mbed::FileHandle            0x00009378   Data           8  stdio.LPC1768.o(.constdata__ZTIN4mbed10FileHandleE)
    typeinfo for mbed::InterruptIn           0x00009380   Data          12  InterruptIn.LPC1768.o(.constdata__ZTIN4mbed11InterruptInE)
    typeinfo for mbed::FileSystemLike        0x0000938c   Data          12  Base.LPC1768.o(.constdata__ZTIN4mbed14FileSystemLikeE)
    typeinfo for mbed::I2C                   0x00009398   Data          12  I2C.LPC1768.o(.constdata__ZTIN4mbed3I2CE)
    typeinfo for mbed::Base                  0x000093a4   Data           8  Base.LPC1768.o(.constdata__ZTIN4mbed4BaseE)
    typeinfo for mbed::Timer                 0x000093ac   Data          12  Timer.LPC1768.o(.constdata__ZTIN4mbed5TimerE)
    typeinfo for mbed::PwmOut                0x000093b8   Data          12  PwmOut.LPC1768.o(.constdata__ZTIN4mbed6PwmOutE)
    typeinfo for mbed::AnalogIn              0x000093c4   Data          12  AnalogIn.LPC1768.o(.constdata__ZTIN4mbed8AnalogInE)
    typeinfo for mbed::FileLike              0x000093d0   Data          32  stdio.LPC1768.o(.constdata__ZTIN4mbed8FileLikeE)
    typeinfo for std::type_info              0x000093f0   Data           8  type_info_dtor.o(.constdata__ZTISt9type_info)
    typeinfo name for __cxxabiv1::__class_type_info 0x000093f8   Data          34  lib_rtti_impl.o(.constdata__ZTSN10__cxxabiv117__class_type_infoE)
    typeinfo name for __cxxabiv1::__si_class_type_info 0x0000941a   Data          37  lib_rtti_impl.o(.constdata__ZTSN10__cxxabiv120__si_class_type_infoE)
    typeinfo name for __cxxabiv1::__vmi_class_type_info 0x0000943f   Data          38  lib_rtti_impl.o(.constdata__ZTSN10__cxxabiv121__vmi_class_type_infoE)
    typeinfo name for mbed::DigitalOut       0x00009465   Data          20  DigitalOut.LPC1768.o(.constdata__ZTSN4mbed10DigitalOutE)
    typeinfo name for mbed::FileHandle       0x00009479   Data          20  stdio.LPC1768.o(.constdata__ZTSN4mbed10FileHandleE)
    typeinfo name for mbed::InterruptIn      0x0000948d   Data          21  InterruptIn.LPC1768.o(.constdata__ZTSN4mbed11InterruptInE)
    typeinfo name for mbed::FileSystemLike   0x000094a2   Data          24  Base.LPC1768.o(.constdata__ZTSN4mbed14FileSystemLikeE)
    typeinfo name for mbed::I2C              0x000094ba   Data          12  I2C.LPC1768.o(.constdata__ZTSN4mbed3I2CE)
    typeinfo name for mbed::Base             0x000094c6   Data          13  Base.LPC1768.o(.constdata__ZTSN4mbed4BaseE)
    typeinfo name for mbed::Timer            0x000094d3   Data          14  Timer.LPC1768.o(.constdata__ZTSN4mbed5TimerE)
    typeinfo name for mbed::PwmOut           0x000094e1   Data          15  PwmOut.LPC1768.o(.constdata__ZTSN4mbed6PwmOutE)
    typeinfo name for mbed::AnalogIn         0x000094f0   Data          17  AnalogIn.LPC1768.o(.constdata__ZTSN4mbed8AnalogInE)
    typeinfo name for mbed::FileLike         0x00009501   Data          17  stdio.LPC1768.o(.constdata__ZTSN4mbed8FileLikeE)
    typeinfo name for std::type_info         0x00009512   Data          13  type_info_dtor.o(.constdata__ZTSSt9type_info)
    vtable for __cxxabiv1::__class_type_info 0x00009520   Data          16  lib_rtti_impl.o(.constdata__ZTVN10__cxxabiv117__class_type_infoE)
    vtable for __cxxabiv1::__si_class_type_info 0x00009530   Data          16  lib_rtti_impl.o(.constdata__ZTVN10__cxxabiv120__si_class_type_infoE)
    vtable for __cxxabiv1::__vmi_class_type_info 0x00009540   Data          16  lib_rtti_impl.o(.constdata__ZTVN10__cxxabiv121__vmi_class_type_infoE)
    vtable for mbed::DigitalOut              0x00009550   Data          24  DigitalOut.LPC1768.o(.constdata__ZTVN4mbed10DigitalOutE)
    vtable for mbed::TimerEvent              0x00009568   Data          20  TimerEvent.LPC1768.o(.constdata__ZTVN4mbed10TimerEventE)
    vtable for mbed::InterruptIn             0x0000957c   Data          24  InterruptIn.LPC1768.o(.constdata__ZTVN4mbed11InterruptInE)
    vtable for mbed::I2C                     0x00009594   Data          24  I2C.LPC1768.o(.constdata__ZTVN4mbed3I2CE)
    vtable for mbed::Base                    0x000095ac   Data          24  Base.LPC1768.o(.constdata__ZTVN4mbed4BaseE)
    vtable for mbed::Timer                   0x000095c4   Data          24  Timer.LPC1768.o(.constdata__ZTVN4mbed5TimerE)
    vtable for mbed::PwmOut                  0x000095dc   Data          24  PwmOut.LPC1768.o(.constdata__ZTVN4mbed6PwmOutE)
    vtable for mbed::Ticker                  0x000095f4   Data          20  Ticker.LPC1768.o(.constdata__ZTVN4mbed6TickerE)
    vtable for mbed::Timeout                 0x00009608   Data          20  Timeout.LPC1768.o(.constdata__ZTVN4mbed7TimeoutE)
    vtable for mbed::AnalogIn                0x0000961c   Data          24  AnalogIn.LPC1768.o(.constdata__ZTVN4mbed8AnalogInE)
    Region$$Table$$Base                      0x00009648   Number         0  anon$$obj.o(Region$$Table)
    Region$$Table$$Limit                     0x00009668   Number         0  anon$$obj.o(Region$$Table)
    __aeabi_HUGE_VAL                         0x00009668   Data           0  fpconst.o(c$$dinf)
    __aeabi_HUGE_VALL                        0x00009668   Data           0  fpconst.o(c$$dinf)
    __aeabi_INFINITY                         0x00009668   Data           0  fpconst.o(c$$dinf)
    __dInf                                   0x00009668   Data           0  fpconst.o(c$$dinf)
    __huge_val                               0x00009668   Data           0  fpconst.o(c$$dinf)
    __ctype                                  0x0000967d   Data           0  lc_ctype_c.o(locale$$data)
    SHT$$INIT_ARRAY$$Base                    0x0000979c   Number         0  main.o(.init_array)
    SHT$$INIT_ARRAY$$Limit                   0x000097a0   Number         0  main.o(.init_array)
    SystemCoreClock                          0x100000ec   Data           4  system_LPC17xx.o(.data)
    CUart0::instance                         0x100000f0   Data           4  cuart0.o(.data)
    CUart1::instance                         0x100000f4   Data           4  cuart1.o(.data)
    CUart2::instance                         0x100000f8   Data           4  cuart2.o(.data)
    CUart3::instance                         0x100000fc   Data           4  cuart3.o(.data)
    mbed::Base::_head                        0x10000100   Data           4  Base.LPC1768.o(.data)
    mbed::Base::_classes                     0x10000104   Data           4  Base.LPC1768.o(.data)
    mbed::Base::_base_class                  0x10000108   Data          12  Base.LPC1768.o(.data)
    mbed::I2C::_owner                        0x10000114   Data           4  I2C.LPC1768.o(.data)
    mbed::TimerEvent::_head                  0x10000118   Data           4  TimerEvent.LPC1768.o(.data)
    PWM_MATCH                                0x1000011c   Data          28  pwmout_api.LPC1768.o(.data)
    __aeabi_stdin                            0x1000013c   Data           4  stdio_streams.o(.data)
    __aeabi_stdout                           0x10000140   Data           4  stdio_streams.o(.data)
    __aeabi_stderr                           0x10000144   Data           4  stdio_streams.o(.data)
    Status                                   0x10000150   Data          28  main.o(.bss)
    flip                                     0x1000016c   Data          44  main.o(.bss)
    PC                                       0x10000198   Data         604  main.o(.bss)
    Xbee                                     0x100003f4   Data         604  main.o(.bss)
    CMU                                      0x10000650   Data         604  main.o(.bss)
    Gps                                      0x100008ac   Data        1200  main.o(.bss)
    Steer                                    0x10000d5c   Data          16  main.o(.bss)
    Speed                                    0x10000d6c   Data          16  main.o(.bss)
    Sonar2                                   0x10000d7c   Data         200  main.o(.bss)
    Sonar3                                   0x10000e44   Data         200  main.o(.bss)
    Sonar1                                   0x10000f0c   Data         200  main.o(.bss)
    Sonar4                                   0x10000fd4   Data         200  main.o(.bss)
    Ir2                                      0x1000109c   Data          92  main.o(.bss)
    Ir1                                      0x100010f8   Data          92  main.o(.bss)
    Ir3                                      0x10001154   Data          92  main.o(.bss)
    TravelSpeed                              0x100011b0   Data         196  main.o(.bss)
    Compass                                  0x10001274   Data          36  main.o(.bss)
    GpsParseTic                              0x10001298   Data          44  main.o(.bss)
    PcCommParseTic                           0x100012c4   Data          44  main.o(.bss)
    SendStatus                               0x100012f0   Data          44  main.o(.bss)
    mbed::InterruptIn::_irq_objects          0x1000141c   Data         192  InterruptIn.LPC1768.o(.bss)
    __stdin                                  0x1000151c   Data          80  stdio_streams.o(.bss)
    __stdout                                 0x1000156c   Data          80  stdio_streams.o(.bss)
    __stderr                                 0x100015bc   Data          80  stdio_streams.o(.bss)
    Image$$RW_IRAM1$$ZI$$Limit               0x10001634   Number         0  rt_fp_status_addr.o(.bss)



==============================================================================

Memory Map of the image

  Image Entry point : 0x000000c5

  Load Region LR_IROM1 (Base: 0x00000000, Size: 0x000098f0, Max: 0x00080000, ABSOLUTE, COMPRESSED[0x000097dc])

    Execution Region ER_IROM1 (Base: 0x00000000, Size: 0x000097a0, Max: 0x00080000, ABSOLUTE)

    Base Addr    Size         Type   Attr      Idx    E Section Name        Object

    0x00000000   0x000000c4   Data   RO          497    RESET               startup_LPC17xx.o
    0x000000c4   0x00000008   Code   RO         1818  * !!!main             c_w.l(__main.o)
    0x000000cc   0x00000034   Code   RO         2733    !!!scatter          c_w.l(__scatter.o)
    0x00000100   0x0000005a   Code   RO         2731    !!dczerorl2         c_w.l(__dczerorl2.o)
    0x0000015a   0x00000002   PAD
    0x0000015c   0x0000001c   Code   RO         2735    !!handler_zi        c_w.l(__scatter_zi.o)
    0x00000178   0x00000000   Code   RO         1778    .ARM.Collect$$_printf_percent$$00000000  c_w.l(_printf_percent.o)
    0x00000178   0x00000006   Code   RO         2193    .ARM.Collect$$_printf_percent$$00000001  c_w.l(_printf_n.o)
    0x0000017e   0x00000006   Code   RO         2195    .ARM.Collect$$_printf_percent$$00000002  c_w.l(_printf_p.o)
    0x00000184   0x00000006   Code   RO         2199    .ARM.Collect$$_printf_percent$$00000003  c_w.l(_printf_f.o)
    0x0000018a   0x00000006   Code   RO         2200    .ARM.Collect$$_printf_percent$$00000004  c_w.l(_printf_e.o)
    0x00000190   0x00000006   Code   RO         2201    .ARM.Collect$$_printf_percent$$00000005  c_w.l(_printf_g.o)
    0x00000196   0x00000006   Code   RO         2202    .ARM.Collect$$_printf_percent$$00000006  c_w.l(_printf_a.o)
    0x0000019c   0x0000000a   Code   RO         2207    .ARM.Collect$$_printf_percent$$00000007  c_w.l(_printf_ll.o)
    0x000001a6   0x00000006   Code   RO         2197    .ARM.Collect$$_printf_percent$$00000008  c_w.l(_printf_i.o)
    0x000001ac   0x00000006   Code   RO         1777    .ARM.Collect$$_printf_percent$$00000009  c_w.l(_printf_d.o)
    0x000001b2   0x00000006   Code   RO         2198    .ARM.Collect$$_printf_percent$$0000000A  c_w.l(_printf_u.o)
    0x000001b8   0x00000006   Code   RO         2196    .ARM.Collect$$_printf_percent$$0000000B  c_w.l(_printf_o.o)
    0x000001be   0x00000006   Code   RO         2194    .ARM.Collect$$_printf_percent$$0000000C  c_w.l(_printf_x.o)
    0x000001c4   0x00000006   Code   RO         2204    .ARM.Collect$$_printf_percent$$0000000D  c_w.l(_printf_lli.o)
    0x000001ca   0x00000006   Code   RO         2205    .ARM.Collect$$_printf_percent$$0000000E  c_w.l(_printf_lld.o)
    0x000001d0   0x00000006   Code   RO         2206    .ARM.Collect$$_printf_percent$$0000000F  c_w.l(_printf_llu.o)
    0x000001d6   0x00000006   Code   RO         2211    .ARM.Collect$$_printf_percent$$00000010  c_w.l(_printf_llo.o)
    0x000001dc   0x00000006   Code   RO         2212    .ARM.Collect$$_printf_percent$$00000011  c_w.l(_printf_llx.o)
    0x000001e2   0x0000000a   Code   RO         2208    .ARM.Collect$$_printf_percent$$00000012  c_w.l(_printf_l.o)
    0x000001ec   0x00000006   Code   RO         2191    .ARM.Collect$$_printf_percent$$00000013  c_w.l(_printf_c.o)
    0x000001f2   0x00000006   Code   RO         2192    .ARM.Collect$$_printf_percent$$00000014  c_w.l(_printf_s.o)
    0x000001f8   0x00000006   Code   RO         2209    .ARM.Collect$$_printf_percent$$00000015  c_w.l(_printf_lc.o)
    0x000001fe   0x00000006   Code   RO         2210    .ARM.Collect$$_printf_percent$$00000016  c_w.l(_printf_ls.o)
    0x00000204   0x00000004   Code   RO         2203    .ARM.Collect$$_printf_percent$$00000017  c_w.l(_printf_percent_end.o)
    0x00000208   0x00000006   Code   RO         2606    .ARM.Collect$$libinit$$00000000  c_w.l(libinit.o)
    0x0000020e   0x00000008   Code   RO         2247    .ARM.Collect$$libinit$$00000001  c_w.l(libinit2.o)
    0x00000216   0x00000000   Code   RO         2249    .ARM.Collect$$libinit$$00000006  c_w.l(libinit2.o)
    0x00000216   0x00000000   Code   RO         2251    .ARM.Collect$$libinit$$00000008  c_w.l(libinit2.o)
    0x00000216   0x00000000   Code   RO         2253    .ARM.Collect$$libinit$$0000000A  c_w.l(libinit2.o)
    0x00000216   0x00000006   Code   RO         2254    .ARM.Collect$$libinit$$0000000B  c_w.l(libinit2.o)
    0x0000021c   0x00000000   Code   RO         2256    .ARM.Collect$$libinit$$0000000D  c_w.l(libinit2.o)
    0x0000021c   0x0000000c   Code   RO         2257    .ARM.Collect$$libinit$$0000000E  c_w.l(libinit2.o)
    0x00000228   0x00000000   Code   RO         2258    .ARM.Collect$$libinit$$0000000F  c_w.l(libinit2.o)
    0x00000228   0x00000000   Code   RO         2260    .ARM.Collect$$libinit$$00000011  c_w.l(libinit2.o)
    0x00000228   0x0000000a   Code   RO         2261    .ARM.Collect$$libinit$$00000012  c_w.l(libinit2.o)
    0x00000232   0x00000000   Code   RO         2262    .ARM.Collect$$libinit$$00000013  c_w.l(libinit2.o)
    0x00000232   0x00000000   Code   RO         2264    .ARM.Collect$$libinit$$00000015  c_w.l(libinit2.o)
    0x00000232   0x00000000   Code   RO         2266    .ARM.Collect$$libinit$$00000017  c_w.l(libinit2.o)
    0x00000232   0x00000000   Code   RO         2268    .ARM.Collect$$libinit$$00000019  c_w.l(libinit2.o)
    0x00000232   0x00000000   Code   RO         2270    .ARM.Collect$$libinit$$0000001B  c_w.l(libinit2.o)
    0x00000232   0x00000000   Code   RO         2272    .ARM.Collect$$libinit$$0000001D  c_w.l(libinit2.o)
    0x00000232   0x00000000   Code   RO         2274    .ARM.Collect$$libinit$$0000001F  c_w.l(libinit2.o)
    0x00000232   0x00000004   Code   RO         2275    .ARM.Collect$$libinit$$00000020  c_w.l(libinit2.o)
    0x00000236   0x00000000   Code   RO         2276    .ARM.Collect$$libinit$$00000021  c_w.l(libinit2.o)
    0x00000236   0x00000000   Code   RO         2280    .ARM.Collect$$libinit$$00000028  c_w.l(libinit2.o)
    0x00000236   0x00000000   Code   RO         2282    .ARM.Collect$$libinit$$0000002A  c_w.l(libinit2.o)
    0x00000236   0x00000000   Code   RO         2284    .ARM.Collect$$libinit$$0000002C  c_w.l(libinit2.o)
    0x00000236   0x00000004   Code   RO         2285    .ARM.Collect$$libinit$$0000002D  c_w.l(libinit2.o)
    0x0000023a   0x00000000   Code   RO         2286    .ARM.Collect$$libinit$$0000002E  c_w.l(libinit2.o)
    0x0000023a   0x00000002   Code   RO         2287    .ARM.Collect$$libinit$$0000002F  c_w.l(libinit2.o)
    0x0000023c   0x00000006   Code   RO         2288    .ARM.Collect$$libshutdown$$00000001  c_w.l(libshutdown2.o)
    0x00000242   0x00000000   Code   RO         2290    .ARM.Collect$$libshutdown$$00000003  c_w.l(libshutdown2.o)
    0x00000242   0x00000000   Code   RO         2056    .ARM.Collect$$rtentry$$00000000  c_w.l(rtentry.o)
    0x00000242   0x00000000   Code   RO         2382    .ARM.Collect$$rtentry$$00000002  c_w.l(rtentry2.o)
    0x00000242   0x00000006   Code   RO         2397    .ARM.Collect$$rtentry$$00000004  c_w.l(rtentry4.o)
    0x00000248   0x00000000   Code   RO         2384    .ARM.Collect$$rtentry$$00000009  c_w.l(rtentry2.o)
    0x00000248   0x00000004   Code   RO         2385    .ARM.Collect$$rtentry$$0000000A  c_w.l(rtentry2.o)
    0x0000024c   0x00000000   Code   RO         2387    .ARM.Collect$$rtentry$$0000000C  c_w.l(rtentry2.o)
    0x0000024c   0x00000008   Code   RO         2388    .ARM.Collect$$rtentry$$0000000D  c_w.l(rtentry2.o)
    0x00000254   0x00000000   Code   RO         2534    .emb_text           c_w.l(maybetermalloc1.o)
    0x00000254   0x00000024   Code   RO          499    .text               startup_LPC17xx.o
    0x00000278   0x00000014   Code   RO         1747    .text               c_w.l(fprintf.o)
    0x0000028c   0x0000002c   Code   RO         1749    .text               c_w.l(sprintf.o)
    0x000002b8   0x0000002c   Code   RO         1751    .text               c_w.l(__2sprintf.o)
    0x000002e4   0x0000000c   Code   RO         1794    .text               c_w.l(strtok.o)
    0x000002f0   0x00000008   Code   RO         2069    .text               c_w.l(rt_ddtor_pointer_addr.o)
    0x000002f8   0x00000004   Code   RO         2305    .text               cpprt_w.l(arm_bad_typeid_noexceptions.o)
    0x000002fc   0x00000004   Code   RO          498    .ARM.__at_0x02FC    startup_LPC17xx.o
    0x00000300   0x000002fc   Code   RO            2    .text               main.o
    0x000005fc   0x00000374   Code   RO          293    .text               pccomm.o
    0x00000970   0x00000124   Code   RO          507    .text               cdcompass.o
    0x00000a94   0x000001b0   Code   RO          617    .text               cgps.o
    0x00000c44   0x0000021c   Code   RO          645    .text               cnmea.o
    0x00000e60   0x00000174   Code   RO          664    .text               cservo.o
    0x00000fd4   0x0000013c   Code   RO          683    .text               csrf05.o
    0x00001110   0x00000234   Code   RO          761    .text               cspeed.o
    0x00001344   0x00000162   Code   RO          838    .text               cbuffer.o
    0x000014a6   0x00000002   PAD
    0x000014a8   0x000001d0   Code   RO          857    .text               cuart0.o
    0x00001678   0x000001fc   Code   RO          900    .text               cuart1.o
    0x00001874   0x000001fc   Code   RO          918    .text               cuart2.o
    0x00001a70   0x0000021c   Code   RO          936    .text               cuart3.o
    0x00001c8c   0x00000100   Code   RO          954    .text               c2y0a700.o
    0x00001d8c   0x000000ee   Code   RO         1745    .text               c_w.l(lludivv7m.o)
    0x00001e7a   0x00000002   PAD
    0x00001e7c   0x00000078   Code   RO         1757    .text               c_w.l(_printf_dec.o)
    0x00001ef4   0x0000019c   Code   RO         1774    .text               c_w.l(__printf_flags_ss_wp.o)
    0x00002090   0x0000003c   Code   RO         1779    .text               c_w.l(sscanf.o)
    0x000020cc   0x0000007c   Code   RO         1792    .text               c_w.l(assert.o)
    0x00002148   0x0000004e   Code   RO         1797    .text               c_w.l(memcmp.o)
    0x00002196   0x0000003e   Code   RO         1801    .text               c_w.l(strlen.o)
    0x000021d4   0x0000008c   Code   RO         1803    .text               c_w.l(strncmp.o)
    0x00002260   0x0000008a   Code   RO         1805    .text               c_w.l(rt_memcpy_v6.o)
    0x000022ea   0x00000064   Code   RO         1807    .text               c_w.l(rt_memcpy_w.o)
    0x0000234e   0x00000044   Code   RO         1809    .text               c_w.l(rt_memclr.o)
    0x00002392   0x0000004e   Code   RO         1811    .text               c_w.l(rt_memclr_w.o)
    0x000023e0   0x00000080   Code   RO         1815    .text               c_w.l(strcmpv7m.o)
    0x00002460   0x00000024   Code   RO         1825    .text               c_w.l(init_aeabi.o)
    0x00002484   0x00000010   Code   RO         2058    .text               c_w.l(rt_ctype_table.o)
    0x00002494   0x00000008   Code   RO         2074    .text               c_w.l(rt_errno_addr.o)
    0x0000249c   0x0000005e   Code   RO         2083    .text               c_w.l(h1_alloc.o)
    0x000024fa   0x0000004e   Code   RO         2085    .text               c_w.l(h1_free.o)
    0x00002548   0x00000016   Code   RO         2141    .text               c_w.l(_rserrno.o)
    0x0000255e   0x00000050   Code   RO         2143    .text               c_w.l(_printf_pad.o)
    0x000025ae   0x00000024   Code   RO         2145    .text               c_w.l(_printf_truncate.o)
    0x000025d2   0x00000052   Code   RO         2147    .text               c_w.l(_printf_str.o)
    0x00002624   0x000000b4   Code   RO         2149    .text               c_w.l(_printf_intcommon.o)
    0x000026d8   0x0000002a   Code   RO         2151    .text               c_w.l(_printf_charcount.o)
    0x00002702   0x00000002   PAD
    0x00002704   0x00000030   Code   RO         2153    .text               c_w.l(_printf_char_common.o)
    0x00002734   0x0000000a   Code   RO         2155    .text               c_w.l(_sputc.o)
    0x0000273e   0x00000002   PAD
    0x00002740   0x00000024   Code   RO         2157    .text               c_w.l(_printf_char_file.o)
    0x00002764   0x000000bc   Code   RO         2159    .text               c_w.l(_printf_wctomb.o)
    0x00002820   0x00000078   Code   RO         2162    .text               c_w.l(_printf_longlong_dec.o)
    0x00002898   0x00000078   Code   RO         2168    .text               c_w.l(_printf_oct_int_ll.o)
    0x00002910   0x0000009c   Code   RO         2188    .text               c_w.l(_printf_hex_int_ll_ptr.o)
    0x000029ac   0x00000166   Code   RO         2213    .text               c_w.l(_scanf_longlong.o)
    0x00002b12   0x0000014e   Code   RO         2215    .text               c_w.l(_scanf_int.o)
    0x00002c60   0x000000d8   Code   RO         2217    .text               c_w.l(_scanf_str.o)
    0x00002d38   0x00000030   Code   RO         2219    .text               c_w.l(scanf_char.o)
    0x00002d68   0x00000040   Code   RO         2221    .text               c_w.l(_sgetc.o)
    0x00002da8   0x0000011c   Code   RO         2227    .text               c_w.l(_scanf_mbtowc.o)
    0x00002ec4   0x000000e8   Code   RO         2229    .text               c_w.l(_scanf_wctomb.o)
    0x00002fac   0x000000ca   Code   RO         2231    .text               c_w.l(_scanf_wstr.o)
    0x00003076   0x00000002   PAD
    0x00003078   0x00000138   Code   RO         2233    .text               c_w.l(initio.o)
    0x000031b0   0x00000010   Code   RO         2237    .text               c_w.l(abort.o)
    0x000031c0   0x0000000e   Code   RO         2239    .text               c_w.l(defsig_pvfn_outer.o)
    0x000031ce   0x00000002   PAD
    0x000031d0   0x00000048   Code   RO         2245    .text               c_w.l(strtok_int.o)
    0x00003218   0x0000000e   Code   RO         2372    .text               c_w.l(sys_wrch.o)
    0x00003226   0x00000002   PAD
    0x00003228   0x0000000c   Code   RO         2374    .text               c_w.l(sys_exit.o)
    0x00003234   0x00000008   Code   RO         2403    .text               c_w.l(rt_heap_descriptor.o)
    0x0000323c   0x00000008   Code   RO         2408    .text               c_w.l(rt_locale.o)
    0x00003244   0x00000004   Code   RO         2413    .text               c_w.l(hguard.o)
    0x00003248   0x0000008a   Code   RO         2415    .text               c_w.l(init_alloc.o)
    0x000032d2   0x0000000e   Code   RO         2419    .text               c_w.l(h1_init.o)
    0x000032e0   0x0000008a   Code   RO         2433    .text               c_w.l(lludiv10.o)
    0x0000336a   0x00000012   Code   RO         2435    .text               c_w.l(isspace.o)
    0x0000337c   0x0000041a   Code   RO         2437    .text               c_w.l(_printf_fp_dec.o)
    0x00003796   0x00000002   PAD
    0x00003798   0x000002f4   Code   RO         2439    .text               c_w.l(_printf_fp_hex.o)
    0x00003a8c   0x0000002c   Code   RO         2444    .text               c_w.l(_printf_char.o)
    0x00003ab8   0x0000002c   Code   RO         2446    .text               c_w.l(_printf_wchar.o)
    0x00003ae4   0x00000020   Code   RO         2448    .text               c_w.l(_chval.o)
    0x00003b04   0x00000388   Code   RO         2450    .text               c_w.l(_scanf.o)
    0x00003e8c   0x000004a4   Code   RO         2452    .text               c_w.l(scanf_fp.o)
    0x00004330   0x0000001e   Code   RO         2454    .text               c_w.l(_scanf_wcharmap.o)
    0x0000434e   0x00000008   Code   RO         2456    .text               c_w.l(ferror.o)
    0x00004356   0x00000046   Code   RO         2462    .text               c_w.l(setvbuf.o)
    0x0000439c   0x000000ec   Code   RO         2465    .text               c_w.l(fopen.o)
    0x00004488   0x0000004c   Code   RO         2467    .text               c_w.l(fclose.o)
    0x000044d4   0x0000003c   Code   RO         2477    .text               c_w.l(_mbrtowc.o)
    0x00004510   0x00000040   Code   RO         2479    .text               c_w.l(_wcrtomb.o)
    0x00004550   0x0000000a   Code   RO         2487    .text               c_w.l(defsig_exit.o)
    0x0000455a   0x0000000e   Code   RO         2489    .text               c_w.l(defsig_abrt_outer.o)
    0x00004568   0x0000000e   Code   RO         2493    .text               c_w.l(defsig_rtred_outer.o)
    0x00004576   0x00000002   PAD
    0x00004578   0x00000030   Code   RO         2497    .text               c_w.l(defsig_pvfn_inner.o)
    0x000045a8   0x00000020   Code   RO         2499    .text               c_w.l(strcspn.o)
    0x000045c8   0x0000001c   Code   RO         2501    .text               c_w.l(strspn.o)
    0x000045e4   0x0000001a   Code   RO         2509    .text               cpprt_w.l(arm_exceptions_terminate.o)
    0x000045fe   0x00000002   Code   RO         2530    .text               c_w.l(use_no_semi.o)
    0x00004600   0x00000032   Code   RO         2538    .text               c_w.l(h1_extend.o)
    0x00004632   0x00000002   PAD
    0x00004634   0x0000007c   Code   RO         2542    .text               c_w.l(_printf_fp_infnan.o)
    0x000046b0   0x000000ec   Code   RO         2544    .text               c_w.l(bigflt0.o)
    0x0000479c   0x000001d8   Code   RO         2569    .text               c_w.l(flsbuf.o)
    0x00004974   0x000000f8   Code   RO         2571    .text               c_w.l(fseek.o)
    0x00004a6c   0x000000f0   Code   RO         2573    .text               c_w.l(stdio.o)
    0x00004b5c   0x00000032   Code   RO         2577    .text               c_w.l(defsig_general.o)
    0x00004b8e   0x00000002   PAD
    0x00004b90   0x00000030   Code   RO         2579    .text               c_w.l(defsig_abrt_inner.o)
    0x00004bc0   0x00000034   Code   RO         2585    .text               c_w.l(defsig_rtred_inner.o)
    0x00004bf4   0x0000000e   Code   RO         2587    .text               c_w.l(defsig_rtmem_outer.o)
    0x00004c02   0x00000002   PAD
    0x00004c04   0x0000004c   Code   RO         2591    .text               c_w.l(heapauxa.o)
    0x00004c50   0x00000050   Code   RO         2615    .text               cpprt_w.l(arm_exceptions_globs.o)
    0x00004ca0   0x00000008   Code   RO         2642    .text               c_w.l(rt_eh_globals_addr.o)
    0x00004ca8   0x0000030c   Code   RO         2651    .text               c_w.l(scanf_hexfp.o)
    0x00004fb4   0x0000013c   Code   RO         2653    .text               c_w.l(scanf_infnan.o)
    0x000050f0   0x00000046   Code   RO         2655    .text               c_w.l(ftell.o)
    0x00005136   0x00000002   PAD
    0x00005138   0x0000004c   Code   RO         2665    .text               c_w.l(defsig_rtmem_inner.o)
    0x00005184   0x00000018   Code   RO         2669    .text               c_w.l(assert_stdio.o)
    0x0000519c   0x0000003c   Code   RO         2671    .text               cpprt_w.l(arm_exceptions_mem.o)
    0x000051d8   0x00000008   Code   RO         2684    .text               c_w.l(rt_fp_status_addr.o)
    0x000051e0   0x00000026   Code   RO         2693    .text               c_w.l(llshl.o)
    0x00005206   0x00000002   PAD
    0x00005208   0x00000064   Code   RO         2695    .text               c_w.l(fflush.o)
    0x0000526c   0x00000022   Code   RO         2697    .text               c_w.l(fputs.o)
    0x0000528e   0x0000003e   Code   RO         2547    CL$$btod_d2e        c_w.l(btod.o)
    0x000052cc   0x00000046   Code   RO         2549    CL$$btod_d2e_denorm_low  c_w.l(btod.o)
    0x00005312   0x00000060   Code   RO         2548    CL$$btod_d2e_norm_op1  c_w.l(btod.o)
    0x00005372   0x00000338   Code   RO         2557    CL$$btod_div_common  c_w.l(btod.o)
    0x000056aa   0x00000002   PAD
    0x000056ac   0x00000054   Code   RO         2555    CL$$btod_e2d        c_w.l(btod.o)
    0x00005700   0x000000c6   Code   RO         2554    CL$$btod_e2e        c_w.l(btod.o)
    0x000057c6   0x00000028   Code   RO         2551    CL$$btod_ediv       c_w.l(btod.o)
    0x000057ee   0x00000028   Code   RO         2553    CL$$btod_edivd      c_w.l(btod.o)
    0x00005816   0x00000028   Code   RO         2550    CL$$btod_emul       c_w.l(btod.o)
    0x0000583e   0x00000028   Code   RO         2552    CL$$btod_emuld      c_w.l(btod.o)
    0x00005866   0x00000244   Code   RO         2556    CL$$btod_mult_common  c_w.l(btod.o)
    0x00005aaa   0x00000002   PAD
    0x00005aac   0x00000038   Code   RO          489    i.NVIC_SetVector    cmsis_nvic.o
    0x00005ae4   0x00000078   Code   RO          502    i.SystemInit        system_LPC17xx.o
    0x00005b5c   0x00000046   Code   RO         1847    i._Z12tbc_downcastPvPKSt9type_infoP28a_base_class_traversal_blockPN10__cxxabiv122__base_class_type_infoE  cpprt_w.l(rtti.o)
    0x00005ba2   0x00000016   Code   RO         1848    i._Z17tbc_post_downcastPvPKSt9type_infoP28a_base_class_traversal_blockPN10__cxxabiv122__base_class_type_infoE  cpprt_w.l(rtti.o)
    0x00005bb8   0x000000a8   Code   RO         1849    i._Z21traverse_base_classesPvPKSt9type_infoP28a_base_class_traversal_blockPN10__cxxabiv122__base_class_type_infoE  cpprt_w.l(rtti.o)
    0x00005c60   0x000000c8   Code   RO         1850    i._Z23find_base_class_at_addrPvS_PKSt9type_infoS2_Pi  cpprt_w.l(rtti.o)
    0x00005d28   0x000001ec   Code   RO         1851    i._Z28derived_to_base_conversion_rPvPS_PKSt9type_infoS3_jPiiPS3_P19a_result_virtualityS4_  cpprt_w.l(rtti.o)
    0x00005f14   0x00000004   Code   RO           51    i._ZN15CDigitalCompassD1Ev  main.o
    0x00005f18   0x0000000e   Code   RO         1244    i._ZN4mbed10DigitalOut5writeEi  mbed.ar(DigitalOut.LPC1768.o)
    0x00005f26   0x00000002   PAD
    0x00005f28   0x0000003c   Code   RO         1217    i._ZN4mbed10DigitalOutC1E7PinNamePKc  mbed.ar(DigitalOut.LPC1768.o)
    0x00005f64   0x0000000e   Code   RO         1250    i._ZN4mbed10DigitalOutD0Ev  mbed.ar(DigitalOut.LPC1768.o)
    0x00005f72   0x00000004   Code   RO         1232    i._ZN4mbed10DigitalOutD1Ev  mbed.ar(DigitalOut.LPC1768.o)
    0x00005f76   0x0000000e   Code   RO          774    i._ZN4mbed10DigitalOutaSEi  cspeed.o
    0x00005f84   0x0000005c   Code   RO         1452    i._ZN4mbed10TimerEvent3irqEv  mbed.ar(TimerEvent.LPC1768.o)
    0x00005fe0   0x0000004c   Code   RO         1453    i._ZN4mbed10TimerEvent6insertEj  mbed.ar(TimerEvent.LPC1768.o)
    0x0000602c   0x00000040   Code   RO         1454    i._ZN4mbed10TimerEvent6removeEv  mbed.ar(TimerEvent.LPC1768.o)
    0x0000606c   0x00000004   Code   RO         1455    i._ZN4mbed10TimerEvent9timestampEv  mbed.ar(TimerEvent.LPC1768.o)
    0x00006070   0x00000028   Code   RO         1456    i._ZN4mbed10TimerEventC2Ev  mbed.ar(TimerEvent.LPC1768.o)
    0x00006098   0x00000048   Code   RO         1458    i._ZN4mbed10TimerEventD2Ev  mbed.ar(TimerEvent.LPC1768.o)
    0x000060e0   0x000000b8   Code   RO         1370    i._ZN4mbed11InterruptIn15setup_interruptEii  mbed.ar(InterruptIn.LPC1768.o)
    0x00006198   0x000000a8   Code   RO         1371    i._ZN4mbed11InterruptIn4_irqEv  mbed.ar(InterruptIn.LPC1768.o)
    0x00006240   0x00000006   Code   RO         1373    i._ZN4mbed11InterruptIn4modeE7PinMode  mbed.ar(InterruptIn.LPC1768.o)
    0x00006246   0x00000002   PAD
    0x00006248   0x00000034   Code   RO         1376    i._ZN4mbed11InterruptInC1E7PinNamePKc  mbed.ar(InterruptIn.LPC1768.o)
    0x0000627c   0x0000000e   Code   RO         1402    i._ZN4mbed11InterruptInD0Ev  mbed.ar(InterruptIn.LPC1768.o)
    0x0000628a   0x0000001a   Code   RO         1405    i._ZN4mbed15FunctionPointer4callEv  mbed.ar(FunctionPointer.LPC1768.o)
    0x000062a4   0x00000008   Code   RO         1406    i._ZN4mbed15FunctionPointer6attachEPFvvE  mbed.ar(FunctionPointer.LPC1768.o)
    0x000062ac   0x00000008   Code   RO         1407    i._ZN4mbed15FunctionPointerC1EPFvvE  mbed.ar(FunctionPointer.LPC1768.o)
    0x000062b4   0x00000014   Code   RO         1414    i._ZN4mbed3I2C4readEi  mbed.ar(I2C.LPC1768.o)
    0x000062c8   0x00000006   Code   RO         1416    i._ZN4mbed3I2C4stopEv  mbed.ar(I2C.LPC1768.o)
    0x000062ce   0x00000006   Code   RO         1417    i._ZN4mbed3I2C5startEv  mbed.ar(I2C.LPC1768.o)
    0x000062d4   0x00000006   Code   RO         1418    i._ZN4mbed3I2C5writeEi  mbed.ar(I2C.LPC1768.o)
    0x000062da   0x00000002   PAD
    0x000062dc   0x00000020   Code   RO         1421    i._ZN4mbed3I2C9frequencyEi  mbed.ar(I2C.LPC1768.o)
    0x000062fc   0x00000030   Code   RO         1422    i._ZN4mbed3I2CC1E7PinNameS1_PKc  mbed.ar(I2C.LPC1768.o)
    0x0000632c   0x0000000e   Code   RO         1449    i._ZN4mbed3I2CD0Ev  mbed.ar(I2C.LPC1768.o)
    0x0000633a   0x00000002   PAD
    0x0000633c   0x00000030   Code   RO         1274    i._ZN4mbed4Base5clearEPKcPc  mbed.ar(Base.LPC1768.o)
    0x0000636c   0x00000038   Code   RO         1275    i._ZN4mbed4Base6lookupEPKcj  mbed.ar(Base.LPC1768.o)
    0x000063a4   0x00000040   Code   RO         1278    i._ZN4mbed4Base9list_objsEPKcPc  mbed.ar(Base.LPC1768.o)
    0x000063e4   0x00000024   Code   RO         1279    i._ZN4mbed4BaseC1EPKc  mbed.ar(Base.LPC1768.o)
    0x00006408   0x00000034   Code   RO         1280    i._ZN4mbed4BaseD0Ev  mbed.ar(Base.LPC1768.o)
    0x0000643c   0x00000038   Code   RO         1281    i._ZN4mbed4BaseD1Ev  mbed.ar(Base.LPC1768.o)
    0x00006474   0x0000001c   Code   RO         1105    i._ZN4mbed5Timer4stopEv  mbed.ar(Timer.LPC1768.o)
    0x00006490   0x00000010   Code   RO         1106    i._ZN4mbed5Timer5resetEv  mbed.ar(Timer.LPC1768.o)
    0x000064a0   0x00000010   Code   RO         1107    i._ZN4mbed5Timer5startEv  mbed.ar(Timer.LPC1768.o)
    0x000064b0   0x0000001e   Code   RO         1108    i._ZN4mbed5Timer7read_msEv  mbed.ar(Timer.LPC1768.o)
    0x000064ce   0x00000016   Code   RO         1109    i._ZN4mbed5Timer7read_usEv  mbed.ar(Timer.LPC1768.o)
    0x000064e4   0x00000020   Code   RO         1111    i._ZN4mbed5TimerC1EPKc  mbed.ar(Timer.LPC1768.o)
    0x00006504   0x0000000e   Code   RO         1167    i._ZN4mbed5TimerD0Ev  mbed.ar(Timer.LPC1768.o)
    0x00006512   0x00000006   Code   RO         1018    i._ZN4mbed6PwmOut4readEv  mbed.ar(PwmOut.LPC1768.o)
    0x00006518   0x00000006   Code   RO         1021    i._ZN4mbed6PwmOut9period_msEi  mbed.ar(PwmOut.LPC1768.o)
    0x0000651e   0x00000002   PAD
    0x00006520   0x00000020   Code   RO         1023    i._ZN4mbed6PwmOutC1E7PinNamePKc  mbed.ar(PwmOut.LPC1768.o)
    0x00006540   0x0000000e   Code   RO         1091    i._ZN4mbed6PwmOutD0Ev  mbed.ar(PwmOut.LPC1768.o)
    0x0000654e   0x0000000e   Code   RO         1025    i._ZN4mbed6PwmOutaSEf  mbed.ar(PwmOut.LPC1768.o)
    0x0000655c   0x0000001e   Code   RO         1351    i._ZN4mbed6Ticker5setupEj  mbed.ar(Ticker.LPC1768.o)
    0x0000657a   0x00000002   PAD
    0x0000657c   0x00000030   Code   RO           21    i._ZN4mbed6Ticker6attachEPFvvEf  main.o
    0x000065ac   0x00000016   Code   RO         1352    i._ZN4mbed6Ticker6detachEv  mbed.ar(Ticker.LPC1768.o)
    0x000065c2   0x0000001a   Code   RO         1353    i._ZN4mbed6Ticker7handlerEv  mbed.ar(Ticker.LPC1768.o)
    0x000065dc   0x0000001c   Code   RO           54    i._ZN4mbed6TickerC1Ev  main.o
    0x000065f8   0x00000004   Code   RO         1362    i._ZN4mbed6TickerD1Ev  mbed.ar(Ticker.LPC1768.o)
    0x000065fc   0x00000006   Code   RO         1255    i._ZN4mbed7Timeout7handlerEv  mbed.ar(Timeout.LPC1768.o)
    0x00006602   0x00000006   Code   RO         1175    i._ZN4mbed8AnalogIn8read_u16Ev  mbed.ar(AnalogIn.LPC1768.o)
    0x00006608   0x00000020   Code   RO         1176    i._ZN4mbed8AnalogInC1E7PinNamePKc  mbed.ar(AnalogIn.LPC1768.o)
    0x00006628   0x0000000e   Code   RO         1210    i._ZN4mbed8AnalogInD0Ev  mbed.ar(AnalogIn.LPC1768.o)
    0x00006636   0x00000004   Code   RO           33    i._ZN6CServoD1Ev    main.o
    0x0000663a   0x0000001e   Code   RO           42    i._ZN6CSonarD1Ev    main.o
    0x00006658   0x0000001e   Code   RO           45    i._ZN6CSpeedD1Ev    main.o
    0x00006676   0x00000012   Code   RO           48    i._ZN8C2y0a700D1Ev  main.o
    0x00006688   0x00000020   Code   RO         2340    i._ZNKSt9type_infoeqERKS_  cpprt_w.l(type_info_eq.o)
    0x000066a8   0x00000008   Code   RO         1830    i._ZdaPv            cpprt_w.l(array_del.o)
    0x000066b0   0x00000008   Code   RO         1837    i._ZdlPv            cpprt_w.l(delete.o)
    0x000066b8   0x00000020   Code   RO         1872    i.__ARM_common_get_typeid  cpprt_w.l(rtti.o)
    0x000066d8   0x00000028   Code   RO         2634    i.__ARM_fpclassify  m_ws.l(fpclassify.o)
    0x00006700   0x00000026   Code   RO         2368    i.__ARM_fpclassifyf  m_ws.l(fpclassifyf.o)
    0x00006726   0x00000030   Code   RO         1875    i.__aeabi_atexit    cpprt_w.l(aeabi_atexit.o)
    0x00006756   0x00000042   Code   RO         2327    i.__cxa_finalize    cpprt_w.l(cxa_finalize.o)
    0x00006798   0x00000006   Code   RO         1844    i.__cxa_pure_virtual  cpprt_w.l(pure_virt.o)
    0x0000679e   0x00000002   PAD
    0x000067a0   0x0000006c   Code   RO         1852    i.__derived_to_base_conversion  cpprt_w.l(rtti.o)
    0x0000680c   0x000000a0   Code   RO         1853    i.__dynamic_cast    cpprt_w.l(rtti.o)
    0x000068ac   0x00000010   Code   RO         2727    i.__mathlib_dbl_underflow  m_ws.l(dunder.o)
    0x000068bc   0x0000000a   Code   RO         2370    i.__mathlib_flt_underflow  m_ws.l(funder.o)
    0x000068c6   0x00000010   Code   RO         2636    i.__mathlib_narrow  m_ws.l(narrow.o)
    0x000068d6   0x00000002   PAD
    0x000068d8   0x00000088   Code   RO         2637    i.__mathlib_tofloat  m_ws.l(narrow.o)
    0x00006960   0x00000016   Code   RO         2716    i.__support_ldexp   m_ws.l(ldexp.o)
    0x00006976   0x00000002   PAD
    0x00006978   0x0000000c   Code   RO          495    i.__user_setup_stackheap  stackheap.o
    0x00006984   0x0000002c   Code   RO         1568    i._sys_close        mbed.ar(stdio.LPC1768.o)
    0x000069b0   0x00000028   Code   RO         1571    i._sys_flen         mbed.ar(stdio.LPC1768.o)
    0x000069d8   0x00000028   Code   RO         1572    i._sys_istty        mbed.ar(stdio.LPC1768.o)
    0x00006a00   0x00000184   Code   RO         1573    i._sys_open         mbed.ar(stdio.LPC1768.o)
    0x00006b84   0x0000002c   Code   RO         1575    i._sys_seek         mbed.ar(stdio.LPC1768.o)
    0x00006bb0   0x00000054   Code   RO         1576    i._sys_write        mbed.ar(stdio.LPC1768.o)
    0x00006c04   0x00000048   Code   RO         1480    i.analogin_init     capi.ar(analogin_api.LPC1768.o)
    0x00006c4c   0x00000040   Code   RO         1482    i.analogin_read_u16  capi.ar(analogin_api.LPC1768.o)
    0x00006c8c   0x00000258   Code   RO         2045    i.atan2f            m_ws.l(atan2f.o)
    0x00006ee4   0x00000016   Code   RO         1695    i.exit              capi.ar(exit.LPC1768.o)
    0x00006efa   0x0000001a   Code   RO         2459    i.fputc             c_w.l(fputc.o)
    0x00006f14   0x00000058   Code   RO         2681    i.frexp             m_ws.l(frexp.o)
    0x00006f6c   0x00000030   Code   RO         1553    i.gpio_input        capi.ar(gpio_api.LPC1768.o)
    0x00006f9c   0x00000070   Code   RO         1544    i.gpio_irq_falling  capi.ar(gpio_irq_api.LPC1768.o)
    0x0000700c   0x00000070   Code   RO         1547    i.gpio_irq_rising   capi.ar(gpio_irq_api.LPC1768.o)
    0x0000707c   0x00000004   Code   RO         1554    i.gpio_mode         capi.ar(gpio_api.LPC1768.o)
    0x00007080   0x00000030   Code   RO         1555    i.gpio_output       capi.ar(gpio_api.LPC1768.o)
    0x000070b0   0x00000018   Code   RO         1557    i.gpio_write        capi.ar(gpio_api.LPC1768.o)
    0x000070c8   0x0000000a   Code   RO         1510    i.i2c_byte_read     capi.ar(i2c_api.LPC1768.o)
    0x000070d2   0x0000001c   Code   RO         1511    i.i2c_byte_write    capi.ar(i2c_api.LPC1768.o)
    0x000070ee   0x00000024   Code   RO         1512    i.i2c_do_read       capi.ar(i2c_api.LPC1768.o)
    0x00007112   0x0000001a   Code   RO         1513    i.i2c_do_write      capi.ar(i2c_api.LPC1768.o)
    0x0000712c   0x00000018   Code   RO         1514    i.i2c_frequency     capi.ar(i2c_api.LPC1768.o)
    0x00007144   0x000000d0   Code   RO         1515    i.i2c_init          capi.ar(i2c_api.LPC1768.o)
    0x00007214   0x00000022   Code   RO         1523    i.i2c_start         capi.ar(i2c_api.LPC1768.o)
    0x00007236   0x00000012   Code   RO         1524    i.i2c_stop          capi.ar(i2c_api.LPC1768.o)
    0x00007248   0x0000007e   Code   RO         2717    i.ldexp             m_ws.l(ldexp.o)
    0x000072c6   0x00000002   PAD
    0x000072c8   0x00000078   Code   RO         1734    i.mbed_die          capi.ar(utils_api.LPC1768.o)
    0x00007340   0x00000038   Code   RO         1697    i.pin_function      capi.ar(pinmap.LPC1768.o)
    0x00007378   0x00000068   Code   RO         1698    i.pin_mode          capi.ar(pinmap.LPC1768.o)
    0x000073e0   0x0000003c   Code   RO         1699    i.pinmap_merge      capi.ar(pinmap.LPC1768.o)
    0x0000741c   0x00000058   Code   RO         1700    i.pinmap_peripheral  capi.ar(pinmap.LPC1768.o)
    0x00007474   0x000000cc   Code   RO         1701    i.pinmap_pinout     capi.ar(pinmap.LPC1768.o)
    0x00007540   0x00000068   Code   RO         1489    i.pwmout_init       capi.ar(pwmout_api.LPC1768.o)
    0x000075a8   0x0000000a   Code   RO         1491    i.pwmout_period_ms  capi.ar(pwmout_api.LPC1768.o)
    0x000075b2   0x00000002   PAD
    0x000075b4   0x00000078   Code   RO         1492    i.pwmout_period_us  capi.ar(pwmout_api.LPC1768.o)
    0x0000762c   0x0000004c   Code   RO         1495    i.pwmout_pulsewidth_us  capi.ar(pwmout_api.LPC1768.o)
    0x00007678   0x00000034   Code   RO         1496    i.pwmout_read       capi.ar(pwmout_api.LPC1768.o)
    0x000076ac   0x00000050   Code   RO         1497    i.pwmout_write      capi.ar(pwmout_api.LPC1768.o)
    0x000076fc   0x0000000c   Code   RO         1709    i.semihost_exit     capi.ar(semihost_api.LPC1768.o)
    0x00007708   0x000001c8   Code   RO         1674    i.serial_baud       capi.ar(serial_api.LPC1768.o)
    0x000078d0   0x00000094   Code   RO         1676    i.serial_format     capi.ar(serial_api.LPC1768.o)
    0x00007964   0x000000e4   Code   RO         1679    i.serial_init       capi.ar(serial_api.LPC1768.o)
    0x00007a48   0x0000000c   Code   RO         1681    i.serial_putc       capi.ar(serial_api.LPC1768.o)
    0x00007a54   0x00000014   Code   RO         1661    i.timer_frequency   capi.ar(timer_api.LPC1768.o)
    0x00007a68   0x00000070   Code   RO         1662    i.timer_init        capi.ar(timer_api.LPC1768.o)
    0x00007ad8   0x00000004   Code   RO         1663    i.timer_read        capi.ar(timer_api.LPC1768.o)
    0x00007adc   0x0000000c   Code   RO         1664    i.timer_start       capi.ar(timer_api.LPC1768.o)
    0x00007ae8   0x00000038   Code   RO         1563    i.us_ticker_read    capi.ar(us_ticker_api.LPC1768.o)
    0x00007b20   0x00000030   Code   RO         1007    i.wait              capi.ar(wait_api.LPC1768.o)
    0x00007b50   0x0000001c   Code   RO         1008    i.wait_ms           capi.ar(wait_api.LPC1768.o)
    0x00007b6c   0x0000002c   Code   RO         2482    locale$$code        c_w.l(lc_ctype_c.o)
    0x00007b98   0x0000002c   Code   RO         2485    locale$$code        c_w.l(lc_numeric_c.o)
    0x00007bc4   0x00000020   Code   RO          780    t._ZN4mbed11InterruptIn4riseI6CSpeedEEvPT_MS3_FvvE  cspeed.o
    0x00007be4   0x00000012   Code   RO           27    t._ZN4mbed15FunctionPointer12membercallerI4CGpsEEvPvPc  main.o
    0x00007bf6   0x00000012   Code   RO          708    t._ZN4mbed15FunctionPointer12membercallerI6CSonarEEvPvPc  csrf05.o
    0x00007c08   0x00000012   Code   RO          786    t._ZN4mbed15FunctionPointer12membercallerI6CSpeedEEvPvPc  cspeed.o
    0x00007c1a   0x00000012   Code   RO          968    t._ZN4mbed15FunctionPointer12membercallerI8C2y0a700EEvPvPc  c2y0a700.o
    0x00007c2c   0x00000018   Code   RO          702    t._ZN4mbed15FunctionPointer6attachI6CSonarEEvPT_MS3_FvvE  csrf05.o
    0x00007c44   0x00000062   Code   RO         1978    x$fpl$d2f           fz_ws.l(d2f.o)
    0x00007ca6   0x00000002   PAD
    0x00007ca8   0x00000150   Code   RO         1980    x$fpl$dadd          fz_ws.l(daddsub_clz.o)
    0x00007df8   0x00000010   Code   RO         2343    x$fpl$dcheck1       fz_ws.l(dcheck1.o)
    0x00007e08   0x00000018   Code   RO         2711    x$fpl$dcmpinf       fz_ws.l(dcmpi.o)
    0x00007e20   0x000002b0   Code   RO         1987    x$fpl$ddiv          fz_ws.l(ddiv.o)
    0x000080d0   0x00000078   Code   RO         2674    x$fpl$deqf          fz_ws.l(deqf.o)
    0x00008148   0x0000005e   Code   RO         1990    x$fpl$dfix          fz_ws.l(dfix.o)
    0x000081a6   0x0000002e   Code   RO         1995    x$fpl$dflt          fz_ws.l(dflt_clz.o)
    0x000081d4   0x00000026   Code   RO         1994    x$fpl$dfltu         fz_ws.l(dflt_clz.o)
    0x000081fa   0x00000002   PAD
    0x000081fc   0x00000078   Code   RO         2713    x$fpl$dleqf         fz_ws.l(dleqf.o)
    0x00008274   0x00000154   Code   RO         2000    x$fpl$dmul          fz_ws.l(dmul.o)
    0x000083c8   0x0000009c   Code   RO         2345    x$fpl$dnaninf       fz_ws.l(dnaninf.o)
    0x00008464   0x0000000c   Code   RO         2347    x$fpl$dretinf       fz_ws.l(dretinf.o)
    0x00008470   0x0000006c   Code   RO         2676    x$fpl$drleqf        fz_ws.l(drleqf.o)
    0x000084dc   0x00000016   Code   RO         1981    x$fpl$drsb          fz_ws.l(daddsub_clz.o)
    0x000084f2   0x00000002   PAD
    0x000084f4   0x000001d4   Code   RO         1982    x$fpl$dsub          fz_ws.l(daddsub_clz.o)
    0x000086c8   0x00000056   Code   RO         2002    x$fpl$f2d           fz_ws.l(f2d.o)
    0x0000871e   0x00000002   PAD
    0x00008720   0x000000c4   Code   RO         2004    x$fpl$fadd          fz_ws.l(faddsub_clz.o)
    0x000087e4   0x0000000c   Code   RO         2349    x$fpl$fcheck1       fz_ws.l(fcheck1.o)
    0x000087f0   0x00000018   Code   RO         2351    x$fpl$fcmpinf       fz_ws.l(fcmpi.o)
    0x00008808   0x00000184   Code   RO         2011    x$fpl$fdiv          fz_ws.l(fdiv.o)
    0x0000898c   0x00000036   Code   RO         2014    x$fpl$ffix          fz_ws.l(ffix.o)
    0x000089c2   0x00000002   PAD
    0x000089c4   0x0000003e   Code   RO         2018    x$fpl$ffixu         fz_ws.l(ffixu.o)
    0x00008a02   0x00000002   PAD
    0x00008a04   0x00000030   Code   RO         2023    x$fpl$fflt          fz_ws.l(fflt_clz.o)
    0x00008a34   0x00000026   Code   RO         2022    x$fpl$ffltu         fz_ws.l(fflt_clz.o)
    0x00008a5a   0x00000002   PAD
    0x00008a5c   0x00000068   Code   RO         2028    x$fpl$fleqf         fz_ws.l(fleqf.o)
    0x00008ac4   0x00000102   Code   RO         2030    x$fpl$fmul          fz_ws.l(fmul.o)
    0x00008bc6   0x0000008c   Code   RO         2353    x$fpl$fnaninf       fz_ws.l(fnaninf.o)
    0x00008c52   0x0000000e   Code   RO         2678    x$fpl$fpinit        fz_ws.l(fpinit.o)
    0x00008c60   0x0000000a   Code   RO         2355    x$fpl$fretinf       fz_ws.l(fretinf.o)
    0x00008c6a   0x00000014   Code   RO         2005    x$fpl$frsb          fz_ws.l(faddsub_clz.o)
    0x00008c7e   0x00000002   PAD
    0x00008c80   0x000000ea   Code   RO         2006    x$fpl$fsub          fz_ws.l(faddsub_clz.o)
    0x00008d6a   0x00000004   Code   RO         2357    x$fpl$printf1       fz_ws.l(printf1.o)
    0x00008d6e   0x00000004   Code   RO         2359    x$fpl$printf2       fz_ws.l(printf2.o)
    0x00008d72   0x00000064   Code   RO         2528    x$fpl$retnan        fz_ws.l(retnan.o)
    0x00008dd6   0x00000060   Code   RO         2035    x$fpl$scalbn        fz_ws.l(scalbn.o)
    0x00008e36   0x00000050   Code   RO         2041    x$fpl$scalbnf       fz_ws.l(scalbnf.o)
    0x00008e86   0x00000004   Code   RO         2365    x$fpl$scanf1        fz_ws.l(scanf1.o)
    0x00008e8a   0x00000008   Code   RO         2626    x$fpl$scanf2        fz_ws.l(scanf2.o)
    0x00008e92   0x00000030   Code   RO         2632    x$fpl$trapveneer    fz_ws.l(trapv.o)
    0x00008ec2   0x00000000   Code   RO         2367    x$fpl$usenofp       fz_ws.l(usenofp.o)
    0x00008ec2   0x00000002   PAD
    0x00008ec4   0x00000008   Data   RO            5    .constdata          main.o
    0x00008ecc   0x00000018   Data   RO          685    .constdata          csrf05.o
    0x00008ee4   0x00000010   Data   RO          763    .constdata          cspeed.o
    0x00008ef4   0x00000018   Data   RO          956    .constdata          c2y0a700.o
    0x00008f0c   0x00000018   Data   RO         1301    .constdata          mbed.ar(Base.LPC1768.o)
    0x00008f24   0x0000006c   Data   RO         1483    .constdata          capi.ar(analogin_api.LPC1768.o)
    0x00008f90   0x000000b4   Data   RO         1498    .constdata          capi.ar(pwmout_api.LPC1768.o)
    0x00009044   0x00000098   Data   RO         1526    .constdata          capi.ar(i2c_api.LPC1768.o)
    0x000090dc   0x00000017   Data   RO         1627    .constdata          mbed.ar(stdio.LPC1768.o)
    0x000090f3   0x00000001   PAD
    0x000090f4   0x00000154   Data   RO         1684    .constdata          capi.ar(serial_api.LPC1768.o)
    0x00009248   0x00000011   Data   RO         1775    .constdata          c_w.l(__printf_flags_ss_wp.o)
    0x00009259   0x00000003   PAD
    0x0000925c   0x00000008   Data   RO         2160    .constdata          c_w.l(_printf_wctomb.o)
    0x00009264   0x00000028   Data   RO         2189    .constdata          c_w.l(_printf_hex_int_ll_ptr.o)
    0x0000928c   0x00000026   Data   RO         2440    .constdata          c_w.l(_printf_fp_hex.o)
    0x000092b2   0x00000002   PAD
    0x000092b4   0x00000094   Data   RO         2545    .constdata          c_w.l(bigflt0.o)
    0x00009348   0x0000000c   Data   RO         1962    .constdata__ZTIN10__cxxabiv117__class_type_infoE  cpprt_w.l(lib_rtti_impl.o)
    0x00009354   0x0000000c   Data   RO         1963    .constdata__ZTIN10__cxxabiv120__si_class_type_infoE  cpprt_w.l(lib_rtti_impl.o)
    0x00009360   0x0000000c   Data   RO         1964    .constdata__ZTIN10__cxxabiv121__vmi_class_type_infoE  cpprt_w.l(lib_rtti_impl.o)
    0x0000936c   0x0000000c   Data   RO         1253    .constdata__ZTIN4mbed10DigitalOutE  mbed.ar(DigitalOut.LPC1768.o)
    0x00009378   0x00000008   Data   RO         1657    .constdata__ZTIN4mbed10FileHandleE  mbed.ar(stdio.LPC1768.o)
    0x00009380   0x0000000c   Data   RO         1397    .constdata__ZTIN4mbed11InterruptInE  mbed.ar(InterruptIn.LPC1768.o)
    0x0000938c   0x0000000c   Data   RO         1349    .constdata__ZTIN4mbed14FileSystemLikeE  mbed.ar(Base.LPC1768.o)
    0x00009398   0x0000000c   Data   RO         1444    .constdata__ZTIN4mbed3I2CE  mbed.ar(I2C.LPC1768.o)
    0x000093a4   0x00000008   Data   RO         1326    .constdata__ZTIN4mbed4BaseE  mbed.ar(Base.LPC1768.o)
    0x000093ac   0x0000000c   Data   RO         1170    .constdata__ZTIN4mbed5TimerE  mbed.ar(Timer.LPC1768.o)
    0x000093b8   0x0000000c   Data   RO         1100    .constdata__ZTIN4mbed6PwmOutE  mbed.ar(PwmOut.LPC1768.o)
    0x000093c4   0x0000000c   Data   RO         1213    .constdata__ZTIN4mbed8AnalogInE  mbed.ar(AnalogIn.LPC1768.o)
    0x000093d0   0x00000020   Data   RO         1656    .constdata__ZTIN4mbed8FileLikeE  mbed.ar(stdio.LPC1768.o)
    0x000093f0   0x00000008   Data   RO         2338    .constdata__ZTISt9type_info  cpprt_w.l(type_info_dtor.o)
    0x000093f8   0x00000022   Data   RO         1972    .constdata__ZTSN10__cxxabiv117__class_type_infoE  cpprt_w.l(lib_rtti_impl.o)
    0x0000941a   0x00000025   Data   RO         1973    .constdata__ZTSN10__cxxabiv120__si_class_type_infoE  cpprt_w.l(lib_rtti_impl.o)
    0x0000943f   0x00000026   Data   RO         1974    .constdata__ZTSN10__cxxabiv121__vmi_class_type_infoE  cpprt_w.l(lib_rtti_impl.o)
    0x00009465   0x00000014   Data   RO         1254    .constdata__ZTSN4mbed10DigitalOutE  mbed.ar(DigitalOut.LPC1768.o)
    0x00009479   0x00000014   Data   RO         1659    .constdata__ZTSN4mbed10FileHandleE  mbed.ar(stdio.LPC1768.o)
    0x0000948d   0x00000015   Data   RO         1398    .constdata__ZTSN4mbed11InterruptInE  mbed.ar(InterruptIn.LPC1768.o)
    0x000094a2   0x00000018   Data   RO         1350    .constdata__ZTSN4mbed14FileSystemLikeE  mbed.ar(Base.LPC1768.o)
    0x000094ba   0x0000000c   Data   RO         1445    .constdata__ZTSN4mbed3I2CE  mbed.ar(I2C.LPC1768.o)
    0x000094c6   0x0000000d   Data   RO         1330    .constdata__ZTSN4mbed4BaseE  mbed.ar(Base.LPC1768.o)
    0x000094d3   0x0000000e   Data   RO         1171    .constdata__ZTSN4mbed5TimerE  mbed.ar(Timer.LPC1768.o)
    0x000094e1   0x0000000f   Data   RO         1101    .constdata__ZTSN4mbed6PwmOutE  mbed.ar(PwmOut.LPC1768.o)
    0x000094f0   0x00000011   Data   RO         1214    .constdata__ZTSN4mbed8AnalogInE  mbed.ar(AnalogIn.LPC1768.o)
    0x00009501   0x00000011   Data   RO         1658    .constdata__ZTSN4mbed8FileLikeE  mbed.ar(stdio.LPC1768.o)
    0x00009512   0x0000000d   Data   RO         2339    .constdata__ZTSSt9type_info  cpprt_w.l(type_info_dtor.o)
    0x0000951f   0x00000001   PAD
    0x00009520   0x00000010   Data   RO         1947    .constdata__ZTVN10__cxxabiv117__class_type_infoE  cpprt_w.l(lib_rtti_impl.o)
    0x00009530   0x00000010   Data   RO         1949    .constdata__ZTVN10__cxxabiv120__si_class_type_infoE  cpprt_w.l(lib_rtti_impl.o)
    0x00009540   0x00000010   Data   RO         1951    .constdata__ZTVN10__cxxabiv121__vmi_class_type_infoE  cpprt_w.l(lib_rtti_impl.o)
    0x00009550   0x00000018   Data   RO         1230    .constdata__ZTVN4mbed10DigitalOutE  mbed.ar(DigitalOut.LPC1768.o)
    0x00009568   0x00000014   Data   RO         1476    .constdata__ZTVN4mbed10TimerEventE  mbed.ar(TimerEvent.LPC1768.o)
    0x0000957c   0x00000018   Data   RO         1396    .constdata__ZTVN4mbed11InterruptInE  mbed.ar(InterruptIn.LPC1768.o)
    0x00009594   0x00000018   Data   RO         1443    .constdata__ZTVN4mbed3I2CE  mbed.ar(I2C.LPC1768.o)
    0x000095ac   0x00000018   Data   RO         1322    .constdata__ZTVN4mbed4BaseE  mbed.ar(Base.LPC1768.o)
    0x000095c4   0x00000018   Data   RO         1141    .constdata__ZTVN4mbed5TimerE  mbed.ar(Timer.LPC1768.o)
    0x000095dc   0x00000018   Data   RO         1061    .constdata__ZTVN4mbed6PwmOutE  mbed.ar(PwmOut.LPC1768.o)
    0x000095f4   0x00000014   Data   RO         1361    .constdata__ZTVN4mbed6TickerE  mbed.ar(Ticker.LPC1768.o)
    0x00009608   0x00000014   Data   RO         1259    .constdata__ZTVN4mbed7TimeoutE  mbed.ar(Timeout.LPC1768.o)
    0x0000961c   0x00000018   Data   RO         1196    .constdata__ZTVN4mbed8AnalogInE  mbed.ar(AnalogIn.LPC1768.o)
    0x00009634   0x0000000e   Data   RO         1303    .conststring        mbed.ar(Base.LPC1768.o)
    0x00009642   0x00000005   Data   RO         1304    .conststring        mbed.ar(Base.LPC1768.o)
    0x00009647   0x00000001   PAD
    0x00009648   0x00000020   Data   RO         2730    Region$$Table       anon$$obj.o
    0x00009668   0x00000008   Data   RO         2621    c$$dinf             fz_ws.l(fpconst.o)
    0x00009670   0x00000110   Data   RO         2481    locale$$data        c_w.l(lc_ctype_c.o)
    0x00009780   0x0000001c   Data   RO         2484    locale$$data        c_w.l(lc_numeric_c.o)
    0x0000979c   0x00000004   Data   RO            6    .init_array         main.o


    Execution Region RW_IRAM1 (Base: 0x10000000, Size: 0x00001634, Max: 0x00008000, ABSOLUTE, COMPRESSED[0x0000003c])

    Base Addr    Size         Type   Attr      Idx    E Section Name        Object

    0x10000000   0x000000c4   Data   RW          490    .ARM.__AT_0x10000000  cmsis_nvic.o
    0x100000c4   0x00000028   Data   RW          296    .data               pccomm.o
    0x100000ec   0x00000004   Data   RW          503    .data               system_LPC17xx.o
    0x100000f0   0x00000004   Data   RW          859    .data               cuart0.o
    0x100000f4   0x00000004   Data   RW          902    .data               cuart1.o
    0x100000f8   0x00000004   Data   RW          920    .data               cuart2.o
    0x100000fc   0x00000004   Data   RW          938    .data               cuart3.o
    0x10000100   0x00000008   Data   RW         1305    .data               mbed.ar(Base.LPC1768.o)
    0x10000108   0x0000000c   Data   RW         1306    .data               mbed.ar(Base.LPC1768.o)
    0x10000114   0x00000004   Data   RW         1432    .data               mbed.ar(I2C.LPC1768.o)
    0x10000118   0x00000004   Data   RW         1467    .data               mbed.ar(TimerEvent.LPC1768.o)
    0x1000011c   0x0000001c   Data   RW         1499    .data               capi.ar(pwmout_api.LPC1768.o)
    0x10000138   0x00000004   Data   RW         1564    .data               capi.ar(us_ticker_api.LPC1768.o)
    0x1000013c   0x00000004   Data   RW         1786    .data               c_w.l(stdio_streams.o)
    0x10000140   0x00000004   Data   RW         1787    .data               c_w.l(stdio_streams.o)
    0x10000144   0x00000004   Data   RW         1788    .data               c_w.l(stdio_streams.o)
    0x10000148   0x00000004   Data   RW         1795    .data               c_w.l(strtok.o)
    0x1000014c   0x00000004   Data   RW         2592    .data               c_w.l(heapauxa.o)
    0x10000150   0x000011cc   Zero   RW            4    .bss                main.o
    0x1000131c   0x00000100   Zero   RW          295    .bss                pccomm.o
    0x1000141c   0x000000c0   Zero   RW         1386    .bss                mbed.ar(InterruptIn.LPC1768.o)
    0x100014dc   0x00000040   Zero   RW         1626    .bss                mbed.ar(stdio.LPC1768.o)
    0x1000151c   0x00000050   Zero   RW         1783    .bss                c_w.l(stdio_streams.o)
    0x1000156c   0x00000050   Zero   RW         1784    .bss                c_w.l(stdio_streams.o)
    0x100015bc   0x00000050   Zero   RW         1785    .bss                c_w.l(stdio_streams.o)
    0x1000160c   0x00000004   Zero   RW         2070    .bss                c_w.l(rt_ddtor_pointer_addr.o)
    0x10001610   0x00000004   Zero   RW         2075    .bss                c_w.l(rt_errno_addr.o)
    0x10001614   0x00000004   Zero   RW         2404    .bss                c_w.l(rt_heap_descriptor.o)
    0x10001618   0x00000014   Zero   RW         2409    .bss                c_w.l(rt_locale.o)
    0x1000162c   0x00000004   Zero   RW         2643    .bss                c_w.l(rt_eh_globals_addr.o)
    0x10001630   0x00000004   Zero   RW         2685    .bss                c_w.l(rt_fp_status_addr.o)


    Execution Region RW_IRAM2 (Base: 0x2007c000, Size: 0x00000000, Max: 0x00004000, ABSOLUTE)

    **** No section assigned to this execution region ****


    Execution Region RW_IRAM3 (Base: 0x20080000, Size: 0x00000000, Max: 0x00004000, ABSOLUTE)

    **** No section assigned to this execution region ****


    Execution Region RW_IRAM4 (Base: 0x40038000, Size: 0x00000000, Max: 0x00000800, ABSOLUTE)

    **** No section assigned to this execution region ****


==============================================================================

Image component sizes


      Code (inc. data)   RO Data    RW Data    ZI Data      Debug   Object Name

       274         26         24          0          0       7060   c2y0a700.o
       354          0          0          0          0       4016   cbuffer.o
       292         12          0          0          0       8656   cdcompass.o
       432         88          0          0          0       8952   cgps.o
        56          4          0        196          0         80   cmsis_nvic.o
       540         38          0          0          0       4064   cnmea.o
       372         48          0          0          0       2616   cservo.o
       628         52         16          0          0      10296   cspeed.o
       358         14         24          0          0       8504   csrf05.o
       464         44          0          4          0      22507   cuart0.o
       508         44          0          4          0       3848   cuart1.o
       508         46          0          4          0       3848   cuart2.o
       540         44          0          4          0       3880   cuart3.o
       944        166         12          0       4556      51383   main.o
       884        336          0         40        256       1265   pccomm.o
        12          4          0          0          0         68   stackheap.o
        40         12        196          0          0        228   startup_LPC17xx.o
       120         10          0          4          0         68   system_LPC17xx.o

    ----------------------------------------------------------------------
      7328        988        304        256       4812     141339   Object Totals
         0          0         32          0          0          0   (incl. Generated)
         2          0          0          0          0          1   (incl. Padding)

    ----------------------------------------------------------------------

      Code (inc. data)   RO Data    RW Data    ZI Data      Debug   Library Member Name

        44          6          0          0          0         84   __2sprintf.o
        90          0          0          0          0          0   __dczerorl2.o
         8          0          0          0          0         68   __main.o
       412          4         17          0          0         92   __printf_flags_ss_wp.o
        52          8          0          0          0          0   __scatter.o
        28          0          0          0          0          0   __scatter_zi.o
        32          0          0          0          0         68   _chval.o
        60          0          0          0          0         92   _mbrtowc.o
         6          0          0          0          0          0   _printf_a.o
         6          0          0          0          0          0   _printf_c.o
        44          0          0          0          0        108   _printf_char.o
        48          6          0          0          0         96   _printf_char_common.o
        36          4          0          0          0         80   _printf_char_file.o
        42          0          0          0          0         68   _printf_charcount.o
         6          0          0          0          0          0   _printf_d.o
       120         18          0          0          0         92   _printf_dec.o
         6          0          0          0          0          0   _printf_e.o
         6          0          0          0          0          0   _printf_f.o
      1050          0          0          0          0        216   _printf_fp_dec.o
       756          8         38          0          0        100   _printf_fp_hex.o
       124         16          0          0          0         84   _printf_fp_infnan.o
         6          0          0          0          0          0   _printf_g.o
       156          6         40          0          0        160   _printf_hex_int_ll_ptr.o
         6          0          0          0          0          0   _printf_i.o
       180          0          0          0          0         88   _printf_intcommon.o
        10          0          0          0          0          0   _printf_l.o
         6          0          0          0          0          0   _printf_lc.o
        10          0          0          0          0          0   _printf_ll.o
         6          0          0          0          0          0   _printf_lld.o
         6          0          0          0          0          0   _printf_lli.o
         6          0          0          0          0          0   _printf_llo.o
         6          0          0          0          0          0   _printf_llu.o
         6          0          0          0          0          0   _printf_llx.o
       120         16          0          0          0         92   _printf_longlong_dec.o
         6          0          0          0          0          0   _printf_ls.o
         6          0          0          0          0          0   _printf_n.o
         6          0          0          0          0          0   _printf_o.o
       120          8          0          0          0        124   _printf_oct_int_ll.o
         6          0          0          0          0          0   _printf_p.o
        80          0          0          0          0        108   _printf_pad.o
         0          0          0          0          0          0   _printf_percent.o
         4          0          0          0          0          0   _printf_percent_end.o
         6          0          0          0          0          0   _printf_s.o
        82          0          0          0          0         80   _printf_str.o
        36          0          0          0          0         84   _printf_truncate.o
         6          0          0          0          0          0   _printf_u.o
        44          0          0          0          0        108   _printf_wchar.o
       188          6          8          0          0         92   _printf_wctomb.o
         6          0          0          0          0          0   _printf_x.o
        22          0          0          0          0        100   _rserrno.o
       904          4          0          0          0        100   _scanf.o
       334          0          0          0          0         96   _scanf_int.o
       358          0          0          0          0        100   _scanf_longlong.o
       284          0          0          0          0        100   _scanf_mbtowc.o
       216          0          0          0          0         96   _scanf_str.o
        30          0          0          0          0         76   _scanf_wcharmap.o
       232          0          0          0          0        100   _scanf_wctomb.o
       202          0          0          0          0         96   _scanf_wstr.o
        64          0          0          0          0         84   _sgetc.o
        10          0          0          0          0         68   _sputc.o
        64          0          0          0          0         92   _wcrtomb.o
        16          0          0          0          0         68   abort.o
       124         40          0          0          0         76   assert.o
        24          6          0          0          0         80   assert_stdio.o
       236          6        148          0          0         96   bigflt0.o
      2074        132          0          0          0        940   btod.o
        48         34          0          0          0         76   defsig_abrt_inner.o
        14          0          0          0          0         80   defsig_abrt_outer.o
        10          0          0          0          0         68   defsig_exit.o
        50          0          0          0          0         88   defsig_general.o
        48         34          0          0          0         76   defsig_pvfn_inner.o
        14          0          0          0          0         80   defsig_pvfn_outer.o
        76         56          0          0          0         76   defsig_rtmem_inner.o
        14          0          0          0          0         80   defsig_rtmem_outer.o
        52         38          0          0          0         76   defsig_rtred_inner.o
        14          0          0          0          0         80   defsig_rtred_outer.o
        76          0          0          0          0         88   fclose.o
         8          0          0          0          0         68   ferror.o
       100          4          0          0          0        120   fflush.o
       472          0          0          0          0         88   flsbuf.o
       236          4          0          0          0        128   fopen.o
        20          0          0          0          0         84   fprintf.o
        26          0          0          0          0         68   fputc.o
        34          0          0          0          0         80   fputs.o
       248          4          0          0          0         84   fseek.o
        70          0          0          0          0         76   ftell.o
        94          0          0          0          0         80   h1_alloc.o
        50          0          0          0          0         68   h1_extend.o
        78          0          0          0          0         80   h1_free.o
        14          0          0          0          0         84   h1_init.o
        76          4          0          4          0         96   heapauxa.o
         4          0          0          0          0        136   hguard.o
        36         10          0          0          0         80   init_aeabi.o
       138          0          0          0          0        168   init_alloc.o
       312         46          0          0          0        112   initio.o
        18          0          0          0          0         76   isspace.o
        44         10        272          0          0         76   lc_ctype_c.o
        44         10         28          0          0         76   lc_numeric_c.o
         6          0          0          0          0          0   libinit.o
        46          0          0          0          0          0   libinit2.o
         6          0          0          0          0          0   libshutdown2.o
        38          0          0          0          0         68   llshl.o
       138          0          0          0          0         80   lludiv10.o
       238          0          0          0          0        100   lludivv7m.o
         0          0          0          0          0         68   maybetermalloc1.o
        78          0          0          0          0         76   memcmp.o
        16          4          0          0          0         76   rt_ctype_table.o
         8          4          0          0          4         68   rt_ddtor_pointer_addr.o
         8          4          0          0          4         68   rt_eh_globals_addr.o
         8          4          0          0          4         68   rt_errno_addr.o
         8          4          0          0          4         68   rt_fp_status_addr.o
         8          4          0          0          4         68   rt_heap_descriptor.o
         8          4          0          0         20         68   rt_locale.o
        68          0          0          0          0         68   rt_memclr.o
        78          0          0          0          0         80   rt_memclr_w.o
       138          0          0          0          0         68   rt_memcpy_v6.o
       100          0          0          0          0         80   rt_memcpy_w.o
         0          0          0          0          0          0   rtentry.o
        12          0          0          0          0          0   rtentry2.o
         6          0          0          0          0          0   rtentry4.o
        48         10          0          0          0         84   scanf_char.o
      1188         10          0          0          0        148   scanf_fp.o
       780         14          0          0          0        100   scanf_hexfp.o
       316         18          0          0          0        100   scanf_infnan.o
        70          0          0          0          0         80   setvbuf.o
        44          6          0          0          0         84   sprintf.o
        60          8          0          0          0         84   sscanf.o
       240          6          0          0          0        156   stdio.o
         0          0          0         12        240          0   stdio_streams.o
       128          0          0          0          0         68   strcmpv7m.o
        32          0          0          0          0         80   strcspn.o
        62          0          0          0          0         76   strlen.o
       140          0          0          0          0         80   strncmp.o
        28          0          0          0          0         80   strspn.o
        12          6          0          4          0         68   strtok.o
        72          6          0          0          0         84   strtok_int.o
        12          4          0          0          0         68   sys_exit.o
        14          0          0          0          0         76   sys_wrch.o
         2          0          0          0          0         68   use_no_semi.o
       136         24        108          0          0        148   analogin_api.LPC1768.o
        22          0          0          0          0         84   exit.LPC1768.o
       124          0          0          0          0        296   gpio_api.LPC1768.o
       224         48          0          0          0        136   gpio_irq_api.LPC1768.o
       384         54        152          0          0        572   i2c_api.LPC1768.o
       512         98          0          0          0        412   pinmap.LPC1768.o
       442         62        180         28          0        472   pwmout_api.LPC1768.o
        12          0          0          0          0         72   semihost_api.LPC1768.o
       844        106        340          0          0        324   serial_api.LPC1768.o
       148         18          0          0          0        272   timer_api.LPC1768.o
        56         12          0          4          0         84   us_ticker_api.LPC1768.o
       120          6          0          0          0         84   utils_api.LPC1768.o
        76          8          0          0          0        160   wait_api.LPC1768.o
        48          0          0          0          0         84   aeabi_atexit.o
         4          0          0          0          0         68   arm_bad_typeid_noexceptions.o
        80         14          0          0          0         96   arm_exceptions_globs.o
        60          0          0          0          0        108   arm_exceptions_mem.o
        26          0          0          0          0         76   arm_exceptions_terminate.o
         8          0          0          0          0         76   array_del.o
        66          0          0          0          0         84   cxa_finalize.o
         8          0          0          0          0         76   delete.o
         0          0        193          0          0          0   lib_rtti_impl.o
         6          0          0          0          0         68   pure_virt.o
      1252         40          0          0          0        716   rtti.o
         0          0         21          0          0          0   type_info_dtor.o
        32          0          0          0          0         80   type_info_eq.o
        98          4          0          0          0         92   d2f.o
       826         16          0          0          0        356   daddsub_clz.o
        16          4          0          0          0         68   dcheck1.o
        24          0          0          0          0         68   dcmpi.o
       688        140          0          0          0        212   ddiv.o
       120          4          0          0          0         92   deqf.o
        94          4          0          0          0         92   dfix.o
        84          0          0          0          0        136   dflt_clz.o
       120          4          0          0          0         92   dleqf.o
       340         12          0          0          0        104   dmul.o
       156          4          0          0          0         92   dnaninf.o
        12          0          0          0          0         68   dretinf.o
       108          0          0          0          0         80   drleqf.o
        86          4          0          0          0         84   f2d.o
       450          8          0          0          0        236   faddsub_clz.o
        12          4          0          0          0         68   fcheck1.o
        24          0          0          0          0         68   fcmpi.o
       388         76          0          0          0         96   fdiv.o
        54          4          0          0          0         84   ffix.o
        62          4          0          0          0         84   ffixu.o
        86          0          0          0          0        136   fflt_clz.o
       104          4          0          0          0         84   fleqf.o
       258          4          0          0          0         84   fmul.o
       140          4          0          0          0         84   fnaninf.o
         0          0          8          0          0          0   fpconst.o
        14          0          0          0          0         76   fpinit.o
        10          0          0          0          0         68   fretinf.o
         4          0          0          0          0         68   printf1.o
         4          0          0          0          0         68   printf2.o
       100          0          0          0          0         68   retnan.o
        96          0          0          0          0         68   scalbn.o
        80          0          0          0          0         68   scalbnf.o
         4          0          0          0          0         68   scanf1.o
         8          0          0          0          0         84   scanf2.o
        48          0          0          0          0         68   trapv.o
         0          0          0          0          0          0   usenofp.o
       600         78          0          0          0        116   atan2f.o
        16          6          0          0          0         68   dunder.o
        40          0          0          0          0         68   fpclassify.o
        38          0          0          0          0         68   fpclassifyf.o
        88          8          0          0          0         76   frexp.o
        10          0          0          0          0         68   funder.o
       148          0          0          0          0        160   ldexp.o
       152          4          0          0          0        160   narrow.o
        52          4         53          0          0        228   AnalogIn.LPC1768.o
       312         46        124         20          0        444   Base.LPC1768.o
        92          4         56          0          0        296   DigitalOut.LPC1768.o
        42          0          0          0          0        204   FunctionPointer.LPC1768.o
       132         14         48          4          0        512   I2C.LPC1768.o
       424        110         57          0        192        412   InterruptIn.LPC1768.o
        72          4         51          0          0        372   PwmOut.LPC1768.o
        82          0         20          0          0        312   Ticker.LPC1768.o
         6          0         20          0          0         68   Timeout.LPC1768.o
       158          6         50          0          0        536   Timer.LPC1768.o
       348         58         20          4          0        440   TimerEvent.LPC1768.o
       640         68        100          0         64        448   stdio.LPC1768.o

    ----------------------------------------------------------------------
     29024       1870       2160         80        536      23172   Library Totals
        72          2          8          0          0          0   (incl. Padding)

    ----------------------------------------------------------------------

      Code (inc. data)   RO Data    RW Data    ZI Data      Debug   Library Name

     16092        664        551         20        280      10104   c_w.l
      3100        436        780         32          0       3116   capi.ar
      1590         54        214          0          0       1532   cpprt_w.l
      4718        304          8          0          0       3364   fz_ws.l
      1092         96          0          0          0        784   m_ws.l
      2360        314        599         28        256       4272   mbed.ar

    ----------------------------------------------------------------------
     29024       1870       2160         80        536      23172   Library Totals

    ----------------------------------------------------------------------

==============================================================================


      Code (inc. data)   RO Data    RW Data    ZI Data      Debug   

     36352       2858       2464        336       5348     148012   Grand Totals
     36352       2858       2464         60       5348     148012   ELF Image Totals (compressed)
     36352       2858       2464         60          0          0   ROM Totals

==============================================================================

    Total RO  Size (Code + RO Data)                38816 (  37.91kB)
    Total RW  Size (RW Data + ZI Data)              5684 (   5.55kB)
    Total ROM Size (Code + RO Data + RW Data)      38876 (  37.96kB)

==============================================================================

