<html>
<body>
<pre>
<h1>µVision Build Log</h1>
<h2>Project:</h2>
C:\Embedded Design\Arm Projects\Cortex M3\Projects\GPSbot\GPSbot.uvproj
Project File Date:  11/26/2010

<h2>Output:</h2>
Build target 'GPSbot'
compiling main.cpp...
compiling pccomm.cpp...
compiling C2y0a700.cpp...
linking...
Program Size: Code=36260 RO-data=2464 RW-data=336 ZI-data=5388  
User command #1: fromelf --bin --output=E:/GPSbot.bin ./Output/GPSbot.axf
".\Output\GPSbot.axf" - 0 Error(s), 0 Warning(s).
Build target 'GPSbot'
compiling main.cpp...
compiling pccomm.cpp...
compiling C2y0a700.cpp...
linking...
Program Size: Code=36292 RO-data=2464 RW-data=336 ZI-data=5388  
User command #1: fromelf --bin --output=E:/GPSbot.bin ./Output/GPSbot.axf
".\Output\GPSbot.axf" - 0 Error(s), 0 Warning(s).
Build target 'GPSbot'
compiling main.cpp...
compiling pccomm.cpp...
compiling C2y0a700.cpp...
linking...
Program Size: Code=36292 RO-data=2464 RW-data=336 ZI-data=5388  
User command #1: fromelf --bin --output=E:/GPSbot.bin ./Output/GPSbot.axf
".\Output\GPSbot.axf" - 0 Error(s), 0 Warning(s).
