<html>
<body>
<pre>
<h1>µVision Build Log</h1>
<h2>Project:</h2>
C:\Embedded Design\Arm Projects\Cortex M3\Projects\GPSbot\GPSbot.uvproj
Project File Date:  11/26/2010

<h2>Output:</h2>
Build target 'GPSbot'
compiling CNmea.cpp...
linking...
Program Size: Code=37352 RO-data=2436 RW-data=300 ZI-data=12596  
User command #1: fromelf --bin --output=E:/GPSbot.bin ./Output/GPSbot.axf
".\Output\GPSbot.axf" - 0 Error(s), 0 Warning(s).
Build target 'GPSbot'
compiling CNmea.cpp...
linking...
Program Size: Code=37556 RO-data=2436 RW-data=300 ZI-data=12596  
User command #1: fromelf --bin --output=E:/GPSbot.bin ./Output/GPSbot.axf
".\Output\GPSbot.axf" - 0 Error(s), 0 Warning(s).
Build target 'GPSbot'
compiling pccomm.cpp...
compiling CNmea.cpp...
linking...
Program Size: Code=37544 RO-data=2436 RW-data=300 ZI-data=12596  
User command #1: fromelf --bin --output=E:/GPSbot.bin ./Output/GPSbot.axf
".\Output\GPSbot.axf" - 0 Error(s), 0 Warning(s).
Build target 'GPSbot'
compiling main.cpp...
compiling pccomm.cpp...
compiling cdcompass.cpp...
Source\Resources\compass\cdcompass.cpp(35): error:  #135: class "mbed::Timer" has no member "attach_ms"
Source\Resources\compass\cdcompass.cpp(36): error:  #65: expected a ";"
Source\Resources\compass\cdcompass.cpp(40): error:  #135: class "mbed::Timer" has no member "Detach"
compiling CGps.cpp...
compiling CNmea.cpp...
Target not created
Build target 'GPSbot'
compiling main.cpp...
compiling pccomm.cpp...
compiling cdcompass.cpp...
Source\Resources\compass\cdcompass.cpp(36): error:  #65: expected a ";"
Source\Resources\compass\cdcompass.cpp(40): error:  #135: class "mbed::Ticker" has no member "Detach"
compiling CGps.cpp...
compiling CNmea.cpp...
Target not created
Build target 'GPSbot'
compiling cdcompass.cpp...
Source\Resources\compass\cdcompass.cpp(40): error:  #135: class "mbed::Ticker" has no member "Detach"
Target not created
Build target 'GPSbot'
compiling cdcompass.cpp...
linking...
Program Size: Code=37640 RO-data=2444 RW-data=300 ZI-data=12640  
User command #1: fromelf --bin --output=E:/GPSbot.bin ./Output/GPSbot.axf
".\Output\GPSbot.axf" - 0 Error(s), 0 Warning(s).
Build target 'GPSbot'
compiling main.cpp...
linking...
Program Size: Code=37476 RO-data=2444 RW-data=300 ZI-data=12640  
User command #1: fromelf --bin --output=E:/GPSbot.bin ./Output/GPSbot.axf
".\Output\GPSbot.axf" - 0 Error(s), 0 Warning(s).
Build target 'GPSbot'
compiling main.cpp...
linking...
Program Size: Code=37484 RO-data=2444 RW-data=300 ZI-data=12640  
User command #1: fromelf --bin --output=E:/GPSbot.bin ./Output/GPSbot.axf
".\Output\GPSbot.axf" - 0 Error(s), 0 Warning(s).
Build target 'GPSbot'
compiling main.cpp...
compiling pccomm.cpp...
compiling CGps.cpp...
compiling CNmea.cpp...
compiling CServo.cpp...
Source\Resources\servo\CServo.cpp(97): error:  #304: no instance of overloaded function "mbed::Ticker::attach_us" matches the argument list
Target not created
Build target 'GPSbot'
compiling CServo.cpp...
linking...
Program Size: Code=37700 RO-data=2452 RW-data=300 ZI-data=12736  
User command #1: fromelf --bin --output=E:/GPSbot.bin ./Output/GPSbot.axf
".\Output\GPSbot.axf" - 0 Error(s), 0 Warning(s).
Build target 'GPSbot'
compiling pccomm.cpp...
linking...
Program Size: Code=37704 RO-data=2452 RW-data=300 ZI-data=12736  
User command #1: fromelf --bin --output=E:/GPSbot.bin ./Output/GPSbot.axf
".\Output\GPSbot.axf" - 0 Error(s), 0 Warning(s).
Build target 'GPSbot'
compiling CServo.cpp...
linking...
Program Size: Code=37704 RO-data=2452 RW-data=300 ZI-data=12736  
User command #1: fromelf --bin --output=E:/GPSbot.bin ./Output/GPSbot.axf
".\Output\GPSbot.axf" - 0 Error(s), 0 Warning(s).
Build target 'GPSbot'
compiling CServo.cpp...
linking...
Program Size: Code=37700 RO-data=2452 RW-data=300 ZI-data=12736  
User command #1: fromelf --bin --output=E:/GPSbot.bin ./Output/GPSbot.axf
".\Output\GPSbot.axf" - 0 Error(s), 0 Warning(s).
Build target 'GPSbot'
compiling CServo.cpp...
linking...
Program Size: Code=37704 RO-data=2452 RW-data=300 ZI-data=12736  
User command #1: fromelf --bin --output=E:/GPSbot.bin ./Output/GPSbot.axf
".\Output\GPSbot.axf" - 0 Error(s), 0 Warning(s).
Build target 'GPSbot'
compiling CServo.cpp...
linking...
Program Size: Code=37704 RO-data=2452 RW-data=300 ZI-data=12736  
User command #1: fromelf --bin --output=E:/GPSbot.bin ./Output/GPSbot.axf
".\Output\GPSbot.axf" - 0 Error(s), 0 Warning(s).
Build target 'GPSbot'
compiling CServo.cpp...
linking...
Program Size: Code=37704 RO-data=2452 RW-data=300 ZI-data=12736  
User command #1: fromelf --bin --output=E:/GPSbot.bin ./Output/GPSbot.axf
".\Output\GPSbot.axf" - 0 Error(s), 0 Warning(s).
Build target 'GPSbot'
compiling CServo.cpp...
linking...
Program Size: Code=37704 RO-data=2452 RW-data=300 ZI-data=12736  
User command #1: fromelf --bin --output=E:/GPSbot.bin ./Output/GPSbot.axf
".\Output\GPSbot.axf" - 0 Error(s), 0 Warning(s).
Build target 'GPSbot'
compiling pccomm.cpp...
linking...
Program Size: Code=37700 RO-data=2452 RW-data=300 ZI-data=12736  
User command #1: fromelf --bin --output=E:/GPSbot.bin ./Output/GPSbot.axf
".\Output\GPSbot.axf" - 0 Error(s), 0 Warning(s).
Build target 'GPSbot'
compiling main.cpp...
linking...
Program Size: Code=37700 RO-data=2452 RW-data=300 ZI-data=12736  
User command #1: fromelf --bin --output=E:/GPSbot.bin ./Output/GPSbot.axf
".\Output\GPSbot.axf" - 0 Error(s), 0 Warning(s).
Build target 'GPSbot'
compiling pccomm.cpp...
linking...
Program Size: Code=37708 RO-data=2452 RW-data=300 ZI-data=12736  
User command #1: fromelf --bin --output=E:/GPSbot.bin ./Output/GPSbot.axf
".\Output\GPSbot.axf" - 0 Error(s), 0 Warning(s).
